data/simulated_product_sales.csv
date,product_id,base_price,price,competitor_price,discount_pct,seasonality,demand,revenue,true_elasticity
2023-01-01,P1,124.94481426168349,124.94481426168349,117.75428032431248,0.0,0.9249903641091327,50,6247.240713084175,-1.153923631610765
2023-01-02,P1,124.94481426168349,124.94481426168349,121.19488397111631,0.0,1.0068843223245492,58,7246.799227177642,-1.153923631610765
2023-01-03,P1,124.94481426168349,124.94481426168349,121.18580821643204,0.0,1.089314239310447,68,8496.247369794477,-1.153923631610765
2023-01-04,P1,124.94481426168349,99.95585140934679,121.61098172783004,0.2,1.112594824704955,99,9895.629289525332,-1.153923631610765
2023-01-05,P1,124.94481426168349,124.94481426168349,130.08345032491476,0.0,1.0613273082254189,49,6122.295898822491,-1.153923631610765
2023-01-06,P1,124.94481426168349,124.94481426168349,142.30160460856263,0.0,0.9763372825777741,58,7246.799227177642,-1.153923631610765
2023-01-07,P1,124.94481426168349,124.94481426168349,129.55819274548287,0.0,0.9242049341968644,49,6122.295898822491,-1.153923631610765
2023-01-08,P1,124.94481426168349,124.94481426168349,118.64081522476009,0.0,0.947126028857596,42,5247.682198990707,-1.153923631610765
2023-01-09,P1,124.94481426168349,124.94481426168349,122.06709297771845,0.0,1.0308617641328561,60,7496.68885570101,-1.153923631610765
2023-01-10,P1,124.94481426168349,112.45033283551514,117.88198187560566,0.1,1.1151202245401388,77,8658.675628334666,-1.153923631610765
2023-01-11,P1,124.94481426168349,124.94481426168349,120.71591958178972,0.0,1.1388082826517179,64,7996.468112747743,-1.153923631610765
2023-01-12,P1,124.94481426168349,118.69757354859931,128.58147548482913,0.05,1.0861891040317362,71,8427.527721950551,-1.153923631610765
2023-01-13,P1,124.94481426168349,112.45033283551514,119.70202038347335,0.1,0.9990701659720198,66,7421.721967143999,-1.153923631610765
2023-01-14,P1,124.94481426168349,124.94481426168349,115.52301762965064,0.0,0.9455879871538707,55,6871.964784392592,-1.153923631610765
2023-01-15,P1,124.94481426168349,118.69757354859931,118.0332733697641,0.05,0.9688946458709589,51,6053.5762509785645,-1.153923631610765
2023-01-16,P1,124.94481426168349,124.94481426168349,130.159982191796,0.0,1.0543916315068211,57,7121.854412915959,-1.153923631610765
2023-01-17,P1,124.94481426168349,112.45033283551514,127.204041560679,0.1,1.1403905277862254,73,8208.874296992606,-1.153923631610765
2023-01-18,P1,124.94481426168349,124.94481426168349,134.28715201003774,0.0,1.164422560408122,63,7871.5232984860595,-1.153923631610765
2023-01-19,P1,124.94481426168349,124.94481426168349,108.5786359895111,0.0,1.110430179891831,63,7871.5232984860595,-1.153923631610765
2023-01-20,P1,124.94481426168349,124.94481426168349,116.08153863506443,0.0,1.0211872920527931,59,7371.744041439326,-1.153923631610765
2023-01-21,P1,124.94481426168349,124.94481426168349,123.57247110046492,0.0,0.9663462587494526,53,6622.075155869225,-1.153923631610765
2023-01-22,P1,124.94481426168349,124.94481426168349,120.01412749750108,0.0,0.989980514581871,56,6996.909598654275,-1.153923631610765
2023-01-23,P1,124.94481426168349,99.95585140934679,119.89396010942106,0.2,1.0771326812487214,91,9095.982478250558,-1.153923631610765
2023-01-24,P1,124.94481426168349,112.45033283551514,128.07748269389336,0.1,1.164758665083878,89,10008.079622360847,-1.153923631610765
2023-01-25,P1,124.94481426168349,112.45033283551514,121.63527474853828,0.1,1.1890661855000546,86,9670.728623854302,-1.153923631610765
2023-01-26,P1,124.94481426168349,112.45033283551514,133.51516723513416,0.1,1.133698978267734,79,8883.576294005696,-1.153923631610765
2023-01-27,P1,124.94481426168349,124.94481426168349,120.55891959086618,0.0,1.0423679059807958,53,6622.075155869225,-1.153923631610765
2023-01-28,P1,124.94481426168349,112.45033283551514,132.9021347910434,0.1,0.9861787010063351,66,7421.721967143999,-1.153923631610765
2023-01-29,P1,124.94481426168349,124.94481426168349,124.97675925620486,0.0,1.010077836017848,52,6497.130341607542,-1.153923631610765
2023-01-30,P1,124.94481426168349,124.94481426168349,122.4739277826765,0.0,1.0987551100319954,56,6996.909598654275,-1.153923631610765
2023-01-31,P1,124.94481426168349,124.94481426168349,123.93722359732485,0.0,1.1878712361796298,65,8121.412927009427,-1.153923631610765
2023-02-01,P1,124.94481426168349,99.95585140934679,119.05331137307559,0.2,1.212381762397138,123,12294.569723349656,-1.153923631610765
2023-02-02,P1,124.94481426168349,124.94481426168349,112.95778860637331,0.0,1.155658042129248,61,7621.633669962693,-1.153923631610765
2023-02-03,P1,124.94481426168349,124.94481426168349,125.5842048709976,0.0,1.0623048347358133,53,6622.075155869225,-1.153923631610765
2023-02-04,P1,124.94481426168349,124.94481426168349,123.7430890108947,0.0,1.0047976928382278,54,6747.019970130908,-1.153923631610765
2023-02-05,P1,124.94481426168349,124.94481426168349,127.06775762430982,0.0,1.0288951476677128,54,6747.019970130908,-1.153923631610765
2023-02-06,P1,124.94481426168349,124.94481426168349,132.08430347636315,0.0,1.1189453373921527,63,7871.5232984860595,-1.153923631610765
2023-02-07,P1,124.94481426168349,118.69757354859931,119.9356027138248,0.05,1.2093930497380205,83,9851.898604533742,-1.153923631610765
2023-02-08,P1,124.94481426168349,124.94481426168349,128.61105179083478,0.0,1.234031155661095,79,9870.640326672996,-1.153923631610765
2023-02-09,P1,124.94481426168349,124.94481426168349,121.86222276970469,0.0,1.1759889089431173,68,8496.247369794477,-1.153923631610765
2023-02-10,P1,124.94481426168349,118.69757354859931,125.56736032677341,0.05,1.0807089419103597,62,7359.249560013157,-1.153923631610765
2023-02-11,P1,124.94481426168349,124.94481426168349,125.00194119068578,0.0,1.02193321129047,52,6497.130341607542,-1.153923631610765
2023-02-12,P1,124.94481426168349,118.69757354859931,118.30834725163325,0.05,1.0461595504327208,66,7834.0398542075545,-1.153923631610765
2023-02-13,P1,124.94481426168349,124.94481426168349,128.8215283408714,0.0,1.1374105534447334,59,7371.744041439326,-1.153923631610765
2023-02-14,P1,124.94481426168349,99.95585140934679,120.05164240514333,0.2,1.2290119844724003,106,10595.32024939076,-1.153923631610765
2023-02-15,P1,124.94481426168349,118.69757354859931,122.71614221251416,0.05,1.253700393773568,80,9495.805883887944,-1.153923631610765
2023-02-16,P1,124.94481426168349,124.94481426168349,126.36581122573787,0.0,1.1943967291934574,71,8871.081812579529,-1.153923631610765
2023-02-17,P1,124.94481426168349,112.45033283551514,122.91764113890714,0.1,1.097313320926355,74,8321.324629828121,-1.153923631610765
2023-02-18,P1,124.94481426168349,124.94481426168349,126.56836463454232,0.0,1.0373367475628068,59,7371.744041439326,-1.153923631610765
2023-02-19,P1,124.94481426168349,112.45033283551514,133.06245894220848,0.1,1.0616206663607712,66,7421.721967143999,-1.153923631610765
2023-02-20,P1,124.94481426168349,118.69757354859931,126.50970339470075,0.05,1.1538829653767877,72,8546.22529549915,-1.153923631610765
2023-02-21,P1,124.94481426168349,124.94481426168349,126.35849155179021,0.0,1.2464435157010845,71,8871.081812579529,-1.153923631610765
2023-02-22,P1,124.94481426168349,124.94481426168349,126.7757085487593,0.0,1.2711042225253613,62,7746.578484224377,-1.153923631610765
2023-02-23,P1,124.94481426168349,118.69757354859931,126.03703817218775,0.05,1.210614542453102,64,7596.644707110356,-1.153923631610765
2023-02-24,P1,124.94481426168349,118.69757354859931,117.50245455231953,0.05,1.1118771658624753,71,8427.527721950551,-1.153923631610765
2023-02-25,P1,124.94481426168349,118.69757354859931,120.25201557709185,0.05,1.0507849110219516,56,6647.0641187215615,-1.153923631610765
2023-02-26,P1,124.94481426168349,118.69757354859931,130.96325683831205,0.05,1.0750542697664494,67,7952.737427756154,-1.153923631610765
2023-02-27,P1,124.94481426168349,124.94481426168349,119.52445152001961,0.0,1.1681236811268956,62,7746.578484224377,-1.153923631610765
2023-02-28,P1,124.94481426168349,99.95585140934679,119.38780350205107,0.2,1.2614348416822214,103,10295.45269516272,-1.153923631610765
2023-03-01,P1,124.94481426168349,118.69757354859931,130.4340994254518,0.05,1.2859902419313196,75,8902.318016144947,-1.153923631610765
2023-03-02,P1,124.94481426168349,124.94481426168349,125.02604020997028,0.0,1.2244071489919024,74,9245.916255364578,-1.153923631610765
2023-03-03,P1,124.94481426168349,118.69757354859931,116.1586620174509,0.05,1.124189263755292,67,7952.737427756154,-1.153923631610765
2023-03-04,P1,124.94481426168349,99.95585140934679,118.2546910484597,0.2,1.062082668936553,99,9895.629289525332,-1.153923631610765
2023-03-05,P1,124.94481426168349,99.95585140934679,124.16932934804959,0.2,1.0862655390763807,104,10395.408546572067,-1.153923631610765
2023-03-06,P1,124.94481426168349,112.45033283551514,119.65469007058262,0.1,1.1799261739304487,69,7759.072965650545,-1.153923631610765
2023-03-07,P1,124.94481426168349,124.94481426168349,119.15957811993158,0.0,1.2737685498849796,64,7996.468112747743,-1.153923631610765
2023-03-08,P1,124.94481426168349,124.94481426168349,126.0267171923906,0.0,1.2981425666750193,71,8871.081812579529,-1.153923631610765
2023-03-09,P1,124.94481426168349,99.95585140934679,126.38763776250467,0.2,1.2355745207737707,101,10095.540992344026,-1.153923631610765
2023-03-10,P1,124.94481426168349,112.45033283551514,125.3084581374158,0.1,1.1340710577269086,69,7759.072965650545,-1.153923631610765
2023-03-11,P1,124.94481426168349,118.69757354859931,130.39520166503442,0.05,1.0710661749501227,71,8427.527721950551,-1.153923631610765
2023-03-12,P1,124.94481426168349,112.45033283551514,116.33818209701302,0.1,1.0950918822398308,68,7646.62263281503,-1.153923631610765
2023-03-13,P1,124.94481426168349,99.95585140934679,126.84678119840332,0.2,1.1891192774854284,108,10795.231952209453,-1.153923631610765
2023-03-14,P1,124.94481426168349,112.45033283551514,128.16244113675444,0.1,1.283265770026752,122,13718.940605932847,-1.153923631610765
2023-03-15,P1,124.94481426168349,112.45033283551514,133.25915027807423,0.1,1.3073849569974596,99,11132.582950716,-1.153923631610765
2023-03-16,P1,124.94481426168349,124.94481426168349,122.97525140098303,0.0,1.2439547023742912,71,8871.081812579529,-1.153923631610765
2023-03-17,P1,124.94481426168349,124.94481426168349,125.97575140461923,0.0,1.1413792365159183,55,6871.964784392592,-1.153923631610765
2023-03-18,P1,124.94481426168349,124.94481426168349,139.4050434962953,0.0,1.0776051452718471,46,5747.46145603744,-1.153923631610765
2023-03-19,P1,124.94481426168349,124.94481426168349,122.35513429018349,0.0,1.1014052947288766,58,7246.799227177642,-1.153923631610765
2023-03-20,P1,124.94481426168349,124.94481426168349,121.99654229592196,0.0,1.1955696683011314,70,8746.136998317845,-1.153923631610765
2023-03-21,P1,124.94481426168349,124.94481426168349,134.69288460725684,0.0,1.2897887681492832,69,8621.19218405616,-1.153923631610765
2023-03-22,P1,124.94481426168349,124.94481426168349,120.38203810454203,0.0,1.3135833746238765,71,8871.081812579529,-1.153923631610765
2023-03-23,P1,124.94481426168349,118.69757354859931,139.8696969597277,0.05,1.249426159748184,89,10564.084045825339,-1.153923631610765
2023-03-24,P1,124.94481426168349,112.45033283551514,112.29326104451549,0.1,1.1460078128568654,80,8996.02662684121,-1.153923631610765
2023-03-25,P1,124.94481426168349,124.94481426168349,122.16792360988264,0.0,1.0816047481244389,47,5872.406270299124,-1.153923631610765
2023-03-26,P1,124.94481426168349,124.94481426168349,128.0995913505198,0.0,1.1051142159311242,63,7871.5232984860595,-1.153923631610765
2023-03-27,P1,124.94481426168349,124.94481426168349,122.85669222561896,0.0,1.1991837992294359,61,7621.633669962693,-1.153923631610765
2023-03-28,P1,124.94481426168349,118.69757354859931,135.97403186865463,0.05,1.293242944112985,81,9614.503457436544,-1.153923631610765
2023-03-29,P1,124.94481426168349,118.69757354859931,127.30187485216237,0.05,1.3166479266612068,92,10920.176766471137,-1.153923631610765
2023-03-30,P1,124.94481426168349,124.94481426168349,115.45294435213826,0.0,1.251909542783491,63,7871.5232984860595,-1.153923631610765
2023-03-31,P1,124.94481426168349,124.94481426168349,123.46176953667428,0.0,1.1478896605664024,72,8996.02662684121,-1.153923631610765
2023-04-01,P1,124.94481426168349,124.94481426168349,104.69583697281392,0.0,1.0830069790472123,51,6372.185527345858,-1.153923631610765
2023-04-02,P1,124.94481426168349,118.69757354859931,112.48180911081015,0.05,1.1061648570125344,58,6884.45926581876,-1.153923631610765
2023-04-03,P1,124.94481426168349,124.94481426168349,122.19575042882187,0.0,1.1999092561374716,64,7996.468112747743,-1.153923631610765
2023-04-04,P1,124.94481426168349,112.45033283551514,125.31033345825267,0.1,1.2935782035406715,110,12369.536611906666,-1.153923631610765
2023-04-05,P1,124.94481426168349,124.94481426168349,118.8130934566124,0.0,1.3165341692747192,73,9120.971441102894,-1.153923631610765
2023-04-06,P1,124.94481426168349,124.94481426168349,123.68001336363832,0.0,1.2513688360809478,66,8246.357741271111,-1.153923631610765
2023-04-07,P1,124.94481426168349,124.94481426168349,125.6539844425783,0.0,1.1469974880444616,64,7996.468112747743,-1.153923631610765
2023-04-08,P1,124.94481426168349,124.94481426168349,121.10192610592122,0.0,1.081791502108969,69,8621.19218405616,-1.153923631610765
2023-04-09,P1,124.94481426168349,99.95585140934679,123.99657623633784,0.2,1.1045419809929498,104,10395.408546572067,-1.153923631610765
2023-04-10,P1,124.94481426168349,124.94481426168349,121.90595168142303,0.0,1.1977355180464682,64,7996.468112747743,-1.153923631610765
2023-04-11,P1,124.94481426168349,124.94481426168349,121.26291075724465,0.0,1.2907896843140256,74,9245.916255364578,-1.153923631610765
2023-04-12,P1,124.94481426168349,112.45033283551514,130.89225672647038,0.1,1.3132437522371774,103,11582.38428205806,-1.153923631610765
2023-04-13,P1,124.94481426168349,124.94481426168349,130.02295958461812,0.0,1.2478118812692918,70,8746.136998317845,-1.153923631610765
2023-04-14,P1,124.94481426168349,112.45033283551514,128.39164817637626,0.1,1.1433442340721867,73,8208.874296992606,-1.153923631610765
2023-04-15,P1,124.94481426168349,124.94481426168349,124.81423697290231,0.0,1.0779759448309594,57,7121.854412915959,-1.153923631610765
2023-04-16,P1,124.94481426168349,99.95585140934679,120.76414373288281,0.2,1.1002691237212394,109,10895.1878036188,-1.153923631610765
2023-04-17,P1,124.94481426168349,112.45033283551514,123.58490738640926,0.1,1.1926941097128299,91,10232.980288031878,-1.153923631610765
2023-04-18,P1,124.94481426168349,99.95585140934679,122.39646886235856,0.2,1.284917827086736,117,11694.834614893574,-1.153923631610765
2023-04-19,P1,124.94481426168349,124.94481426168349,133.1004546158066,0.0,1.3068243950029197,69,8621.19218405616,-1.153923631610765
2023-04-20,P1,124.94481426168349,124.94481426168349,123.45031936485222,0.0,1.2412902632816123,71,8871.081812579529,-1.153923631610765
2023-04-21,P1,124.94481426168349,99.95585140934679,126.96995949676128,0.2,1.1369828801665487,100,9995.58514093468,-1.153923631610765
2023-04-22,P1,124.94481426168349,124.94481426168349,136.8915228776408,0.0,1.071615642542786,62,7746.578484224377,-1.153923631610765
2023-04-23,P1,124.94481426168349,118.69757354859931,118.65998151790822,0.05,1.0934082525453552,58,6884.45926581876,-1.153923631610765
2023-04-24,P1,124.94481426168349,112.45033283551514,129.75942729857198,0.1,1.1848581444386186,87,9783.178956689817,-1.153923631610765
2023-04-25,P1,124.94481426168349,124.94481426168349,124.86830572375034,0.0,1.27604778879169,61,7621.633669962693,-1.153923631610765
2023-04-26,P1,124.94481426168349,112.45033283551514,111.88797029137189,0.1,1.2973691946538428,105,11807.28494772909,-1.153923631610765
2023-04-27,P1,124.94481426168349,124.94481426168349,119.78773456534446,0.0,1.2318985622420162,63,7871.5232984860595,-1.153923631610765
2023-04-28,P1,124.94481426168349,124.94481426168349,128.77962888152297,0.0,1.1280056822129763,68,8496.247369794477,-1.153923631610765
2023-04-29,P1,124.94481426168349,124.94481426168349,126.47517939805854,0.0,1.0628028358787371,53,6622.075155869225,-1.153923631610765
2023-04-30,P1,124.94481426168349,124.94481426168349,128.43770403531698,0.0,1.0840588676274525,62,7746.578484224377,-1.153923631610765
2023-05-01,P1,124.94481426168349,112.45033283551514,115.89828280750172,0.1,1.1743412637418644,69,7759.072965650545,-1.153923631610765
2023-05-02,P1,124.94481426168349,124.94481426168349,120.79522553512429,0.0,1.2643082076478627,76,9495.805883887946,-1.153923631610765
2023-05-03,P1,124.94481426168349,124.94481426168349,126.88712866349323,0.0,1.2850152757538447,78,9745.695512411312,-1.153923631610765
2023-05-04,P1,124.94481426168349,124.94481426168349,123.05612194803206,0.0,1.2197729818121672,64,7996.468112747743,-1.153923631610765
2023-05-05,P1,124.94481426168349,118.69757354859931,126.96091479069551,0.05,1.1165428325192959,62,7359.249560013157,-1.153923631610765
2023-05-06,P1,124.94481426168349,124.94481426168349,128.02274532206766,0.0,1.051665333052908,56,6996.909598654275,-1.153923631610765
2023-05-07,P1,124.94481426168349,124.94481426168349,129.25630990459157,0.0,1.07235655893731,54,6747.019970130908,-1.153923631610765
2023-05-08,P1,124.94481426168349,99.95585140934679,125.37995122324061,0.2,1.161295989264189,113,11295.011209256187,-1.153923631610765
2023-05-09,P1,124.94481426168349,99.95585140934679,125.55502036123298,0.2,1.2498693375774623,102,10195.496843753373,-1.153923631610765
2023-05-10,P1,124.94481426168349,118.69757354859931,139.1620428931066,0.05,1.2699418016922823,80,9495.805883887944,-1.153923631610765
2023-05-11,P1,124.94481426168349,124.94481426168349,138.39626337294834,0.0,1.2050893738901811,59,7371.744041439326,-1.153923631610765
2023-05-12,P1,124.94481426168349,118.69757354859931,124.25179575703758,0.05,1.1027605716946152,73,8664.92286904775,-1.153923631610765
2023-05-13,P1,124.94481426168349,124.94481426168349,119.6988697815457,0.0,1.0383646563135336,51,6372.185527345858,-1.153923631610765
