data/simulated_product_sales.csv
date,product_id,base_price,price,competitor_price,discount_pct,seasonality,demand,revenue,true_elasticity
2023-05-14,P1,124.94481426168349,124.94481426168349,131.39571754601175,0.0,1.0584710398513224,46,5747.46145603744,-1.153923631610765
2023-05-15,P1,124.94481426168349,124.94481426168349,127.07984610749837,0.0,1.1459115108172975,72,8996.02662684121,-1.153923631610765
2023-05-16,P1,124.94481426168349,124.94481426168349,128.51415968951628,0.0,1.2329405790890424,71,8871.081812579529,-1.153923631610765
2023-05-17,P1,124.94481426168349,99.95585140934679,116.69699962001845,0.2,1.2523673763570482,132,13194.172386033777,-1.153923631610765
2023-05-18,P1,124.94481426168349,112.45033283551514,124.48494790217273,0.1,1.188060688308786,79,8883.576294005696,-1.153923631610765
2023-05-19,P1,124.94481426168349,99.95585140934679,114.24245048455667,0.2,1.0868587777357335,110,10995.143655028147,-1.153923631610765
2023-05-20,P1,124.94481426168349,124.94481426168349,126.66677344199509,0.0,1.023093699457688,55,6871.964784392592,-1.153923631610765
2023-05-21,P1,124.94481426168349,124.94481426168349,114.98404087759585,0.0,1.0426036858749115,52,6497.130341607542,-1.153923631610765
2023-05-22,P1,124.94481426168349,99.95585140934679,126.56528171340516,0.2,1.1284109426473128,103,10295.45269516272,-1.153923631610765
2023-05-23,P1,124.94481426168349,112.45033283551514,124.97757291605012,0.1,1.2137674424350946,84,9445.827958183272,-1.153923631610765
2023-05-24,P1,124.94481426168349,124.94481426168349,122.98927980755316,0.0,1.2325468738196454,54,6747.019970130908,-1.153923631610765
2023-05-25,P1,124.94481426168349,124.94481426168349,125.69633002972023,0.0,1.1689338845186428,65,8121.412927009427,-1.153923631610765
2023-05-26,P1,124.94481426168349,124.94481426168349,131.5696807728548,0.0,1.0690680672854826,65,8121.412927009427,-1.153923631610765
2023-05-27,P1,124.94481426168349,124.94481426168349,127.02085988685073,0.0,1.0060739303783668,49,6122.295898822491,-1.153923631610765
2023-05-28,P1,124.94481426168349,112.45033283551514,125.66238150227394,0.1,1.0249846141831656,81,9108.476959676726,-1.153923631610765
2023-05-29,P1,124.94481426168349,112.45033283551514,137.81880259740996,0.1,1.1090480877081301,89,10008.079622360847,-1.153923631610765
2023-05-30,P1,124.94481426168349,124.94481426168349,118.57023449643832,0.0,1.1926279870860852,61,7621.633669962693,-1.153923631610765
2023-05-31,P1,124.94481426168349,118.69757354859931,128.9766331691772,0.05,1.2107677420099259,83,9851.898604533742,-1.153923631610765
2023-06-01,P1,124.94481426168349,124.94481426168349,122.23569628503216,0.0,1.1479863500453094,58,7246.799227177642,-1.153923631610765
2023-06-02,P1,124.94481426168349,124.94481426168349,131.55704680765547,0.0,1.0496464511021595,45,5622.516641775757,-1.153923631610765
2023-06-03,P1,124.94481426168349,124.94481426168349,130.4802666096336,0.0,0.9875521792141685,51,6372.185527345858,-1.153923631610765
2023-06-04,P1,124.94481426168349,124.94481426168349,134.33040040312693,0.0,1.0058693463338324,53,6622.075155869225,-1.153923631610765
2023-06-05,P1,124.94481426168349,99.95585140934679,131.07677699541262,0.2,1.088103756870099,100,9995.58514093468,-1.153923631610765
2023-06-06,P1,124.94481426168349,124.94481426168349,114.30337413659133,0.0,1.1698287891576702,61,7621.633669962693,-1.153923631610765
2023-06-07,P1,124.94481426168349,124.94481426168349,124.90608674392678,0.0,1.1873458339866527,65,8121.412927009427,-1.153923631610765
2023-06-08,P1,124.94481426168349,124.94481426168349,116.795479289153,0.0,1.1255218776613696,63,7871.5232984860595,-1.153923631610765
2023-06-09,P1,124.94481426168349,124.94481426168349,118.06502852636112,0.0,1.0288755922442936,57,7121.854412915959,-1.153923631610765
2023-06-10,P1,124.94481426168349,118.69757354859931,124.55324285333916,0.05,0.9677970586816138,64,7596.644707110356,-1.153923631610765
2023-06-11,P1,124.94481426168349,124.94481426168349,122.15427509772302,0.0,0.9855351025518524,49,6122.295898822491,-1.153923631610765
2023-06-12,P1,124.94481426168349,124.94481426168349,121.63216727976413,0.0,1.065881696444906,52,6497.130341607542,-1.153923631610765
2023-06-13,P1,124.94481426168349,124.94481426168349,115.98571589163322,0.0,1.1457004952736891,59,7371.744041439326,-1.153923631610765
2023-06-14,P1,124.94481426168349,124.94481426168349,137.21892510205848,0.0,1.1626208272611183,61,7621.633669962693,-1.153923631610765
2023-06-15,P1,124.94481426168349,124.94481426168349,128.15957555483033,0.0,1.1018662596150164,65,8121.412927009427,-1.153923631610765
2023-06-16,P1,124.94481426168349,112.45033283551514,124.24307389643359,0.1,1.0070567212366235,67,7534.172299979515,-1.153923631610765
2023-06-17,P1,124.94481426168349,124.94481426168349,120.34427015754477,0.0,0.9470950685044273,53,6622.075155869225,-1.153923631610765
2023-06-18,P1,124.94481426168349,118.69757354859931,123.22650010103483,0.05,0.9642767813277757,44,5222.69323613837,-1.153923631610765
2023-06-19,P1,124.94481426168349,118.69757354859931,121.03076687985983,0.05,1.0427041830879593,49,5816.181103881366,-1.153923631610765
2023-06-20,P1,124.94481426168349,124.94481426168349,128.54670439469766,0.0,1.12059302734529,61,7621.633669962693,-1.153923631610765
2023-06-21,P1,124.94481426168349,124.94481426168349,118.87081860629046,0.0,1.1369512976053244,60,7496.68885570101,-1.153923631610765
2023-06-22,P1,124.94481426168349,124.94481426168349,114.90895740638612,0.0,1.0773625628100256,58,7246.799227177642,-1.153923631610765
2023-06-23,P1,124.94481426168349,124.94481426168349,123.77717297054012,0.0,0.9845062674578205,52,6497.130341607542,-1.153923631610765
2023-06-24,P1,124.94481426168349,124.94481426168349,120.90551781526732,0.0,0.9257464404355127,43,5372.6270132523905,-1.153923631610765
2023-06-25,P1,124.94481426168349,118.69757354859931,126.30810420087224,0.05,0.9424026826361588,62,7359.249560013157,-1.153923631610765
2023-06-26,P1,124.94481426168349,124.94481426168349,124.89500725225949,0.0,1.0189073499634398,62,7746.578484224377,-1.153923631610765
2023-06-27,P1,124.94481426168349,118.69757354859931,139.777821577454,0.05,1.0948705078091372,73,8664.92286904775,-1.153923631610765
2023-06-28,P1,124.94481426168349,124.94481426168349,118.46488785688526,0.0,1.1107095187870981,57,7121.854412915959,-1.153923631610765
2023-06-29,P1,124.94481426168349,124.94481426168349,133.66428763636821,0.0,1.0523661534590858,48,5997.351084560807,-1.153923631610765
2023-06-30,P1,124.94481426168349,124.94481426168349,116.20762597452119,0.0,0.9615512701059923,53,6622.075155869225,-1.153923631610765
2023-07-01,P1,124.94481426168349,124.94481426168349,122.08289142564828,0.0,0.9040607841294184,44,5497.571827514073,-1.153923631610765
2023-07-02,P1,124.94481426168349,124.94481426168349,121.24398681999472,0.0,0.920230036798201,44,5497.571827514073,-1.153923631610765
2023-07-03,P1,124.94481426168349,99.95585140934679,109.30947308289622,0.2,0.9948363119545736,94,9395.850032478598,-1.153923631610765
2023-07-04,P1,124.94481426168349,99.95585140934679,123.4520482949877,0.2,1.0689059789217166,86,8596.203221203825,-1.153923631610765
2023-07-05,P1,124.94481426168349,124.94481426168349,126.42743682036222,0.0,1.0842760636492668,59,7371.744041439326,-1.153923631610765
2023-07-06,P1,124.94481426168349,99.95585140934679,128.07416451009414,0.2,1.027239543365724,82,8196.379815566437,-1.153923631610765
2023-07-07,P1,124.94481426168349,124.94481426168349,137.70992921470588,0.0,0.9385246352946985,57,7121.854412915959,-1.153923631610765
2023-07-08,P1,124.94481426168349,124.94481426168349,120.80524413734013,0.0,0.8823525970112678,49,6122.295898822491,-1.153923631610765
2023-07-09,P1,124.94481426168349,124.94481426168349,126.69252576705554,0.0,0.8980804038315371,34,4248.1236848972385,-1.153923631610765
2023-07-10,P1,124.94481426168349,124.94481426168349,126.56736324854201,0.0,0.9708401606160251,46,5747.46145603744,-1.153923631610765
2023-07-11,P1,124.94481426168349,124.94481426168349,117.8283216768637,0.0,1.0430759926934614,56,6996.909598654275,-1.153923631610765
2023-07-12,P1,124.94481426168349,124.94481426168349,120.87263719076351,0.0,1.0580342848310405,56,6996.909598654275,-1.153923631610765
2023-07-13,P1,124.94481426168349,118.69757354859931,121.18417102288049,0.05,1.0023471325769067,65,7715.342280658955,-1.153923631610765
2023-07-14,P1,124.94481426168349,124.94481426168349,128.25462849191794,0.0,0.9157603080637015,55,6871.964784392592,-1.153923631610765
2023-07-15,P1,124.94481426168349,99.95585140934679,113.88567894341409,0.2,0.8609367032605265,68,6796.997895835582,-1.153923631610765
2023-07-16,P1,124.94481426168349,99.95585140934679,127.26345187230191,0.2,0.8762750100083679,73,7296.777152882316,-1.153923631610765
2023-07-17,P1,124.94481426168349,112.45033283551514,127.99374310415811,0.1,0.9472669014543985,75,8433.774962663636,-1.153923631610765
2023-07-18,P1,124.94481426168349,124.94481426168349,127.05389935704528,0.0,1.0177551499224793,51,6372.185527345858,-1.153923631610765
2023-07-19,P1,124.94481426168349,112.45033283551514,122.95520234370628,0.1,1.0323647551752466,68,7646.62263281503,-1.153923631610765
2023-07-20,P1,124.94481426168349,124.94481426168349,126.7551075453149,0.0,0.978049924651285,62,7746.578484224377,-1.153923631610765
2023-07-21,P1,124.94481426168349,112.45033283551514,123.25678908843072,0.1,0.8935884293226306,67,7534.172299979515,-1.153923631610765
2023-07-22,P1,124.94481426168349,124.94481426168349,112.21215968718464,0.0,0.8401236880559992,40,4997.79257046734,-1.153923631610765
2023-07-23,P1,124.94481426168349,124.94481426168349,131.51436911896351,0.0,0.8551300892537534,41,5122.737384729023,-1.153923631610765
2023-07-24,P1,124.94481426168349,124.94481426168349,126.98720826128466,0.0,0.924458406959207,48,5997.351084560807,-1.153923631610765
2023-07-25,P1,124.94481426168349,118.69757354859931,130.51991946802988,0.05,0.9933106675258432,60,7121.854412915958,-1.153923631610765
2023-07-26,P1,124.94481426168349,124.94481426168349,115.70773006924138,0.0,1.0076397484497122,59,7371.744041439326,-1.153923631610765
2023-07-27,P1,124.94481426168349,124.94481426168349,128.12702196841255,0.0,0.9547002911852005,57,7121.854412915959,-1.153923631610765
2023-07-28,P1,124.94481426168349,124.94481426168349,126.08097653462106,0.0,0.8723305479642555,47,5872.406270299124,-1.153923631610765
2023-07-29,P1,124.94481426168349,118.69757354859931,118.12663548795298,0.05,0.8202153932971643,45,5341.390809686969,-1.153923631610765
2023-07-30,P1,124.94481426168349,112.45033283551514,125.39190577252272,0.1,0.8349522969456955,54,6072.317973117818,-1.153923631610765
2023-07-31,P1,124.94481426168349,112.45033283551514,122.77373110157191,0.1,0.9027454585782619,67,7534.172299979515,-1.153923631610765
2023-08-01,P1,124.94481426168349,112.45033283551514,123.25884057847779,0.1,0.9700970529560223,60,6747.019970130908,-1.153923631610765
2023-08-02,P1,124.94481426168349,118.69757354859931,122.27469396251759,0.05,0.984217840426439,56,6647.0641187215615,-1.153923631610765
2023-08-03,P1,124.94481426168349,118.69757354859931,130.37745177010657,0.05,0.9326368615241983,64,7596.644707110356,-1.153923631610765
2023-08-04,P1,124.94481426168349,124.94481426168349,114.7479550232456,0.0,0.8522949575839563,46,5747.46145603744,-1.153923631610765
2023-08-05,P1,124.94481426168349,124.94481426168349,113.83272070554148,0.0,0.8015005401254008,48,5997.351084560807,-1.153923631610765
2023-08-06,P1,124.94481426168349,118.69757354859931,126.07263388657773,0.05,0.8160342626286258,62,7359.249560013157,-1.153923631610765
2023-08-07,P1,124.94481426168349,118.69757354859931,125.62822987633865,0.05,0.8824429495415054,57,6765.761692270161,-1.153923631610765
2023-08-08,P1,124.94481426168349,124.94481426168349,126.29959736100496,0.0,0.9484509629370268,52,6497.130341607542,-1.153923631610765
2023-08-09,P1,124.94481426168349,124.94481426168349,136.70227431908404,0.0,0.9624387086167193,57,7121.854412915959,-1.153923631610765
2023-08-10,P1,124.94481426168349,99.95585140934679,126.09357782416377,0.2,0.9121796117722905,82,8196.379815566437,-1.153923631610765
2023-08-11,P1,124.94481426168349,99.95585140934679,118.76251473869974,0.2,0.8337722254348741,73,7296.777152882316,-1.153923631610765
2023-08-12,P1,124.94481426168349,124.94481426168349,140.80462867040242,0.0,0.7842505417297306,43,5372.6270132523905,-1.153923631610765
2023-08-13,P1,124.94481426168349,112.45033283551514,123.95770088469196,0.1,0.7986503461373181,52,5847.417307446787,-1.153923631610765
2023-08-14,P1,124.94481426168349,99.95585140934679,130.2690032255364,0.2,0.8638453181045969,59,5897.395233151461,-1.153923631610765
2023-08-15,P1,124.94481426168349,118.69757354859931,116.88611801053449,0.05,0.9286863210817216,48,5697.483530332767,-1.153923631610765
2023-08-16,P1,124.94481426168349,124.94481426168349,115.55667946134292,0.0,0.9426182060793168,48,5997.351084560807,-1.153923631610765
2023-08-17,P1,124.94481426168349,124.94481426168349,123.40959818676772,0.0,0.893625224320882,46,5747.46145603744,-1.153923631610765
2023-08-18,P1,124.94481426168349,124.94481426168349,129.97033902156528,0.0,0.8170309784603169,42,5247.682198990707,-1.153923631610765
2023-08-19,P1,124.94481426168349,124.94481426168349,136.49568805473118,0.0,0.7687155671620952,45,5622.516641775757,-1.153923631610765
2023-08-20,P1,124.94481426168349,99.95585140934679,118.59016992082186,0.2,0.7830526586782726,73,7296.777152882316,-1.153923631610765
2023-08-21,P1,124.94481426168349,124.94481426168349,123.26500188676145,0.0,0.8472222774418914,40,4997.79257046734,-1.153923631610765
2023-08-22,P1,124.94481426168349,124.94481426168349,124.94918181734991,0.0,0.9110897651973386,49,6122.295898822491,-1.153923631610765
2023-08-23,P1,124.94481426168349,124.94481426168349,125.03183390122648,0.0,0.9250437807440827,48,5997.351084560807,-1.153923631610765
2023-08-24,P1,124.94481426168349,124.94481426168349,124.22735602751492,0.0,0.8772427851960463,47,5872.406270299124,-1.153923631610765
2023-08-25,P1,124.94481426168349,124.94481426168349,124.74019669850345,0.0,0.8023140075167164,40,4997.79257046734,-1.153923631610765
2023-08-26,P1,124.94481426168349,124.94481426168349,133.6196219462988,0.0,0.7551209132468981,29,3623.399613588821,-1.153923631610765
2023-08-27,P1,124.94481426168349,124.94481426168349,132.72940840822602,0.0,0.7694674065730551,32,3998.2340563738717,-1.153923631610765
2023-08-28,P1,124.94481426168349,99.95585140934679,126.75552865476925,0.2,0.8328149041162727,72,7196.821301472969,-1.153923631610765
2023-08-29,P1,124.94481426168349,118.69757354859931,116.15174989830021,0.05,0.8959164903048892,50,5934.878677429965,-1.153923631610765
2023-08-30,P1,124.94481426168349,124.94481426168349,122.6839942524991,0.0,0.9099703066825201,47,5872.406270299124,-1.153923631610765
2023-08-31,P1,124.94481426168349,124.94481426168349,130.7902224137075,0.0,0.8632698816236097,51,6372.185527345858,-1.153923631610765
2023-09-01,P1,124.94481426168349,118.69757354859931,120.5438199502005,0.05,0.7898347462858599,44,5222.69323613837,-1.153923631610765
2023-09-02,P1,124.94481426168349,118.69757354859931,121.66800989934274,0.05,0.7436637372013993,47,5578.785956784168,-1.153923631610765
2023-09-03,P1,124.94481426168349,124.94481426168349,122.75402234339258,0.0,0.7580916106886586,39,4872.847756205656,-1.153923631610765
2023-09-04,P1,124.94481426168349,112.45033283551514,129.38635232041736,0.1,0.8208321418530182,59,6634.5696372953935,-1.153923631610765
2023-09-05,P1,124.94481426168349,124.94481426168349,135.23025414606334,0.0,0.883386547659314,42,5247.682198990707,-1.153923631610765
2023-09-06,P1,124.94481426168349,124.94481426168349,128.650060587445,0.0,0.8976163877825221,46,5747.46145603744,-1.153923631610765
2023-09-07,P1,124.94481426168349,112.45033283551514,114.5133018360778,0.1,0.8519091564073231,69,7759.072965650545,-1.153923631610765
2023-09-08,P1,124.94481426168349,124.94481426168349,121.67923772623061,0.0,0.7797741759411617,45,5622.516641775757,-1.153923631610765
2023-09-09,P1,124.94481426168349,124.94481426168349,133.16472436113642,0.0,0.7345101973523122,32,3998.2340563738717,-1.153923631610765
2023-09-10,P1,124.94481426168349,124.94481426168349,116.94566388054069,0.0,0.7490902491315267,46,5747.46145603744,-1.153923631610765
2023-09-11,P1,124.94481426168349,99.95585140934679,113.9904687353344,0.2,0.8114477713219159,68,6796.997895835582,-1.153923631610765
2023-09-12,P1,124.94481426168349,112.45033283551514,121.54057355723397,0.1,0.8736816534440359,62,6971.920635801939,-1.153923631610765
2023-09-13,P1,124.94481426168349,112.45033283551514,131.0160245376296,0.1,0.8881611874334453,61,6859.470302966423,-1.153923631610765
2023-09-14,P1,124.94481426168349,124.94481426168349,122.67324124576649,0.0,0.843325369090435,44,5497.571827514073,-1.153923631610765
2023-09-15,P1,124.94481426168349,124.94481426168349,138.40911445263131,0.0,0.7722782004582276,43,5372.6270132523905,-1.153923631610765
2023-09-16,P1,124.94481426168349,99.95585140934679,126.01225178321533,0.2,0.7277930434155159,63,6297.218638788848,-1.153923631610765
2023-09-17,P1,124.94481426168349,124.94481426168349,116.89557333419691,0.0,0.7425938646434777,39,4872.847756205656,-1.153923631610765
2023-09-18,P1,124.94481426168349,124.94481426168349,126.16830671279408,0.0,0.8047978898735264,38,4747.902941943973,-1.153923631610765
2023-09-19,P1,124.94481426168349,112.45033283551514,137.47411809271037,0.1,0.8669425534220014,64,7196.821301472969,-1.153923631610765
2023-09-20,P1,124.94481426168349,118.69757354859931,126.54429364164926,0.05,0.8817418301991875,58,6884.45926581876,-1.153923631610765
2023-09-21,P1,124.94481426168349,99.95585140934679,118.67409709542927,0.2,0.8376430065213428,78,7796.55640992905,-1.153923631610765
2023-09-22,P1,124.94481426168349,124.94481426168349,113.4444298160409,0.0,0.7674555306344111,35,4373.068499158922,-1.153923631610765
2023-09-23,P1,124.94481426168349,118.69757354859931,122.7706927402838,0.05,0.7236096912859904,44,5222.69323613837,-1.153923631610765
