data/simulated_product_sales.csv
date,product_id,base_price,price,competitor_price,discount_pct,seasonality,demand,revenue,true_elasticity
2023-09-24,P1,124.94481426168349,124.94481426168349,121.12451534605641,0.0,0.7386966713983996,33,4123.1788706355555,-1.153923631610765
2023-09-25,P1,124.94481426168349,124.94481426168349,133.32431269537926,0.0,0.8009789377798605,38,4747.902941943973,-1.153923631610765
2023-09-26,P1,124.94481426168349,118.69757354859931,119.0136908704157,0.05,0.8632669817625005,66,7834.0398542075545,-1.153923631610765
2023-09-27,P1,124.94481426168349,124.94481426168349,125.54030628765132,0.0,0.8784514131616458,47,5872.406270299124,-1.153923631610765
2023-09-28,P1,124.94481426168349,124.94481426168349,121.3486661976196,0.0,0.8349444774762147,44,5497.571827514073,-1.153923631610765
2023-09-29,P1,124.94481426168349,112.45033283551514,114.38974357184175,0.1,0.7653761075044864,57,6409.668971624363,-1.153923631610765
2023-09-30,P1,124.94481426168349,118.69757354859931,124.72623273936152,0.05,0.7220208102584318,51,6053.5762509785645,-1.153923631610765
2023-10-01,P1,124.94481426168349,112.45033283551514,115.21191111364996,0.1,0.737455188656004,48,5397.6159761047265,-1.153923631610765
2023-10-02,P1,124.94481426168349,124.94481426168349,128.89561763638065,0.0,0.8000462996040218,46,5747.46145603744,-1.153923631610765
2023-10-03,P1,124.94481426168349,124.94481426168349,113.93176021189066,0.0,0.8627082436459919,51,6372.185527345858,-1.153923631610765
2023-10-04,P1,124.94481426168349,124.94481426168349,124.47981071299522,0.0,0.878337655775158,49,6122.295898822491,-1.153923631610765
2023-10-05,P1,124.94481426168349,118.69757354859931,131.5954310489261,0.05,0.8352689175211749,51,6053.5762509785645,-1.153923631610765
2023-10-06,P1,124.94481426168349,118.69757354859931,128.44195993879393,0.05,0.7660700880169392,51,6053.5762509785645,-1.153923631610765
2023-10-07,P1,124.94481426168349,124.94481426168349,122.1101643440644,0.0,0.7230494431674653,40,4997.79257046734,-1.153923631610765
2023-10-08,P1,124.94481426168349,124.94481426168349,127.62874269133128,0.0,0.7388874210881491,40,4997.79257046734,-1.153923631610765
2023-10-09,P1,124.94481426168349,124.94481426168349,130.05808541895527,0.0,0.8020135009825293,43,5372.6270132523905,-1.153923631610765
2023-10-10,P1,124.94481426168349,99.95585140934679,118.19119382929907,0.2,0.8652744422027882,85,8496.247369794477,-1.153923631610765
2023-10-11,P1,124.94481426168349,112.45033283551514,131.99838281975207,0.1,0.8814022078124882,60,6747.019970130908,-1.153923631610765
2023-10-12,P1,124.94481426168349,124.94481426168349,130.80649905480433,0.0,0.8386116214465998,42,5247.682198990707,-1.153923631610765
2023-10-13,P1,124.94481426168349,124.94481426168349,116.16644198629403,0.0,0.7695274076811605,42,5247.682198990707,-1.153923631610765
2023-10-14,P1,124.94481426168349,124.94481426168349,126.33253740358458,0.0,0.7266806722076657,36,4498.013313420605,-1.153923631610765
2023-10-15,P1,124.94481426168349,124.94481426168349,123.31411417797558,0.0,0.7429725976650939,39,4872.847756205656,-1.153923631610765
2023-10-16,P1,124.94481426168349,124.94481426168349,133.98443341175053,0.0,0.806852012469029,43,5372.6270132523905,-1.153923631610765
2023-10-17,P1,124.94481426168349,118.69757354859931,130.36595125007435,0.05,0.8709283609969616,54,6409.668971624363,-1.153923631610765
2023-10-18,P1,124.94481426168349,99.95585140934679,125.4588621495199,0.2,0.8876006254389054,87,8696.15907261317,-1.153923631610765
2023-10-19,P1,124.94481426168349,124.94481426168349,132.58625762328032,0.0,0.8449241115046799,41,5122.737384729023,-1.153923631610765
2023-10-20,P1,124.94481426168349,112.45033283551514,139.30658421479046,0.1,0.7756979265282745,51,5734.966974611272,-1.153923631610765
2023-10-21,P1,124.94481426168349,118.69757354859931,114.43807785441871,0.05,0.7328618352798533,36,4273.112647749575,-1.153923631610765
2023-10-22,P1,124.94481426168349,124.94481426168349,122.31980607082099,0.0,0.7496514728885013,38,4747.902941943973,-1.153923631610765
2023-10-23,P1,124.94481426168349,124.94481426168349,118.65936609233123,0.0,0.8144916632841607,38,4747.902941943973,-1.153923631610765
2023-10-24,P1,124.94481426168349,124.94481426168349,124.72812942107204,0.0,0.8795880037597562,47,5872.406270299124,-1.153923631610765
2023-10-25,P1,124.94481426168349,99.95585140934679,118.25665529578882,0.2,0.8968430157613457,85,8496.247369794477,-1.153923631610765
2023-10-26,P1,124.94481426168349,99.95585140934679,131.09411322424708,0.2,0.8541148404606269,74,7396.733004291663,-1.153923631610765
2023-10-27,P1,124.94481426168349,124.94481426168349,139.374208295194,0.0,0.7844921562688014,38,4747.902941943973,-1.153923631610765
2023-10-28,P1,124.94481426168349,118.69757354859931,125.98468127361487,0.05,0.7415032897260867,47,5578.785956784168,-1.153923631610765
2023-10-29,P1,124.94481426168349,124.94481426168349,115.13689412234315,0.0,0.7588271860025411,40,4997.79257046734,-1.153923631610765
2023-10-30,P1,124.94481426168349,112.45033283551514,121.05190539503,0.1,0.8248216589711513,53,5959.867640282302,-1.153923631610765
2023-10-31,P1,124.94481426168349,99.95585140934679,121.84637624304324,0.2,0.8911277835449924,78,7796.55640992905,-1.153923631610765
2023-11-01,P1,124.94481426168349,118.69757354859931,133.81904623283472,0.05,0.9089953405050452,51,6053.5762509785645,-1.153923631610765
2023-11-02,P1,124.94481426168349,124.94481426168349,127.09148230400046,0.0,0.8660505192614908,44,5497.571827514073,-1.153923631610765
2023-11-03,P1,124.94481426168349,124.94481426168349,126.21252321916775,0.0,0.7957825581015031,35,4373.068499158922,-1.153923631610765
2023-11-04,P1,124.94481426168349,112.45033283551514,119.69644437528531,0.1,0.7524797123772495,52,5847.417307446787,-1.153923631610765
2023-11-05,P1,124.94481426168349,112.45033283551514,121.11657580597189,0.1,0.7703666657223371,51,5734.966974611272,-1.153923631610765
2023-11-06,P1,124.94481426168349,124.94481426168349,128.34018398415378,0.0,0.8376921881985278,49,6122.295898822491,-1.153923631610765
2023-11-07,P1,124.94481426168349,124.94481426168349,123.8393823380153,0.0,0.9053803440606716,44,5497.571827514073,-1.153923631610765
2023-11-08,P1,124.94481426168349,124.94481426168349,130.46800500230776,0.0,0.9238813599110036,44,5497.571827514073,-1.153923631610765
2023-11-09,P1,124.94481426168349,112.45033283551514,121.71117188079234,0.1,0.8805580500679905,62,6971.920635801939,-1.153923631610765
2023-11-10,P1,124.94481426168349,124.94481426168349,103.19936363219065,0.0,0.8094053923518744,39,4872.847756205656,-1.153923631610765
2023-11-11,P1,124.94481426168349,118.69757354859931,121.88716824979443,0.05,0.7656319170592122,51,6053.5762509785645,-1.153923631610765
2023-11-12,P1,124.94481426168349,112.45033283551514,114.70311115345434,0.1,0.7841025601076067,56,6297.218638788848,-1.153923631610765
2023-11-13,P1,124.94481426168349,112.45033283551514,128.63477716736432,0.1,0.8529165954072029,65,7309.271634308484,-1.153923631610765
2023-11-14,P1,124.94481426168349,112.45033283551514,127.47880500349326,0.1,0.9221389867628196,68,7646.62263281503,-1.153923631610765
2023-11-15,P1,124.94481426168349,118.69757354859931,131.60858781010128,0.05,0.9412851886627966,63,7477.947133561756,-1.153923631610765
2023-11-16,P1,124.94481426168349,112.45033283551514,120.88915978616417,0.1,0.8974270366154646,64,7196.821301472969,-1.153923631610765
2023-11-17,P1,124.94481426168349,124.94481426168349,123.90078738643557,0.0,0.8251630931157922,44,5497.571827514073,-1.153923631610765
2023-11-18,P1,124.94481426168349,112.45033283551514,120.63708989451709,0.1,0.7807691631990917,56,6297.218638788848,-1.153923631610765
2023-11-19,P1,124.94481426168349,124.94481426168349,125.12439008981228,0.0,0.7998356635933919,47,5872.406270299124,-1.153923631610765
2023-11-20,P1,124.94481426168349,99.95585140934679,130.05351219659468,0.2,0.8702740877930036,66,6597.0861930168885,-1.153923631610765
2023-11-21,P1,124.94481426168349,118.69757354859931,116.44946561381622,0.05,0.9411606685125067,61,7240.551986464558,-1.153923631610765
2023-11-22,P1,124.94481426168349,124.94481426168349,134.28527466818588,0.0,0.9609544267752699,52,6497.130341607542,-1.153923631610765
2023-11-23,P1,124.94481426168349,99.95585140934679,126.50277416374023,0.2,0.9164128354972885,94,9395.850032478598,-1.153923631610765
2023-11-24,P1,124.94481426168349,99.95585140934679,132.49761548428907,0.2,0.8428271334699221,64,6397.174490198195,-1.153923631610765
2023-11-25,P1,124.94481426168349,124.94481426168349,122.15583600917411,0.0,0.7976719220509163,43,5372.6270132523905,-1.153923631610765
2023-11-26,P1,124.94481426168349,124.94481426168349,122.67733277139993,0.0,0.8173378059797397,44,5497.571827514073,-1.153923631610765
2023-11-27,P1,124.94481426168349,124.94481426168349,132.41055821593676,0.0,0.889512937366476,40,4997.79257046734,-1.153923631610765
2023-11-28,P1,124.94481426168349,124.94481426168349,127.23819048862738,0.0,0.962169526322358,48,5997.351084560807,-1.153923631610765
2023-11-29,P1,124.94481426168349,118.69757354859931,134.72501971442784,0.05,0.9826038200392267,59,7003.156839367359,-1.153923631610765
2023-11-30,P1,124.94481426168349,99.95585140934679,114.31829809131804,0.2,0.9372401041193548,80,7996.468112747743,-1.153923631610765
2023-12-01,P1,124.94481426168349,124.94481426168349,115.89872286989132,0.0,0.8621413396960136,35,4373.068499158922,-1.153923631610765
2023-12-02,P1,124.94481426168349,124.94481426168349,128.99700157993797,0.0,0.8160950604233574,47,5872.406270299124,-1.153923631610765
2023-12-03,P1,124.94481426168349,118.69757354859931,126.46789600663392,0.05,0.8363551614825955,47,5578.785956784168,-1.153923631610765
2023-12-04,P1,124.94481426168349,99.95585140934679,123.55534809700572,0.2,0.9103541316519179,71,7096.865450063622,-1.153923631610765
2023-12-05,P1,124.94481426168349,124.94481426168349,136.48120008567992,0.0,0.9848608780747229,46,5747.46145603744,-1.153923631610765
2023-12-06,P1,124.94481426168349,124.94481426168349,130.55414009683875,0.0,1.0059193969363103,52,6497.130341607542,-1.153923631610765
2023-12-07,P1,124.94481426168349,112.45033283551514,117.12614621685103,0.1,0.9596067938712115,75,8433.774962663636,-1.153923631610765
2023-12-08,P1,124.94481426168349,124.94481426168349,128.10280575347335,0.0,0.8828256064543585,46,5747.46145603744,-1.153923631610765
2023-12-09,P1,124.94481426168349,112.45033283551514,127.08590199898018,0.1,0.8357713957373387,60,6747.019970130908,-1.153923631610765
2023-12-10,P1,124.94481426168349,118.69757354859931,127.81810159692873,0.05,0.8566119298562165,55,6528.366545172962,-1.153923631610765
2023-12-11,P1,124.94481426168349,112.45033283551514,126.17252931402544,0.1,0.9324954200811773,68,7646.62263281503,-1.153923631610765
2023-12-12,P1,124.94481426168349,124.94481426168349,118.50567391449336,0.0,1.008905641190871,53,6622.075155869225,-1.153923631610765
2023-12-13,P1,124.94481426168349,124.94481426168349,120.7192287342421,0.0,1.030563022028243,64,7996.468112747743,-1.153923631610765
2023-12-14,P1,124.94481426168349,124.94481426168349,120.31665588105548,0.0,0.9831885306026744,52,6497.130341607542,-1.153923631610765
2023-12-15,P1,124.94481426168349,124.94481426168349,130.1965168661174,0.0,0.9045799590269116,44,5497.571827514073,-1.153923631610765
2023-12-16,P1,124.94481426168349,124.94481426168349,123.21496055630179,0.0,0.8564155708561075,45,5622.516641775757,-1.153923631610765
2023-12-17,P1,124.94481426168349,118.69757354859931,122.11914780928541,0.05,0.8778143362014306,40,4747.902941943972,-1.153923631610765
2023-12-18,P1,124.94481426168349,112.45033283551514,131.33899958754887,0.1,0.9556156973991666,58,6522.119304459879,-1.153923631610765
2023-12-19,P1,124.94481426168349,124.94481426168349,118.90388153174557,0.0,1.0339551051692162,54,6747.019970130908,-1.153923631610765
2023-12-20,P1,124.94481426168349,118.69757354859931,139.95085064346415,0.05,1.056177299784647,63,7477.947133561756,-1.153923631610765
2023-12-21,P1,124.94481426168349,124.94481426168349,123.56439787880181,0.0,1.007643318877807,53,6622.075155869225,-1.153923631610765
2023-12-22,P1,124.94481426168349,124.94481426168349,119.47024060147949,0.0,0.9270889037171608,49,6122.295898822491,-1.153923631610765
2023-12-23,P1,124.94481426168349,124.94481426168349,118.68745295682821,0.0,0.8777281924928301,45,5622.516641775757,-1.153923631610765
2023-12-24,P1,124.94481426168349,124.94481426168349,131.12260275866652,0.0,0.8996548914522914,50,6247.240713084175,-1.153923631610765
2023-12-25,P1,124.94481426168349,124.94481426168349,133.68692451719926,0.0,0.979379660510513,56,6996.909598654275,-1.153923631610765
2023-12-26,P1,124.94481426168349,112.45033283551514,136.2646902644782,0.1,1.0596459887785743,75,8433.774962663636,-1.153923631610765
2023-12-27,P1,124.94481426168349,124.94481426168349,130.53730179191766,0.0,1.0823907577314098,61,7621.633669962693,-1.153923631610765
2023-12-28,P1,124.94481426168349,112.45033283551514,125.66033177011133,0.1,1.0326165017825684,77,8658.675628334666,-1.153923631610765
2023-12-29,P1,124.94481426168349,124.94481426168349,137.90946847541863,0.0,0.9500260033148417,46,5747.46145603744,-1.153923631610765
2023-12-30,P1,124.94481426168349,124.94481426168349,122.63632377270696,0.0,0.8994001731782236,48,5997.351084560807,-1.153923631610765
2023-12-31,P1,124.94481426168349,112.45033283551514,120.8752491882673,0.1,0.9218168517531973,60,6747.019970130908,-1.153923631610765
2023-01-01,P2,194.08571676918996,174.67714509227096,184.0750060053967,0.1,0.9249903641091327,248,43319.9319828832,-2.193113506565508
2023-01-02,P2,194.08571676918996,194.08571676918996,193.84937284441025,0.0,1.0068843223245492,238,46192.40059106721,-2.193113506565508
2023-01-03,P2,194.08571676918996,155.26857341535197,185.02954711311426,0.2,1.089314239310447,485,75305.2581064457,-2.193113506565508
2023-01-04,P2,194.08571676918996,194.08571676918996,194.4545133841898,0.0,1.112594824704955,220,42698.85768922179,-2.193113506565508
2023-01-05,P2,194.08571676918996,194.08571676918996,189.211683735242,0.0,1.0613273082254189,211,40952.08623829908,-2.193113506565508
2023-01-06,P2,194.08571676918996,174.67714509227096,191.58806128192083,0.1,0.9763372825777741,230,40175.74337122232,-2.193113506565508
2023-01-07,P2,194.08571676918996,194.08571676918996,203.13864205623526,0.0,0.9242049341968644,196,38040.80048676123,-2.193113506565508
2023-01-08,P2,194.08571676918996,155.26857341535197,182.19053640444642,0.2,0.947126028857596,335,52014.97209414291,-2.193113506565508
2023-01-09,P2,194.08571676918996,184.38143093073046,178.92949656174102,0.05,1.0308617641328561,290,53470.61496991183,-2.193113506565508
2023-01-10,P2,194.08571676918996,155.26857341535197,204.55354390527498,0.2,1.1151202245401388,460,71423.5437710619,-2.193113506565508
2023-01-11,P2,194.08571676918996,194.08571676918996,178.23908107824624,0.0,1.1388082826517179,209,40563.9148047607,-2.193113506565508
2023-01-12,P2,194.08571676918996,184.38143093073046,208.41448637494898,0.05,1.0861891040317362,290,53470.61496991183,-2.193113506565508
2023-01-13,P2,194.08571676918996,155.26857341535197,197.98320547449498,0.2,0.9990701659720198,385,59778.400764910504,-2.193113506565508
2023-01-14,P2,194.08571676918996,155.26857341535197,188.74539825789657,0.2,0.9455879871538707,365,56673.02929660347,-2.193113506565508
2023-01-15,P2,194.08571676918996,194.08571676918996,197.22796576200773,0.0,0.9688946458709589,183,35517.686168761764,-2.193113506565508
2023-01-16,P2,194.08571676918996,194.08571676918996,199.36096805120508,0.0,1.0543916315068211,198,38428.97192029961,-2.193113506565508
2023-01-17,P2,194.08571676918996,194.08571676918996,172.40220388796078,0.0,1.1403905277862254,228,44251.54342337531,-2.193113506565508
2023-01-18,P2,194.08571676918996,155.26857341535197,190.56848627425362,0.2,1.164422560408122,428,66454.94942177064,-2.193113506565508
2023-01-19,P2,194.08571676918996,194.08571676918996,201.91992000777987,0.0,1.110430179891831,190,36876.28618614609,-2.193113506565508
2023-01-20,P2,194.08571676918996,155.26857341535197,189.54701062466847,0.2,1.0211872920527931,438,68007.63515592416,-2.193113506565508
2023-01-21,P2,194.08571676918996,194.08571676918996,178.98683152916263,0.0,0.9663462587494526,183,35517.686168761764,-2.193113506565508
2023-01-22,P2,194.08571676918996,194.08571676918996,194.83121835868965,0.0,0.989980514581871,168,32606.400417223915,-2.193113506565508
2023-01-23,P2,194.08571676918996,194.08571676918996,191.56987637064432,0.0,1.0771326812487214,236,45804.22915752883,-2.193113506565508
2023-01-24,P2,194.08571676918996,194.08571676918996,208.64951875237193,0.0,1.164758665083878,247,47939.17204198992,-2.193113506565508
2023-01-25,P2,194.08571676918996,194.08571676918996,202.306013609844,0.0,1.1890661855000546,260,50462.28635998939,-2.193113506565508
2023-01-26,P2,194.08571676918996,194.08571676918996,197.79212756948624,0.0,1.133698978267734,231,44833.80057368288,-2.193113506565508
2023-01-27,P2,194.08571676918996,194.08571676918996,191.14232475734,0.0,1.0423679059807958,211,40952.08623829908,-2.193113506565508
2023-01-28,P2,194.08571676918996,194.08571676918996,193.3908776814422,0.0,0.9861787010063351,192,37264.45761968447,-2.193113506565508
2023-01-29,P2,194.08571676918996,155.26857341535197,192.81527074861233,0.2,1.010077836017848,375,58225.71503075699,-2.193113506565508
2023-01-30,P2,194.08571676918996,194.08571676918996,194.84881513297898,0.0,1.0987551100319954,171,33188.65756753148,-2.193113506565508
2023-01-31,P2,194.08571676918996,174.67714509227096,195.437937127163,0.1,1.1878712361796298,351,61311.67792738711,-2.193113506565508
2023-02-01,P2,194.08571676918996,194.08571676918996,203.7706921449404,0.0,1.212381762397138,168,32606.400417223915,-2.193113506565508
2023-02-02,P2,194.08571676918996,194.08571676918996,185.63198571943676,0.0,1.155658042129248,235,45610.14344075964,-2.193113506565508
2023-02-03,P2,194.08571676918996,194.08571676918996,204.83983958407998,0.0,1.0623048347358133,186,36099.94331906933,-2.193113506565508
