data/simulated_product_sales.csv
date,product_id,base_price,price,competitor_price,discount_pct,seasonality,demand,revenue,true_elasticity
2023-02-04,P2,194.08571676918996,194.08571676918996,196.76962288007167,0.0,1.0047976928382278,183,35517.686168761764,-2.193113506565508
2023-02-05,P2,194.08571676918996,184.38143093073046,192.23528024781876,0.05,1.0288951476677128,247,45542.21343989042,-2.193113506565508
2023-02-06,P2,194.08571676918996,184.38143093073046,193.78597432472918,0.05,1.1189453373921527,315,58080.15074318009,-2.193113506565508
2023-02-07,P2,194.08571676918996,194.08571676918996,196.0372394003537,0.0,1.2093930497380205,261,50656.37207675858,-2.193113506565508
2023-02-08,P2,194.08571676918996,184.38143093073046,196.00295360978103,0.05,1.234031155661095,303,55867.57357201133,-2.193113506565508
2023-02-09,P2,194.08571676918996,194.08571676918996,200.2841374174239,0.0,1.1759889089431173,203,39399.40050414556,-2.193113506565508
2023-02-10,P2,194.08571676918996,184.38143093073046,186.59761496740558,0.05,1.0807089419103597,261,48123.55347292065,-2.193113506565508
2023-02-11,P2,194.08571676918996,174.67714509227096,193.46329992064537,0.1,1.02193321129047,298,52053.78923749675,-2.193113506565508
2023-02-12,P2,194.08571676918996,184.38143093073046,197.39099671111973,0.05,1.0461595504327208,281,51811.18209153526,-2.193113506565508
2023-02-13,P2,194.08571676918996,194.08571676918996,191.71635099097298,0.0,1.1374105534447334,243,47162.82917491316,-2.193113506565508
2023-02-14,P2,194.08571676918996,174.67714509227096,204.24532893794216,0.1,1.2290119844724003,367,64106.512248863444,-2.193113506565508
2023-02-15,P2,194.08571676918996,174.67714509227096,191.1980754774912,0.1,1.253700393773568,403,70394.8894721852,-2.193113506565508
2023-02-16,P2,194.08571676918996,194.08571676918996,195.25508281280392,0.0,1.1943967291934574,209,40563.9148047607,-2.193113506565508
2023-02-17,P2,194.08571676918996,194.08571676918996,183.4471499683769,0.0,1.097313320926355,183,35517.686168761764,-2.193113506565508
2023-02-18,P2,194.08571676918996,194.08571676918996,185.49583716112448,0.0,1.0373367475628068,234,45416.05772399045,-2.193113506565508
2023-02-19,P2,194.08571676918996,194.08571676918996,187.8850493297694,0.0,1.0616206663607712,180,34935.42901845419,-2.193113506565508
2023-02-20,P2,194.08571676918996,184.38143093073046,195.73247383518614,0.05,1.1538829653767877,252,46464.120594544074,-2.193113506565508
2023-02-21,P2,194.08571676918996,194.08571676918996,187.40770911975073,0.0,1.2464435157010845,298,57837.54359721861,-2.193113506565508
2023-02-22,P2,194.08571676918996,194.08571676918996,194.65964882881465,0.0,1.2711042225253613,276,53567.657828296426,-2.193113506565508
2023-02-23,P2,194.08571676918996,194.08571676918996,180.60090835846276,0.0,1.210614542453102,197,38234.88620353042,-2.193113506565508
2023-02-24,P2,194.08571676918996,174.67714509227096,216.68330123578295,0.1,1.1118771658624753,337,58866.19789609531,-2.193113506565508
2023-02-25,P2,194.08571676918996,155.26857341535197,199.85738290437467,0.2,1.0507849110219516,472,73286.76665204612,-2.193113506565508
2023-02-26,P2,194.08571676918996,155.26857341535197,191.6335826255408,0.2,1.0750542697664494,463,71889.34949130796,-2.193113506565508
2023-02-27,P2,194.08571676918996,194.08571676918996,186.76902888675113,0.0,1.1681236811268956,221,42892.94340599098,-2.193113506565508
2023-02-28,P2,194.08571676918996,194.08571676918996,185.63743125785038,0.0,1.2614348416822214,222,43087.02912276017,-2.193113506565508
2023-03-01,P2,194.08571676918996,194.08571676918996,195.83146103265037,0.0,1.2859902419313196,286,55508.51499598833,-2.193113506565508
2023-03-02,P2,194.08571676918996,194.08571676918996,208.78302810392626,0.0,1.2244071489919024,257,49880.029209681816,-2.193113506565508
2023-03-03,P2,194.08571676918996,194.08571676918996,184.55137826961115,0.0,1.124189263755292,214,41534.34338860665,-2.193113506565508
2023-03-04,P2,194.08571676918996,194.08571676918996,184.6803267161816,0.0,1.062082668936553,219,42504.7719724526,-2.193113506565508
2023-03-05,P2,194.08571676918996,194.08571676918996,188.24987325828644,0.0,1.0862655390763807,219,42504.7719724526,-2.193113506565508
2023-03-06,P2,194.08571676918996,194.08571676918996,207.6466284825538,0.0,1.1799261739304487,228,44251.54342337531,-2.193113506565508
2023-03-07,P2,194.08571676918996,155.26857341535197,195.3009311368642,0.2,1.2737685498849796,505,78410.62957475275,-2.193113506565508
2023-03-08,P2,194.08571676918996,174.67714509227096,205.79057408580593,0.1,1.2981425666750193,381,66551.99228015523,-2.193113506565508
2023-03-09,P2,194.08571676918996,184.38143093073046,187.27338877449057,0.05,1.2355745207737707,271,49967.36778222796,-2.193113506565508
2023-03-10,P2,194.08571676918996,155.26857341535197,205.24001436062548,0.2,1.1340710577269086,456,70802.4694774005,-2.193113506565508
2023-03-11,P2,194.08571676918996,174.67714509227096,182.0149123890019,0.1,1.0710661749501227,282,49258.95491602041,-2.193113506565508
2023-03-12,P2,194.08571676918996,194.08571676918996,201.87730357183736,0.0,1.0950918822398308,202,39205.314787376374,-2.193113506565508
2023-03-13,P2,194.08571676918996,184.38143093073046,187.54997124200494,0.05,1.1891192774854284,287,52917.47067711964,-2.193113506565508
2023-03-14,P2,194.08571676918996,194.08571676918996,215.6553904862113,0.0,1.283265770026752,219,42504.7719724526,-2.193113506565508
2023-03-15,P2,194.08571676918996,194.08571676918996,200.23606877956237,0.0,1.3073849569974596,266,51626.80066060453,-2.193113506565508
2023-03-16,P2,194.08571676918996,194.08571676918996,205.96943418524322,0.0,1.2439547023742912,282,54732.17212891157,-2.193113506565508
2023-03-17,P2,194.08571676918996,194.08571676918996,188.67565713488094,0.0,1.1413792365159183,192,37264.45761968447,-2.193113506565508
2023-03-18,P2,194.08571676918996,194.08571676918996,197.1365840583918,0.0,1.0776051452718471,210,40758.00052152989,-2.193113506565508
2023-03-19,P2,194.08571676918996,194.08571676918996,186.28662904051126,0.0,1.1014052947288766,250,48521.42919229749,-2.193113506565508
2023-03-20,P2,194.08571676918996,155.26857341535197,203.56082574167135,0.2,1.1955696683011314,550,85397.71537844358,-2.193113506565508
2023-03-21,P2,194.08571676918996,194.08571676918996,199.6072912068507,0.0,1.2897887681492832,293,56867.115013372655,-2.193113506565508
2023-03-22,P2,194.08571676918996,194.08571676918996,183.4034399634883,0.0,1.3135833746238765,238,46192.40059106721,-2.193113506565508
2023-03-23,P2,194.08571676918996,194.08571676918996,194.41647248754353,0.0,1.249426159748184,225,43669.28627306774,-2.193113506565508
2023-03-24,P2,194.08571676918996,194.08571676918996,188.05141424149082,0.0,1.1460078128568654,239,46386.4863078364,-2.193113506565508
2023-03-25,P2,194.08571676918996,194.08571676918996,197.29667312089492,0.0,1.0816047481244389,229,44445.6291401445,-2.193113506565508
2023-03-26,P2,194.08571676918996,184.38143093073046,182.7064395894992,0.05,1.1051142159311242,227,41854.584821275814,-2.193113506565508
2023-03-27,P2,194.08571676918996,194.08571676918996,210.3168372965775,0.0,1.1991837992294359,244,47356.91489168235,-2.193113506565508
2023-03-28,P2,194.08571676918996,155.26857341535197,195.02153714082763,0.2,1.293242944112985,499,77479.01813426064,-2.193113506565508
2023-03-29,P2,194.08571676918996,194.08571676918996,199.31395891707243,0.0,1.3166479266612068,233,45221.97200722126,-2.193113506565508
2023-03-30,P2,194.08571676918996,194.08571676918996,185.20669244493624,0.0,1.251909542783491,246,47745.08632522073,-2.193113506565508
2023-03-31,P2,194.08571676918996,184.38143093073046,186.94792396355314,0.05,1.1478896605664024,303,55867.57357201133,-2.193113506565508
2023-04-01,P2,194.08571676918996,194.08571676918996,188.9045102382567,0.0,1.0830069790472123,181,35129.51473522338,-2.193113506565508
2023-04-02,P2,194.08571676918996,194.08571676918996,205.85796359976575,0.0,1.1061648570125344,219,42504.7719724526,-2.193113506565508
2023-04-03,P2,194.08571676918996,174.67714509227096,186.81546727388485,0.1,1.1999092561374716,347,60612.96934701802,-2.193113506565508
2023-04-04,P2,194.08571676918996,174.67714509227096,195.38163588032373,0.1,1.2935782035406715,360,62883.77223321755,-2.193113506565508
2023-04-05,P2,194.08571676918996,194.08571676918996,183.69636329391528,0.0,1.3165341692747192,234,45416.05772399045,-2.193113506565508
2023-04-06,P2,194.08571676918996,194.08571676918996,176.2666549704804,0.0,1.2513688360809478,257,49880.029209681816,-2.193113506565508
2023-04-07,P2,194.08571676918996,194.08571676918996,215.0056646192535,0.0,1.1469974880444616,198,38428.97192029961,-2.193113506565508
2023-04-08,P2,194.08571676918996,155.26857341535197,194.02680290830685,0.2,1.081791502108969,486,75460.52667986105,-2.193113506565508
2023-04-09,P2,194.08571676918996,155.26857341535197,190.35110114416435,0.2,1.1045419809929498,479,74373.6466659536,-2.193113506565508
2023-04-10,P2,194.08571676918996,194.08571676918996,194.87981225451333,0.0,1.1977355180464682,231,44833.80057368288,-2.193113506565508
2023-04-11,P2,194.08571676918996,194.08571676918996,199.60203077620122,0.0,1.2907896843140256,267,51820.88637737372,-2.193113506565508
2023-04-12,P2,194.08571676918996,194.08571676918996,192.38785727999038,0.0,1.3132437522371774,237,45998.31487429802,-2.193113506565508
2023-04-13,P2,194.08571676918996,155.26857341535197,184.02648778360538,0.2,1.2478118812692918,585,90832.1154479809,-2.193113506565508
2023-04-14,P2,194.08571676918996,194.08571676918996,204.62355773073529,0.0,1.1433442340721867,234,45416.05772399045,-2.193113506565508
2023-04-15,P2,194.08571676918996,174.67714509227096,218.00559390437923,0.1,1.0779759448309594,296,51704.434947312206,-2.193113506565508
2023-04-16,P2,194.08571676918996,194.08571676918996,194.18618155132702,0.0,1.1002691237212394,186,36099.94331906933,-2.193113506565508
2023-04-17,P2,194.08571676918996,194.08571676918996,190.478508505792,0.0,1.1926941097128299,210,40758.00052152989,-2.193113506565508
2023-04-18,P2,194.08571676918996,155.26857341535197,194.63546383311876,0.2,1.284917827086736,560,86950.4011125971,-2.193113506565508
2023-04-19,P2,194.08571676918996,194.08571676918996,176.59462553308057,0.0,1.3068243950029197,238,46192.40059106721,-2.193113506565508
2023-04-20,P2,194.08571676918996,184.38143093073046,184.97013760939083,0.05,1.2412902632816123,287,52917.47067711964,-2.193113506565508
2023-04-21,P2,194.08571676918996,184.38143093073046,199.32712490834848,0.05,1.1369828801665487,233,42960.8734068602,-2.193113506565508
2023-04-22,P2,194.08571676918996,194.08571676918996,192.0144061395018,0.0,1.071615642542786,240,46580.572024605586,-2.193113506565508
2023-04-23,P2,194.08571676918996,194.08571676918996,188.61590549447504,0.0,1.0934082525453552,204,39593.486220914754,-2.193113506565508
2023-04-24,P2,194.08571676918996,184.38143093073046,188.13308198811626,0.05,1.1848581444386186,270,49782.98635129722,-2.193113506565508
2023-04-25,P2,194.08571676918996,155.26857341535197,194.2379451237286,0.2,1.27604778879169,490,76081.60097352247,-2.193113506565508
2023-04-26,P2,194.08571676918996,194.08571676918996,198.32588966214186,0.0,1.2973691946538428,283,54926.25784568076,-2.193113506565508
2023-04-27,P2,194.08571676918996,194.08571676918996,198.9332694165797,0.0,1.2318985622420162,295,57255.286446911035,-2.193113506565508
2023-04-28,P2,194.08571676918996,194.08571676918996,180.82113517326525,0.0,1.1280056822129763,215,41728.42910537584,-2.193113506565508
2023-04-29,P2,194.08571676918996,184.38143093073046,205.80664353684762,0.05,1.0628028358787371,242,44620.30628523677,-2.193113506565508
2023-04-30,P2,194.08571676918996,194.08571676918996,188.49109505169304,0.0,1.0840588676274525,157,30471.457532762823,-2.193113506565508
2023-05-01,P2,194.08571676918996,194.08571676918996,202.4614880711888,0.0,1.1743412637418644,211,40952.08623829908,-2.193113506565508
2023-05-02,P2,194.08571676918996,194.08571676918996,179.73393617600127,0.0,1.2643082076478627,251,48715.51490906668,-2.193113506565508
2023-05-03,P2,194.08571676918996,194.08571676918996,184.43862572995428,0.0,1.2850152757538447,250,48521.42919229749,-2.193113506565508
2023-05-04,P2,194.08571676918996,194.08571676918996,205.6975886474969,0.0,1.2197729818121672,234,45416.05772399045,-2.193113506565508
2023-05-05,P2,194.08571676918996,194.08571676918996,182.50792194432142,0.0,1.1165428325192959,217,42116.60053891422,-2.193113506565508
2023-05-06,P2,194.08571676918996,194.08571676918996,192.40739876905772,0.0,1.051665333052908,240,46580.572024605586,-2.193113506565508
2023-05-07,P2,194.08571676918996,174.67714509227096,185.5962097436215,0.1,1.07235655893731,234,40874.45195159141,-2.193113506565508
2023-05-08,P2,194.08571676918996,184.38143093073046,187.5928436665132,0.05,1.161295989264189,301,55498.81071014987,-2.193113506565508
2023-05-09,P2,194.08571676918996,174.67714509227096,178.56723920999835,0.1,1.2498693375774623,339,59215.552186279856,-2.193113506565508
2023-05-10,P2,194.08571676918996,184.38143093073046,215.02085231237476,0.05,1.2699418016922823,280,51626.80066060453,-2.193113506565508
2023-05-11,P2,194.08571676918996,184.38143093073046,196.7693755595321,0.05,1.2050893738901811,306,56420.71786480352,-2.193113506565508
2023-05-12,P2,194.08571676918996,194.08571676918996,194.39629417974083,0.0,1.1027605716946152,199,38623.0576370688,-2.193113506565508
2023-05-13,P2,194.08571676918996,184.38143093073046,194.94596965937572,0.05,1.0383646563135336,286,52733.08924618891,-2.193113506565508
2023-05-14,P2,194.08571676918996,194.08571676918996,190.5405320123078,0.0,1.0584710398513224,210,40758.00052152989,-2.193113506565508
2023-05-15,P2,194.08571676918996,194.08571676918996,186.29809790281752,0.0,1.1459115108172975,253,49103.68634260506,-2.193113506565508
2023-05-16,P2,194.08571676918996,184.38143093073046,205.7348764563449,0.05,1.2329405790890424,270,49782.98635129722,-2.193113506565508
2023-05-17,P2,194.08571676918996,194.08571676918996,189.70510842159223,0.0,1.2523673763570482,234,45416.05772399045,-2.193113506565508
2023-05-18,P2,194.08571676918996,194.08571676918996,205.59212880588868,0.0,1.188060688308786,248,48133.25775875911,-2.193113506565508
2023-05-19,P2,194.08571676918996,194.08571676918996,199.97749051261275,0.0,1.0868587777357335,240,46580.572024605586,-2.193113506565508
2023-05-20,P2,194.08571676918996,184.38143093073046,190.95433937875782,0.05,1.023093699457688,234,43145.254837790926,-2.193113506565508
2023-05-21,P2,194.08571676918996,194.08571676918996,200.31283507828718,0.0,1.0426036858749115,228,44251.54342337531,-2.193113506565508
2023-05-22,P2,194.08571676918996,155.26857341535197,187.84083191932143,0.2,1.1284109426473128,511,79342.24101524486,-2.193113506565508
2023-05-23,P2,194.08571676918996,184.38143093073046,208.2114566095411,0.05,1.2137674424350946,336,61952.16079272544,-2.193113506565508
2023-05-24,P2,194.08571676918996,194.08571676918996,199.30949578600956,0.0,1.2325468738196454,266,51626.80066060453,-2.193113506565508
2023-05-25,P2,194.08571676918996,194.08571676918996,199.48926536888186,0.0,1.1689338845186428,223,43281.114839529364,-2.193113506565508
2023-05-26,P2,194.08571676918996,194.08571676918996,183.94658970375934,0.0,1.0690680672854826,167,32412.314700454725,-2.193113506565508
2023-05-27,P2,194.08571676918996,194.08571676918996,199.70879312326625,0.0,1.0060739303783668,199,38623.0576370688,-2.193113506565508
2023-05-28,P2,194.08571676918996,174.67714509227096,191.9386083631187,0.1,1.0249846141831656,282,49258.95491602041,-2.193113506565508
2023-05-29,P2,194.08571676918996,174.67714509227096,181.07660552877698,0.1,1.1090480877081301,342,59739.58362155667,-2.193113506565508
2023-05-30,P2,194.08571676918996,174.67714509227096,192.4639198887934,0.1,1.1926279870860852,347,60612.96934701802,-2.193113506565508
2023-05-31,P2,194.08571676918996,184.38143093073046,205.86411357200595,0.05,1.2107677420099259,280,51626.80066060453,-2.193113506565508
2023-06-01,P2,194.08571676918996,194.08571676918996,200.51850607729918,0.0,1.1479863500453094,250,48521.42919229749,-2.193113506565508
2023-06-02,P2,194.08571676918996,155.26857341535197,197.25197943693547,0.2,1.0496464511021595,436,67697.09800909346,-2.193113506565508
2023-06-03,P2,194.08571676918996,174.67714509227096,197.964402899186,0.1,0.9875521792141685,261,45590.73486908272,-2.193113506565508
2023-06-04,P2,194.08571676918996,174.67714509227096,194.38149224419556,0.1,1.0058693463338324,242,42271.86911232957,-2.193113506565508
2023-06-05,P2,194.08571676918996,194.08571676918996,197.08272059980285,0.0,1.088103756870099,248,48133.25775875911,-2.193113506565508
2023-06-06,P2,194.08571676918996,194.08571676918996,175.65556624320524,0.0,1.1698287891576702,230,44639.71485691369,-2.193113506565508
2023-06-07,P2,194.08571676918996,184.38143093073046,201.3963591943968,0.05,1.1873458339866527,289,53286.233538981105,-2.193113506565508
2023-06-08,P2,194.08571676918996,194.08571676918996,188.04598086537473,0.0,1.1255218776613696,230,44639.71485691369,-2.193113506565508
2023-06-09,P2,194.08571676918996,174.67714509227096,192.0572953336005,0.1,1.0288755922442936,266,46464.120594544074,-2.193113506565508
2023-06-10,P2,194.08571676918996,184.38143093073046,196.6152634095442,0.05,0.9677970586816138,195,35954.37903149244,-2.193113506565508
2023-06-11,P2,194.08571676918996,194.08571676918996,182.48052570582834,0.0,0.9855351025518524,201,39011.22907060718,-2.193113506565508
2023-06-12,P2,194.08571676918996,194.08571676918996,196.7833438877042,0.0,1.065881696444906,238,46192.40059106721,-2.193113506565508
2023-06-13,P2,194.08571676918996,155.26857341535197,186.46883918491523,0.2,1.1457004952736891,505,78410.62957475275,-2.193113506565508
2023-06-14,P2,194.08571676918996,194.08571676918996,180.01589423299606,0.0,1.1626208272611183,202,39205.314787376374,-2.193113506565508
2023-06-15,P2,194.08571676918996,155.26857341535197,201.09591194992512,0.2,1.1018662596150164,439,68162.90372933951,-2.193113506565508
