data/simulated_product_sales.csv
date,product_id,base_price,price,competitor_price,discount_pct,seasonality,demand,revenue,true_elasticity
2023-06-16,P2,194.08571676918996,184.38143093073046,186.15551541818135,0.05,1.0070567212366235,187,34479.327584046594,-2.193113506565508
2023-06-17,P2,194.08571676918996,194.08571676918996,196.26612157142216,0.0,0.9470950685044273,202,39205.314787376374,-2.193113506565508
2023-06-18,P2,194.08571676918996,194.08571676918996,210.39951711411297,0.0,0.9642767813277757,174,33770.914717839056,-2.193113506565508
2023-06-19,P2,194.08571676918996,174.67714509227096,179.28031180135108,0.1,1.0427041830879593,332,57992.81217063396,-2.193113506565508
2023-06-20,P2,194.08571676918996,194.08571676918996,195.84332315434236,0.0,1.12059302734529,200,38817.14335383799,-2.193113506565508
2023-06-21,P2,194.08571676918996,194.08571676918996,188.6100967881543,0.0,1.1369512976053244,226,43863.37198983693,-2.193113506565508
2023-06-22,P2,194.08571676918996,184.38143093073046,212.1484553603549,0.05,1.0773625628100256,301,55498.81071014987,-2.193113506565508
2023-06-23,P2,194.08571676918996,194.08571676918996,204.02351223611922,0.0,0.9845062674578205,203,39399.40050414556,-2.193113506565508
2023-06-24,P2,194.08571676918996,194.08571676918996,194.01737143532154,0.0,0.9257464404355127,204,39593.486220914754,-2.193113506565508
2023-06-25,P2,194.08571676918996,174.67714509227096,192.4341965468977,0.1,0.9424026826361588,254,44367.99485343682,-2.193113506565508
2023-06-26,P2,194.08571676918996,194.08571676918996,203.28368928498963,0.0,1.0189073499634398,212,41146.17195506827,-2.193113506565508
2023-06-27,P2,194.08571676918996,194.08571676918996,183.00643926698083,0.0,1.0948705078091372,209,40563.9148047607,-2.193113506565508
2023-06-28,P2,194.08571676918996,194.08571676918996,185.9024748288114,0.0,1.1107095187870981,214,41534.34338860665,-2.193113506565508
2023-06-29,P2,194.08571676918996,155.26857341535197,208.77266567975474,0.2,1.0523661534590858,463,71889.34949130796,-2.193113506565508
2023-06-30,P2,194.08571676918996,194.08571676918996,195.92805443760872,0.0,0.9615512701059923,198,38428.97192029961,-2.193113506565508
2023-07-01,P2,194.08571676918996,194.08571676918996,205.9349767689585,0.0,0.9040607841294184,187,36294.029035838525,-2.193113506565508
2023-07-02,P2,194.08571676918996,194.08571676918996,205.22050488308463,0.0,0.920230036798201,174,33770.914717839056,-2.193113506565508
2023-07-03,P2,194.08571676918996,194.08571676918996,212.37428096922588,0.0,0.9948363119545736,224,43475.20055629855,-2.193113506565508
2023-07-04,P2,194.08571676918996,194.08571676918996,180.39467257184407,0.0,1.0689059789217166,184,35711.77188553095,-2.193113506565508
2023-07-05,P2,194.08571676918996,194.08571676918996,195.45291717992404,0.0,1.0842760636492668,174,33770.914717839056,-2.193113506565508
2023-07-06,P2,194.08571676918996,174.67714509227096,204.10989417318416,0.1,1.027239543365724,285,49782.98635129722,-2.193113506565508
2023-07-07,P2,194.08571676918996,194.08571676918996,199.06983901000575,0.0,0.9385246352946985,173,33576.82900106986,-2.193113506565508
2023-07-08,P2,194.08571676918996,194.08571676918996,183.30024721485415,0.0,0.8823525970112678,171,33188.65756753148,-2.193113506565508
2023-07-09,P2,194.08571676918996,194.08571676918996,193.81870426576052,0.0,0.8980804038315371,206,39981.657654453134,-2.193113506565508
2023-07-10,P2,194.08571676918996,194.08571676918996,202.82129155539175,0.0,0.9708401606160251,204,39593.486220914754,-2.193113506565508
2023-07-11,P2,194.08571676918996,174.67714509227096,184.39709909035085,0.1,1.0430759926934614,304,53101.85210805037,-2.193113506565508
2023-07-12,P2,194.08571676918996,194.08571676918996,197.51601592752513,0.0,1.0580342848310405,209,40563.9148047607,-2.193113506565508
2023-07-13,P2,194.08571676918996,194.08571676918996,193.11379298314156,0.0,1.0023471325769067,191,37070.371902915285,-2.193113506565508
2023-07-14,P2,194.08571676918996,194.08571676918996,197.53095614596782,0.0,0.9157603080637015,175,33965.00043460824,-2.193113506565508
2023-07-15,P2,194.08571676918996,194.08571676918996,202.9514031197796,0.0,0.8609367032605265,154,29889.200382455252,-2.193113506565508
2023-07-16,P2,194.08571676918996,194.08571676918996,188.9805051712708,0.0,0.8762750100083679,171,33188.65756753148,-2.193113506565508
2023-07-17,P2,194.08571676918996,194.08571676918996,170.56019634239988,0.0,0.9472669014543985,201,39011.22907060718,-2.193113506565508
2023-07-18,P2,194.08571676918996,194.08571676918996,196.48342626763935,0.0,1.0177551499224793,200,38817.14335383799,-2.193113506565508
2023-07-19,P2,194.08571676918996,184.38143093073046,178.92232513826232,0.05,1.0323647551752466,229,42223.347683137275,-2.193113506565508
2023-07-20,P2,194.08571676918996,194.08571676918996,183.31008245846192,0.0,0.978049924651285,202,39205.314787376374,-2.193113506565508
2023-07-21,P2,194.08571676918996,184.38143093073046,198.61208664235255,0.05,0.8935884293226306,209,38535.719064522666,-2.193113506565508
2023-07-22,P2,194.08571676918996,194.08571676918996,186.24057971453774,0.0,0.8401236880559992,159,30859.628966301203,-2.193113506565508
2023-07-23,P2,194.08571676918996,174.67714509227096,186.95703013341702,0.1,0.8551300892537534,222,38778.326210484156,-2.193113506565508
2023-07-24,P2,194.08571676918996,194.08571676918996,203.9598395372067,0.0,0.924458406959207,228,44251.54342337531,-2.193113506565508
2023-07-25,P2,194.08571676918996,194.08571676918996,198.2470746606457,0.0,0.9933106675258432,207,40175.74337122232,-2.193113506565508
2023-07-26,P2,194.08571676918996,194.08571676918996,197.76831912249065,0.0,1.0076397484497122,232,45027.88629045207,-2.193113506565508
2023-07-27,P2,194.08571676918996,194.08571676918996,183.68137333831808,0.0,0.9547002911852005,132,25619.314613533075,-2.193113506565508
2023-07-28,P2,194.08571676918996,194.08571676918996,189.73450695917998,0.0,0.8723305479642555,204,39593.486220914754,-2.193113506565508
2023-07-29,P2,194.08571676918996,194.08571676918996,200.09416669608456,0.0,0.8202153932971643,193,37458.54333645366,-2.193113506565508
2023-07-30,P2,194.08571676918996,194.08571676918996,207.6448013547484,0.0,0.8349522969456955,164,31830.057550147154,-2.193113506565508
2023-07-31,P2,194.08571676918996,194.08571676918996,187.8170957335596,0.0,0.9027454585782619,162,31441.886116608774,-2.193113506565508
2023-08-01,P2,194.08571676918996,194.08571676918996,205.3614546203392,0.0,0.9700970529560223,175,33965.00043460824,-2.193113506565508
2023-08-02,P2,194.08571676918996,174.67714509227096,197.22097038398962,0.1,0.984217840426439,271,47337.50632000543,-2.193113506565508
2023-08-03,P2,194.08571676918996,194.08571676918996,190.58757981762602,0.0,0.9326368615241983,191,37070.371902915285,-2.193113506565508
2023-08-04,P2,194.08571676918996,194.08571676918996,202.65566647336425,0.0,0.8522949575839563,165,32024.143266916344,-2.193113506565508
2023-08-05,P2,194.08571676918996,184.38143093073046,184.63911134213248,0.05,0.8015005401254008,188,34663.70901497733,-2.193113506565508
2023-08-06,P2,194.08571676918996,174.67714509227096,189.94822078621286,0.1,0.8160342626286258,257,44892.026288713634,-2.193113506565508
2023-08-07,P2,194.08571676918996,174.67714509227096,176.31941644193319,0.1,0.8824429495415054,254,44367.99485343682,-2.193113506565508
2023-08-08,P2,194.08571676918996,174.67714509227096,212.26473385015555,0.1,0.9484509629370268,297,51879.11209240447,-2.193113506565508
2023-08-09,P2,194.08571676918996,194.08571676918996,201.51328218545962,0.0,0.9624387086167193,184,35711.77188553095,-2.193113506565508
2023-08-10,P2,194.08571676918996,174.67714509227096,198.7897025834973,0.1,0.9121796117722905,236,41223.80624177595,-2.193113506565508
2023-08-11,P2,194.08571676918996,155.26857341535197,202.1772215225978,0.2,0.8337722254348741,330,51238.62922706615,-2.193113506565508
2023-08-12,P2,194.08571676918996,194.08571676918996,190.83696125476288,0.0,0.7842505417297306,147,28530.600365070924,-2.193113506565508
2023-08-13,P2,194.08571676918996,194.08571676918996,196.97742156578016,0.0,0.7986503461373181,168,32606.400417223915,-2.193113506565508
2023-08-14,P2,194.08571676918996,194.08571676918996,214.10104813447106,0.0,0.8638453181045969,150,29112.857515378495,-2.193113506565508
2023-08-15,P2,194.08571676918996,194.08571676918996,195.94429094660256,0.0,0.9286863210817216,185,35905.857602300144,-2.193113506565508
2023-08-16,P2,194.08571676918996,155.26857341535197,193.31285394396895,0.2,0.9426182060793168,408,63349.5779534636,-2.193113506565508
2023-08-17,P2,194.08571676918996,194.08571676918996,205.23335483974637,0.0,0.893625224320882,199,38623.0576370688,-2.193113506565508
2023-08-18,P2,194.08571676918996,194.08571676918996,192.2696153285574,0.0,0.8170309784603169,175,33965.00043460824,-2.193113506565508
2023-08-19,P2,194.08571676918996,194.08571676918996,194.40328458901922,0.0,0.7687155671620952,146,28336.514648301734,-2.193113506565508
2023-08-20,P2,194.08571676918996,194.08571676918996,199.71064276350782,0.0,0.7830526586782726,158,30665.543249532013,-2.193113506565508
2023-08-21,P2,194.08571676918996,174.67714509227096,186.27015835325108,0.1,0.8472222774418914,254,44367.99485343682,-2.193113506565508
2023-08-22,P2,194.08571676918996,184.38143093073046,195.72051023553624,0.05,0.9110897651973386,242,44620.30628523677,-2.193113506565508
2023-08-23,P2,194.08571676918996,174.67714509227096,191.1388985433745,0.1,0.9250437807440827,210,36682.200469376905,-2.193113506565508
2023-08-24,P2,194.08571676918996,194.08571676918996,173.49463032147494,0.0,0.8772427851960463,161,31247.800399839583,-2.193113506565508
2023-08-25,P2,194.08571676918996,194.08571676918996,189.249465664216,0.0,0.8023140075167164,172,33382.743284300675,-2.193113506565508
2023-08-26,P2,194.08571676918996,194.08571676918996,202.24333378792355,0.0,0.7551209132468981,155,30083.286099224442,-2.193113506565508
2023-08-27,P2,194.08571676918996,194.08571676918996,188.6000317188836,0.0,0.7694674065730551,144,27948.343214763354,-2.193113506565508
2023-08-28,P2,194.08571676918996,184.38143093073046,209.76178419630003,0.05,0.8328149041162727,189,34848.090445908056,-2.193113506565508
2023-08-29,P2,194.08571676918996,174.67714509227096,179.35025418584914,0.1,0.8959164903048892,285,49782.98635129722,-2.193113506565508
2023-08-30,P2,194.08571676918996,184.38143093073046,198.0036289674035,0.05,0.9099703066825201,213,39273.24478824559,-2.193113506565508
2023-08-31,P2,194.08571676918996,194.08571676918996,197.69992903965112,0.0,0.8632698816236097,155,30083.286099224442,-2.193113506565508
2023-09-01,P2,194.08571676918996,194.08571676918996,189.57693771071385,0.0,0.7898347462858599,157,30471.457532762823,-2.193113506565508
2023-09-02,P2,194.08571676918996,174.67714509227096,190.18394615426132,0.1,0.7436637372013993,221,38603.64906539188,-2.193113506565508
2023-09-03,P2,194.08571676918996,184.38143093073046,202.5410347939923,0.05,0.7580916106886586,154,28394.74036333249,-2.193113506565508
2023-09-04,P2,194.08571676918996,194.08571676918996,175.29710034903394,0.0,0.8208321418530182,162,31441.886116608774,-2.193113506565508
2023-09-05,P2,194.08571676918996,174.67714509227096,199.07282543690815,0.1,0.883386547659314,254,44367.99485343682,-2.193113506565508
2023-09-06,P2,194.08571676918996,184.38143093073046,201.10784074339446,0.05,0.8976163877825221,225,41485.82195941435,-2.193113506565508
2023-09-07,P2,194.08571676918996,184.38143093073046,198.0627141579578,0.05,0.8519091564073231,195,35954.37903149244,-2.193113506565508
2023-09-08,P2,194.08571676918996,194.08571676918996,184.70834516848137,0.0,0.7797741759411617,154,29889.200382455252,-2.193113506565508
2023-09-09,P2,194.08571676918996,194.08571676918996,204.82914403018376,0.0,0.7345101973523122,141,27366.086064455783,-2.193113506565508
2023-09-10,P2,194.08571676918996,194.08571676918996,196.54028791388765,0.0,0.7490902491315267,145,28142.428931532544,-2.193113506565508
2023-09-11,P2,194.08571676918996,184.38143093073046,188.89073903530908,0.05,0.8114477713219159,189,34848.090445908056,-2.193113506565508
2023-09-12,P2,194.08571676918996,174.67714509227096,191.93271514238134,0.1,0.8736816534440359,257,44892.026288713634,-2.193113506565508
2023-09-13,P2,194.08571676918996,174.67714509227096,199.06504210006156,0.1,0.8881611874334453,245,42795.90054760638,-2.193113506565508
2023-09-14,P2,194.08571676918996,194.08571676918996,202.70955414364096,0.0,0.843325369090435,156,30277.371815993632,-2.193113506565508
2023-09-15,P2,194.08571676918996,194.08571676918996,197.64997784327642,0.0,0.7722782004582276,178,34547.25758491581,-2.193113506565508
2023-09-16,P2,194.08571676918996,194.08571676918996,175.79119660169832,0.0,0.7277930434155159,138,26783.828914148213,-2.193113506565508
2023-09-17,P2,194.08571676918996,184.38143093073046,183.86048139083425,0.05,0.7425938646434777,155,28579.12179426322,-2.193113506565508
2023-09-18,P2,194.08571676918996,194.08571676918996,198.24218818535016,0.0,0.8047978898735264,171,33188.65756753148,-2.193113506565508
2023-09-19,P2,194.08571676918996,174.67714509227096,193.07211169689862,0.1,0.8669425534220014,241,42097.191967237304,-2.193113506565508
2023-09-20,P2,194.08571676918996,155.26857341535197,194.89236093551992,0.2,0.8817418301991875,348,54033.46354854248,-2.193113506565508
2023-09-21,P2,194.08571676918996,194.08571676918996,194.76552298364265,0.0,0.8376430065213428,182,35323.60045199257,-2.193113506565508
2023-09-22,P2,194.08571676918996,194.08571676918996,197.45825087697528,0.0,0.7674555306344111,167,32412.314700454725,-2.193113506565508
2023-09-23,P2,194.08571676918996,174.67714509227096,203.54931331758686,0.1,0.7236096912859904,215,37555.58619483826,-2.193113506565508
2023-09-24,P2,194.08571676918996,194.08571676918996,200.42536341585935,0.0,0.7386966713983996,183,35517.686168761764,-2.193113506565508
2023-09-25,P2,194.08571676918996,174.67714509227096,187.73837938013577,0.1,0.8009789377798605,185,32315.271842070128,-2.193113506565508
2023-09-26,P2,194.08571676918996,194.08571676918996,202.6818036130813,0.0,0.8632669817625005,172,33382.743284300675,-2.193113506565508
2023-09-27,P2,194.08571676918996,194.08571676918996,209.73172583584534,0.0,0.8784514131616458,194,37652.62905322285,-2.193113506565508
2023-09-28,P2,194.08571676918996,194.08571676918996,184.24150602522255,0.0,0.8349444774762147,175,33965.00043460824,-2.193113506565508
2023-09-29,P2,194.08571676918996,194.08571676918996,191.6978560502544,0.0,0.7653761075044864,137,26589.743197379023,-2.193113506565508
2023-09-30,P2,194.08571676918996,184.38143093073046,198.2026072879015,0.05,0.7220208102584318,172,31713.60612008564,-2.193113506565508
2023-10-01,P2,194.08571676918996,184.38143093073046,194.50884737204433,0.05,0.737455188656004,202,37245.04904800755,-2.193113506565508
2023-10-02,P2,194.08571676918996,194.08571676918996,193.06162298001206,0.0,0.8000462996040218,153,29695.114665686062,-2.193113506565508
2023-10-03,P2,194.08571676918996,194.08571676918996,188.14893464391056,0.0,0.8627082436459919,168,32606.400417223915,-2.193113506565508
2023-10-04,P2,194.08571676918996,194.08571676918996,191.94888516861178,0.0,0.878337655775158,136,26395.657480609836,-2.193113506565508
2023-10-05,P2,194.08571676918996,194.08571676918996,179.4834801526394,0.0,0.8352689175211749,175,33965.00043460824,-2.193113506565508
2023-10-06,P2,194.08571676918996,194.08571676918996,192.0969685839347,0.0,0.7660700880169392,149,28918.771798609305,-2.193113506565508
2023-10-07,P2,194.08571676918996,174.67714509227096,191.08506350165183,0.1,0.7230494431674653,189,33013.980422439214,-2.193113506565508
2023-10-08,P2,194.08571676918996,194.08571676918996,198.74519211932372,0.0,0.7388874210881491,183,35517.686168761764,-2.193113506565508
2023-10-09,P2,194.08571676918996,194.08571676918996,192.53174234889968,0.0,0.8020135009825293,167,32412.314700454725,-2.193113506565508
2023-10-10,P2,194.08571676918996,194.08571676918996,185.4855812389465,0.0,0.8652744422027882,173,33576.82900106986,-2.193113506565508
2023-10-11,P2,194.08571676918996,194.08571676918996,204.52759760637366,0.0,0.8814022078124882,172,33382.743284300675,-2.193113506565508
2023-10-12,P2,194.08571676918996,194.08571676918996,190.21262127389747,0.0,0.8386116214465998,153,29695.114665686062,-2.193113506565508
2023-10-13,P2,194.08571676918996,155.26857341535197,176.58753394413495,0.2,0.7695274076811605,268,41611.97767531432,-2.193113506565508
2023-10-14,P2,194.08571676918996,194.08571676918996,201.57763468032516,0.0,0.7266806722076657,163,31635.971833377964,-2.193113506565508
2023-10-15,P2,194.08571676918996,194.08571676918996,189.397954246227,0.0,0.7429725976650939,147,28530.600365070924,-2.193113506565508
2023-10-16,P2,194.08571676918996,184.38143093073046,195.49155399577697,0.05,0.806852012469029,178,32819.89470567002,-2.193113506565508
2023-10-17,P2,194.08571676918996,194.08571676918996,191.47981860552505,0.0,0.8709283609969616,155,30083.286099224442,-2.193113506565508
2023-10-18,P2,194.08571676918996,194.08571676918996,185.46687572222518,0.0,0.8876006254389054,168,32606.400417223915,-2.193113506565508
2023-10-19,P2,194.08571676918996,194.08571676918996,192.81196164223698,0.0,0.8449241115046799,166,32218.228983685534,-2.193113506565508
2023-10-20,P2,194.08571676918996,184.38143093073046,199.0535744761316,0.05,0.7756979265282745,179,33004.276136600754,-2.193113506565508
2023-10-21,P2,194.08571676918996,194.08571676918996,183.50417244369206,0.0,0.7328618352798533,163,31635.971833377964,-2.193113506565508
2023-10-22,P2,194.08571676918996,174.67714509227096,196.0918260133386,0.1,0.7496514728885013,228,39826.38908103778,-2.193113506565508
2023-10-23,P2,194.08571676918996,155.26857341535197,188.14244942752345,0.2,0.8144916632841607,349,54188.73212195784,-2.193113506565508
2023-10-24,P2,194.08571676918996,194.08571676918996,194.65197159373741,0.0,0.8795880037597562,159,30859.628966301203,-2.193113506565508
2023-10-25,P2,194.08571676918996,194.08571676918996,193.76324344156677,0.0,0.8968430157613457,171,33188.65756753148,-2.193113506565508
