data/simulated_product_sales.csv
date,product_id,base_price,price,competitor_price,discount_pct,seasonality,demand,revenue,true_elasticity
2023-10-26,P2,194.08571676918996,194.08571676918996,220.0748604897776,0.0,0.8541148404606269,158,30665.543249532013,-2.193113506565508
2023-10-27,P2,194.08571676918996,194.08571676918996,195.63700889023755,0.0,0.7844921562688014,137,26589.743197379023,-2.193113506565508
2023-10-28,P2,194.08571676918996,174.67714509227096,202.38734521681738,0.1,0.7415032897260867,237,41398.48338686822,-2.193113506565508
2023-10-29,P2,194.08571676918996,184.38143093073046,187.81454223784695,0.05,0.7588271860025411,210,38720.1004954534,-2.193113506565508
2023-10-30,P2,194.08571676918996,174.67714509227096,184.92631973492658,0.1,0.8248216589711513,208,36332.84617919236,-2.193113506565508
2023-10-31,P2,194.08571676918996,174.67714509227096,207.59859806115048,0.1,0.8911277835449924,246,42970.57769269866,-2.193113506565508
2023-11-01,P2,194.08571676918996,194.08571676918996,176.4306326012518,0.0,0.9089953405050452,165,32024.143266916344,-2.193113506565508
2023-11-02,P2,194.08571676918996,184.38143093073046,206.74340731668525,0.05,0.8660505192614908,169,31160.46182729345,-2.193113506565508
2023-11-03,P2,194.08571676918996,194.08571676918996,184.50966291993024,0.0,0.7957825581015031,178,34547.25758491581,-2.193113506565508
2023-11-04,P2,194.08571676918996,174.67714509227096,183.35564261328332,0.1,0.7524797123772495,208,36332.84617919236,-2.193113506565508
2023-11-05,P2,194.08571676918996,194.08571676918996,184.72686221861161,0.0,0.7703666657223371,144,27948.343214763354,-2.193113506565508
2023-11-06,P2,194.08571676918996,194.08571676918996,206.80132737816808,0.0,0.8376921881985278,186,36099.94331906933,-2.193113506565508
2023-11-07,P2,194.08571676918996,194.08571676918996,192.62419387801083,0.0,0.9053803440606716,164,31830.057550147154,-2.193113506565508
2023-11-08,P2,194.08571676918996,194.08571676918996,203.44891280847213,0.0,0.9238813599110036,209,40563.9148047607,-2.193113506565508
2023-11-09,P2,194.08571676918996,194.08571676918996,212.4402850926157,0.0,0.8805580500679905,164,31830.057550147154,-2.193113506565508
2023-11-10,P2,194.08571676918996,194.08571676918996,189.48744430370476,0.0,0.8094053923518744,157,30471.457532762823,-2.193113506565508
2023-11-11,P2,194.08571676918996,194.08571676918996,193.09463319485437,0.0,0.7656319170592122,155,30083.286099224442,-2.193113506565508
2023-11-12,P2,194.08571676918996,194.08571676918996,193.22821735552927,0.0,0.7841025601076067,147,28530.600365070924,-2.193113506565508
2023-11-13,P2,194.08571676918996,155.26857341535197,176.58130626215163,0.2,0.8529165954072029,341,52946.58353463502,-2.193113506565508
2023-11-14,P2,194.08571676918996,184.38143093073046,200.84916152693546,0.05,0.9221389867628196,209,38535.719064522666,-2.193113506565508
2023-11-15,P2,194.08571676918996,194.08571676918996,179.14435277025567,0.0,0.9412851886627966,156,30277.371815993632,-2.193113506565508
2023-11-16,P2,194.08571676918996,194.08571676918996,182.49952723740896,0.0,0.8974270366154646,177,34353.17186814662,-2.193113506565508
2023-11-17,P2,194.08571676918996,174.67714509227096,209.34875961556432,0.1,0.8251630931157922,239,41747.83767705276,-2.193113506565508
2023-11-18,P2,194.08571676918996,194.08571676918996,176.6077377054036,0.0,0.7807691631990917,144,27948.343214763354,-2.193113506565508
2023-11-19,P2,194.08571676918996,155.26857341535197,181.8441984910944,0.2,0.7998356635933919,302,46891.10917143629,-2.193113506565508
2023-11-20,P2,194.08571676918996,194.08571676918996,174.87802564929464,0.0,0.8702740877930036,182,35323.60045199257,-2.193113506565508
2023-11-21,P2,194.08571676918996,184.38143093073046,192.4179092234989,0.05,0.9411606685125067,196,36138.76046242317,-2.193113506565508
2023-11-22,P2,194.08571676918996,155.26857341535197,169.53108339497197,0.2,0.9609544267752699,386,59933.66933832586,-2.193113506565508
2023-11-23,P2,194.08571676918996,194.08571676918996,196.91802673295453,0.0,0.9164128354972885,195,37846.71476999204,-2.193113506565508
2023-11-24,P2,194.08571676918996,194.08571676918996,182.15381605206176,0.0,0.8428271334699221,172,33382.743284300675,-2.193113506565508
2023-11-25,P2,194.08571676918996,194.08571676918996,193.79318816136805,0.0,0.7976719220509163,147,28530.600365070924,-2.193113506565508
2023-11-26,P2,194.08571676918996,194.08571676918996,196.54807897288725,0.0,0.8173378059797397,167,32412.314700454725,-2.193113506565508
2023-11-27,P2,194.08571676918996,174.67714509227096,190.5750645433992,0.1,0.889512937366476,259,45241.38057889818,-2.193113506565508
2023-11-28,P2,194.08571676918996,155.26857341535197,200.11762805750453,0.2,0.962169526322358,384,59623.132191495155,-2.193113506565508
2023-11-29,P2,194.08571676918996,155.26857341535197,192.87639005440204,0.2,0.9826038200392267,359,55741.41785611136,-2.193113506565508
2023-11-30,P2,194.08571676918996,194.08571676918996,205.0132302711521,0.0,0.9372401041193548,182,35323.60045199257,-2.193113506565508
2023-12-01,P2,194.08571676918996,194.08571676918996,180.03336382470445,0.0,0.8621413396960136,154,29889.200382455252,-2.193113506565508
2023-12-02,P2,194.08571676918996,194.08571676918996,188.30524930888524,0.0,0.8160950604233574,181,35129.51473522338,-2.193113506565508
2023-12-03,P2,194.08571676918996,174.67714509227096,220.4420386288985,0.1,0.8363551614825955,230,40175.74337122232,-2.193113506565508
2023-12-04,P2,194.08571676918996,174.67714509227096,193.55300969639296,0.1,0.9103541316519179,265,46289.44344945181,-2.193113506565508
2023-12-05,P2,194.08571676918996,155.26857341535197,198.1100698287831,0.2,0.9848608780747229,469,72820.96093180007,-2.193113506565508
2023-12-06,P2,194.08571676918996,174.67714509227096,192.17068833161758,0.1,1.0059193969363103,280,48909.60062583587,-2.193113506565508
2023-12-07,P2,194.08571676918996,174.67714509227096,205.39903161178472,0.1,0.9596067938712115,266,46464.120594544074,-2.193113506565508
2023-12-08,P2,194.08571676918996,184.38143093073046,199.84576086354255,0.05,0.8828256064543585,146,26919.688915886647,-2.193113506565508
2023-12-09,P2,194.08571676918996,184.38143093073046,213.0776217410622,0.05,0.8357713957373387,191,35216.85330776952,-2.193113506565508
2023-12-10,P2,194.08571676918996,194.08571676918996,186.5854909624677,0.0,0.8566119298562165,174,33770.914717839056,-2.193113506565508
2023-12-11,P2,194.08571676918996,194.08571676918996,205.20090085113466,0.0,0.9324954200811773,172,33382.743284300675,-2.193113506565508
2023-12-12,P2,194.08571676918996,194.08571676918996,203.3351146493142,0.0,1.008905641190871,207,40175.74337122232,-2.193113506565508
2023-12-13,P2,194.08571676918996,194.08571676918996,199.0838380896664,0.0,1.030563022028243,215,41728.42910537584,-2.193113506565508
2023-12-14,P2,194.08571676918996,184.38143093073046,201.85311958982504,0.05,0.9831885306026744,248,45726.59487082115,-2.193113506565508
2023-12-15,P2,194.08571676918996,184.38143093073046,199.7579030519106,0.05,0.9045799590269116,222,40932.67766662216,-2.193113506565508
2023-12-16,P2,194.08571676918996,194.08571676918996,193.8283468886412,0.0,0.8564155708561075,152,29501.02894891687,-2.193113506565508
2023-12-17,P2,194.08571676918996,194.08571676918996,178.16810045085816,0.0,0.8778143362014306,143,27754.257497994164,-2.193113506565508
2023-12-18,P2,194.08571676918996,174.67714509227096,186.39584735171684,0.1,0.9556156973991666,262,45765.412014174995,-2.193113506565508
2023-12-19,P2,194.08571676918996,194.08571676918996,194.3786967979654,0.0,1.0339551051692162,214,41534.34338860665,-2.193113506565508
2023-12-20,P2,194.08571676918996,174.67714509227096,194.09741504667622,0.1,1.056177299784647,274,47861.53775528225,-2.193113506565508
2023-12-21,P2,194.08571676918996,194.08571676918996,192.3466070981792,0.0,1.007643318877807,198,38428.97192029961,-2.193113506565508
2023-12-22,P2,194.08571676918996,194.08571676918996,178.48549634291825,0.0,0.9270889037171608,167,32412.314700454725,-2.193113506565508
2023-12-23,P2,194.08571676918996,155.26857341535197,202.55677407148931,0.2,0.8777281924928301,340,52791.31496121967,-2.193113506565508
2023-12-24,P2,194.08571676918996,194.08571676918996,202.13517773110664,0.0,0.8996548914522914,172,33382.743284300675,-2.193113506565508
2023-12-25,P2,194.08571676918996,184.38143093073046,179.13342066753117,0.05,0.979379660510513,227,41854.584821275814,-2.193113506565508
2023-12-26,P2,194.08571676918996,194.08571676918996,194.6673201443451,0.0,1.0596459887785743,212,41146.17195506827,-2.193113506565508
2023-12-27,P2,194.08571676918996,174.67714509227096,185.79172621278937,0.1,1.0823907577314098,316,55197.97784915762,-2.193113506565508
2023-12-28,P2,194.08571676918996,194.08571676918996,164.78350771640163,0.0,1.0326165017825684,205,39787.57193768394,-2.193113506565508
2023-12-29,P2,194.08571676918996,184.38143093073046,187.78847098077745,0.05,0.9500260033148417,227,41854.584821275814,-2.193113506565508
2023-12-30,P2,194.08571676918996,174.67714509227096,201.91826515363806,0.1,0.8994001731782236,229,40001.06622613005,-2.193113506565508
2023-12-31,P2,194.08571676918996,194.08571676918996,196.3815737038558,0.0,0.9218168517531973,204,39593.486220914754,-2.193113506565508
2023-01-01,P3,167.8392730173686,167.8392730173686,171.13241354995318,0.0,0.9249903641091327,153,25679.408771657396,-1.85728177322252
2023-01-02,P3,167.8392730173686,167.8392730173686,152.45394060518984,0.0,1.0068843223245492,175,29371.872778039506,-1.85728177322252
2023-01-03,P3,167.8392730173686,159.44730936650018,163.44114223205963,0.05,1.089314239310447,228,36353.98653556204,-1.85728177322252
2023-01-04,P3,167.8392730173686,167.8392730173686,162.5843090284291,0.0,1.112594824704955,194,32560.81896536951,-1.85728177322252
2023-01-05,P3,167.8392730173686,151.05534571563174,165.0875924750804,0.1,1.0613273082254189,263,39727.55592321115,-1.85728177322252
2023-01-06,P3,167.8392730173686,167.8392730173686,160.63519232165407,0.0,0.9763372825777741,189,31721.622600282666,-1.85728177322252
2023-01-07,P3,167.8392730173686,151.05534571563174,156.54477314882067,0.1,0.9242049341968644,207,31268.456563135773,-1.85728177322252
2023-01-08,P3,167.8392730173686,151.05534571563174,176.46135719605104,0.1,0.947126028857596,216,32627.954674576456,-1.85728177322252
2023-01-09,P3,167.8392730173686,167.8392730173686,174.97997778648028,0.0,1.0308617641328561,177,29707.551324074244,-1.85728177322252
2023-01-10,P3,167.8392730173686,167.8392730173686,167.28919988386102,0.0,1.1151202245401388,233,39106.550613046886,-1.85728177322252
2023-01-11,P3,167.8392730173686,167.8392730173686,179.7789236598601,0.0,1.1388082826517179,217,36421.12224476899,-1.85728177322252
2023-01-12,P3,167.8392730173686,159.44730936650018,172.22192300729765,0.05,1.0861891040317362,206,32846.14572949904,-1.85728177322252
2023-01-13,P3,167.8392730173686,167.8392730173686,168.58328429809058,0.0,0.9990701659720198,178,29875.390597091613,-1.85728177322252
2023-01-14,P3,167.8392730173686,159.44730936650018,169.54538392991486,0.05,0.9455879871538707,189,30135.541470268534,-1.85728177322252
2023-01-15,P3,167.8392730173686,134.2714184138949,166.6690449406047,0.2,0.9688946458709589,318,42698.31105561858,-1.85728177322252
2023-01-16,P3,167.8392730173686,167.8392730173686,144.0688717390412,0.0,1.0543916315068211,184,30882.426235195824,-1.85728177322252
2023-01-17,P3,167.8392730173686,167.8392730173686,163.21918778797163,0.0,1.1403905277862254,175,29371.872778039506,-1.85728177322252
2023-01-18,P3,167.8392730173686,151.05534571563174,178.20437045155506,0.1,1.164422560408122,275,41540.22007179873,-1.85728177322252
2023-01-19,P3,167.8392730173686,167.8392730173686,173.0608127534915,0.0,1.110430179891831,172,28868.354958987402,-1.85728177322252
2023-01-20,P3,167.8392730173686,159.44730936650018,165.54810110938706,0.05,1.0211872920527931,218,34759.51344189704,-1.85728177322252
2023-01-21,P3,167.8392730173686,167.8392730173686,154.80018593074362,0.0,0.9663462587494526,182,30546.747689161086,-1.85728177322252
2023-01-22,P3,167.8392730173686,167.8392730173686,178.53560170452403,0.0,0.989980514581871,187,31385.94405424793,-1.85728177322252
2023-01-23,P3,167.8392730173686,159.44730936650018,157.85777164651537,0.05,1.0771326812487214,259,41296.853125923546,-1.85728177322252
2023-01-24,P3,167.8392730173686,167.8392730173686,169.45298870025263,0.0,1.164758665083878,200,33567.85460347372,-1.85728177322252
2023-01-25,P3,167.8392730173686,167.8392730173686,163.27308808969775,0.0,1.1890661855000546,204,34239.2116955432,-1.85728177322252
2023-01-26,P3,167.8392730173686,151.05534571563174,153.20496300994995,0.1,1.133698978267734,280,42295.49680037689,-1.85728177322252
2023-01-27,P3,167.8392730173686,167.8392730173686,165.9208708372436,0.0,1.0423679059807958,164,27525.640774848453,-1.85728177322252
2023-01-28,P3,167.8392730173686,167.8392730173686,174.37644244560582,0.0,0.9861787010063351,130,21819.10549225792,-1.85728177322252
2023-01-29,P3,167.8392730173686,134.2714184138949,167.67764061073566,0.2,1.010077836017848,338,45383.73942389648,-1.85728177322252
2023-01-30,P3,167.8392730173686,167.8392730173686,184.77348330065507,0.0,1.0987551100319954,196,32896.497511404246,-1.85728177322252
2023-01-31,P3,167.8392730173686,167.8392730173686,173.84272701306196,0.0,1.1878712361796298,222,37260.31860985583,-1.85728177322252
2023-02-01,P3,167.8392730173686,167.8392730173686,165.8445441709845,0.0,1.212381762397138,216,36253.28297175162,-1.85728177322252
2023-02-02,P3,167.8392730173686,167.8392730173686,168.69404734481932,0.0,1.155658042129248,233,39106.550613046886,-1.85728177322252
2023-02-03,P3,167.8392730173686,134.2714184138949,176.13614874935524,0.2,1.0623048347358133,316,42429.76821879079,-1.85728177322252
2023-02-04,P3,167.8392730173686,151.05534571563174,169.29394996394612,0.1,1.0047976928382278,251,37914.89177462357,-1.85728177322252
2023-02-05,P3,167.8392730173686,167.8392730173686,148.76017505048762,0.0,1.0288951476677128,163,27357.801501831083,-1.85728177322252
2023-02-06,P3,167.8392730173686,159.44730936650018,166.97276282341866,0.05,1.1189453373921527,193,30773.330707734534,-1.85728177322252
2023-02-07,P3,167.8392730173686,134.2714184138949,162.00649188562545,0.2,1.2093930497380205,414,55588.36722335249,-1.85728177322252
2023-02-08,P3,167.8392730173686,134.2714184138949,168.01455166794264,0.2,1.234031155661095,434,58273.79559163039,-1.85728177322252
2023-02-09,P3,167.8392730173686,167.8392730173686,166.11281455315952,0.0,1.1759889089431173,192,32225.140419334773,-1.85728177322252
2023-02-10,P3,167.8392730173686,159.44730936650018,164.69063863175273,0.05,1.0807089419103597,216,34440.61882316404,-1.85728177322252
2023-02-11,P3,167.8392730173686,167.8392730173686,171.13957404573597,0.0,1.02193321129047,203,34071.37242252583,-1.85728177322252
2023-02-12,P3,167.8392730173686,167.8392730173686,172.02033182082576,0.0,1.0461595504327208,203,34071.37242252583,-1.85728177322252
2023-02-13,P3,167.8392730173686,167.8392730173686,158.02052742266807,0.0,1.1374105534447334,215,36085.44369873425,-1.85728177322252
2023-02-14,P3,167.8392730173686,167.8392730173686,165.87538686616148,0.0,1.2290119844724003,224,37595.99715589057,-1.85728177322252
2023-02-15,P3,167.8392730173686,167.8392730173686,170.60916650661198,0.0,1.253700393773568,232,38938.71134002952,-1.85728177322252
2023-02-16,P3,167.8392730173686,167.8392730173686,160.83078414360867,0.0,1.1943967291934574,252,42295.49680037689,-1.85728177322252
2023-02-17,P3,167.8392730173686,167.8392730173686,168.157008831876,0.0,1.097313320926355,203,34071.37242252583,-1.85728177322252
2023-02-18,P3,167.8392730173686,167.8392730173686,184.82130285281502,0.0,1.0373367475628068,181,30378.90841614372,-1.85728177322252
2023-02-19,P3,167.8392730173686,167.8392730173686,174.90134827494185,0.0,1.0616206663607712,174,29204.03350502214,-1.85728177322252
2023-02-20,P3,167.8392730173686,167.8392730173686,149.27740825675102,0.0,1.1538829653767877,232,38938.71134002952,-1.85728177322252
2023-02-21,P3,167.8392730173686,167.8392730173686,166.15459333389072,0.0,1.2464435157010845,191,32057.301146317404,-1.85728177322252
2023-02-22,P3,167.8392730173686,134.2714184138949,164.23706944488416,0.2,1.2711042225253613,463,62167.66672563334,-1.85728177322252
2023-02-23,P3,167.8392730173686,167.8392730173686,168.24176372868882,0.0,1.210614542453102,218,36588.96151778636,-1.85728177322252
2023-02-24,P3,167.8392730173686,167.8392730173686,184.82720579409505,0.0,1.1118771658624753,167,28029.15859390056,-1.85728177322252
2023-02-25,P3,167.8392730173686,167.8392730173686,169.20501823114142,0.0,1.0507849110219516,184,30882.426235195824,-1.85728177322252
2023-02-26,P3,167.8392730173686,151.05534571563174,171.41330297111048,0.1,1.0750542697664494,263,39727.55592321115,-1.85728177322252
2023-02-27,P3,167.8392730173686,159.44730936650018,167.12688074616804,0.05,1.1681236811268956,211,33643.38227633154,-1.85728177322252
2023-02-28,P3,167.8392730173686,159.44730936650018,173.8794555053,0.05,1.2614348416822214,227,36194.53922619554,-1.85728177322252
2023-03-01,P3,167.8392730173686,151.05534571563174,169.78751730893663,0.1,1.2859902419313196,276,41691.275417514364,-1.85728177322252
2023-03-02,P3,167.8392730173686,167.8392730173686,165.21210140460585,0.0,1.2244071489919024,214,35917.60442571688,-1.85728177322252
2023-03-03,P3,167.8392730173686,167.8392730173686,173.02960502464384,0.0,1.124189263755292,192,32225.140419334773,-1.85728177322252
2023-03-04,P3,167.8392730173686,167.8392730173686,157.34589676512996,0.0,1.062082668936553,196,32896.497511404246,-1.85728177322252
2023-03-05,P3,167.8392730173686,167.8392730173686,171.77990264842083,0.0,1.0862655390763807,203,34071.37242252583,-1.85728177322252
2023-03-06,P3,167.8392730173686,167.8392730173686,164.17433686689907,0.0,1.1799261739304487,204,34239.2116955432,-1.85728177322252
2023-03-07,P3,167.8392730173686,167.8392730173686,161.1578374036924,0.0,1.2737685498849796,230,38603.03279399478,-1.85728177322252
