data/simulated_product_sales.csv
date,product_id,base_price,price,competitor_price,discount_pct,seasonality,demand,revenue,true_elasticity
2023-03-08,P3,167.8392730173686,134.2714184138949,174.08450499146423,0.2,1.2981425666750193,438,58810.88126528597,-1.85728177322252
2023-03-09,P3,167.8392730173686,151.05534571563174,156.55951323947448,0.1,1.2355745207737707,253,38217.00246605483,-1.85728177322252
2023-03-10,P3,167.8392730173686,151.05534571563174,152.17533759265658,0.1,1.1340710577269086,305,46071.880443267684,-1.85728177322252
2023-03-11,P3,167.8392730173686,167.8392730173686,171.2504172312501,0.0,1.0710661749501227,157,26350.765863726872,-1.85728177322252
2023-03-12,P3,167.8392730173686,167.8392730173686,157.67516221189211,0.0,1.0950918822398308,205,34407.050968560565,-1.85728177322252
2023-03-13,P3,167.8392730173686,167.8392730173686,155.03086229150108,0.0,1.1891192774854284,208,34910.56878761267,-1.85728177322252
2023-03-14,P3,167.8392730173686,134.2714184138949,164.42343907470357,0.2,1.283265770026752,471,63241.8380729445,-1.85728177322252
2023-03-15,P3,167.8392730173686,167.8392730173686,154.91357087602765,0.0,1.3073849569974596,273,45820.12153374163,-1.85728177322252
2023-03-16,P3,167.8392730173686,167.8392730173686,181.41086216223266,0.0,1.2439547023742912,219,36756.800790803725,-1.85728177322252
2023-03-17,P3,167.8392730173686,134.2714184138949,174.37891115445137,0.2,1.1413792365159183,381,51157.41041569396,-1.85728177322252
2023-03-18,P3,167.8392730173686,151.05534571563174,166.2521815723297,0.1,1.0776051452718471,287,43352.88422038631,-1.85728177322252
2023-03-19,P3,167.8392730173686,167.8392730173686,164.810685343647,0.0,1.1014052947288766,125,20979.909127171075,-1.85728177322252
2023-03-20,P3,167.8392730173686,167.8392730173686,157.32923275526778,0.0,1.1955696683011314,216,36253.28297175162,-1.85728177322252
2023-03-21,P3,167.8392730173686,167.8392730173686,164.76587125160816,0.0,1.2897887681492832,235,39442.229159081624,-1.85728177322252
2023-03-22,P3,167.8392730173686,151.05534571563174,145.98480499346581,0.1,1.3135833746238765,327,49395.09804901158,-1.85728177322252
2023-03-23,P3,167.8392730173686,159.44730936650018,163.82315411787303,0.05,1.249426159748184,283,45123.58855071955,-1.85728177322252
2023-03-24,P3,167.8392730173686,167.8392730173686,173.54762184904408,0.0,1.1460078128568654,224,37595.99715589057,-1.85728177322252
2023-03-25,P3,167.8392730173686,167.8392730173686,168.75794634737207,0.0,1.0816047481244389,209,35078.40806063004,-1.85728177322252
2023-03-26,P3,167.8392730173686,167.8392730173686,163.60821420205124,0.0,1.1051142159311242,191,32057.301146317404,-1.85728177322252
2023-03-27,P3,167.8392730173686,167.8392730173686,173.63171515665158,0.0,1.1991837992294359,156,26182.926590709503,-1.85728177322252
2023-03-28,P3,167.8392730173686,167.8392730173686,158.71514461887764,0.0,1.293242944112985,201,33735.69387649109,-1.85728177322252
2023-03-29,P3,167.8392730173686,151.05534571563174,178.05542776425224,0.1,1.3166479266612068,348,52567.26030903985,-1.85728177322252
2023-03-30,P3,167.8392730173686,167.8392730173686,153.35636568093378,0.0,1.251909542783491,204,34239.2116955432,-1.85728177322252
2023-03-31,P3,167.8392730173686,167.8392730173686,175.08654479077742,0.0,1.1478896605664024,212,35581.925879682145,-1.85728177322252
2023-04-01,P3,167.8392730173686,151.05534571563174,174.41345769570347,0.1,1.0830069790472123,258,38972.27919463299,-1.85728177322252
2023-04-02,P3,167.8392730173686,159.44730936650018,180.08928985270103,0.05,1.1061648570125344,189,30135.541470268534,-1.85728177322252
2023-04-03,P3,167.8392730173686,159.44730936650018,168.5552597685339,0.05,1.1999092561374716,228,36353.98653556204,-1.85728177322252
2023-04-04,P3,167.8392730173686,167.8392730173686,171.86997220679916,0.0,1.2935782035406715,213,35749.76515269952,-1.85728177322252
2023-04-05,P3,167.8392730173686,167.8392730173686,173.2978265506359,0.0,1.3165341692747192,195,32728.65823838688,-1.85728177322252
2023-04-06,P3,167.8392730173686,167.8392730173686,175.9827790720064,0.0,1.2513688360809478,236,39610.06843209899,-1.85728177322252
2023-04-07,P3,167.8392730173686,167.8392730173686,184.5868420508555,0.0,1.1469974880444616,262,43973.88953055058,-1.85728177322252
2023-04-08,P3,167.8392730173686,167.8392730173686,176.91889145505954,0.0,1.081791502108969,208,34910.56878761267,-1.85728177322252
2023-04-09,P3,167.8392730173686,159.44730936650018,169.77001846563056,0.05,1.1045419809929498,239,38107.90693859354,-1.85728177322252
2023-04-10,P3,167.8392730173686,151.05534571563174,164.29254753815619,0.1,1.1977355180464682,312,47129.267863277106,-1.85728177322252
2023-04-11,P3,167.8392730173686,167.8392730173686,163.15402499203742,0.0,1.2907896843140256,200,33567.85460347372,-1.85728177322252
2023-04-12,P3,167.8392730173686,167.8392730173686,176.7197080904147,0.0,1.3132437522371774,251,42127.65752735952,-1.85728177322252
2023-04-13,P3,167.8392730173686,167.8392730173686,167.7923114307657,0.0,1.2478118812692918,232,38938.71134002952,-1.85728177322252
2023-04-14,P3,167.8392730173686,159.44730936650018,171.65076164726202,0.05,1.1433442340721867,223,35556.74998872954,-1.85728177322252
2023-04-15,P3,167.8392730173686,151.05534571563174,165.37231307801406,0.1,1.0779759448309594,261,39425.445231779886,-1.85728177322252
2023-04-16,P3,167.8392730173686,167.8392730173686,167.33332999306268,0.0,1.1002691237212394,201,33735.69387649109,-1.85728177322252
2023-04-17,P3,167.8392730173686,167.8392730173686,175.3113361609719,0.0,1.1926941097128299,220,36924.6400638211,-1.85728177322252
2023-04-18,P3,167.8392730173686,151.05534571563174,183.10612784443705,0.1,1.284917827086736,315,47582.433900424,-1.85728177322252
2023-04-19,P3,167.8392730173686,167.8392730173686,171.96827730526635,0.0,1.3068243950029197,216,36253.28297175162,-1.85728177322252
2023-04-20,P3,167.8392730173686,151.05534571563174,159.4775901798512,0.1,1.2412902632816123,295,44561.326986111366,-1.85728177322252
2023-04-21,P3,167.8392730173686,167.8392730173686,163.82088649187176,0.0,1.1369828801665487,181,30378.90841614372,-1.85728177322252
2023-04-22,P3,167.8392730173686,151.05534571563174,170.99946846427773,0.1,1.071615642542786,283,42748.662837523785,-1.85728177322252
2023-04-23,P3,167.8392730173686,167.8392730173686,173.57576193051577,0.0,1.0934082525453552,165,27693.48004786582,-1.85728177322252
2023-04-24,P3,167.8392730173686,167.8392730173686,168.4245860376053,0.0,1.1848581444386186,193,32392.979692352143,-1.85728177322252
2023-04-25,P3,167.8392730173686,159.44730936650018,159.20082473746507,0.05,1.27604778879169,228,36353.98653556204,-1.85728177322252
2023-04-26,P3,167.8392730173686,167.8392730173686,178.05857404485357,0.0,1.2973691946538428,207,34742.7295145953,-1.85728177322252
2023-04-27,P3,167.8392730173686,159.44730936650018,163.3428466153516,0.05,1.2318985622420162,211,33643.38227633154,-1.85728177322252
2023-04-28,P3,167.8392730173686,167.8392730173686,164.21194878256915,0.0,1.1280056822129763,194,32560.81896536951,-1.85728177322252
2023-04-29,P3,167.8392730173686,159.44730936650018,169.18214015220167,0.05,1.0628028358787371,230,36672.88115429504,-1.85728177322252
2023-04-30,P3,167.8392730173686,167.8392730173686,157.8909160365256,0.0,1.0840588676274525,199,33400.01533045636,-1.85728177322252
2023-05-01,P3,167.8392730173686,167.8392730173686,164.3694884143216,0.0,1.1743412637418644,210,35246.24733364741,-1.85728177322252
2023-05-02,P3,167.8392730173686,134.2714184138949,163.58391288365362,0.2,1.2643082076478627,362,48606.253465829956,-1.85728177322252
2023-05-03,P3,167.8392730173686,167.8392730173686,168.11450421072036,0.0,1.2850152757538447,207,34742.7295145953,-1.85728177322252
2023-05-04,P3,167.8392730173686,159.44730936650018,180.5413322026828,0.05,1.2197729818121672,236,37629.56501049404,-1.85728177322252
2023-05-05,P3,167.8392730173686,167.8392730173686,152.34613158479203,0.0,1.1165428325192959,177,29707.551324074244,-1.85728177322252
2023-05-06,P3,167.8392730173686,167.8392730173686,160.8864015931193,0.0,1.051665333052908,171,28700.515685970033,-1.85728177322252
2023-05-07,P3,167.8392730173686,159.44730936650018,160.1030589744246,0.05,1.07235655893731,199,31730.014563933535,-1.85728177322252
2023-05-08,P3,167.8392730173686,167.8392730173686,168.57422624743495,0.0,1.161295989264189,211,35414.08660666478,-1.85728177322252
2023-05-09,P3,167.8392730173686,167.8392730173686,163.2515536188586,0.0,1.2498693375774623,212,35581.925879682145,-1.85728177322252
2023-05-10,P3,167.8392730173686,167.8392730173686,180.4153234895171,0.0,1.2699418016922823,249,41791.978981324784,-1.85728177322252
2023-05-11,P3,167.8392730173686,159.44730936650018,174.64848340910194,0.05,1.2050893738901811,220,35078.40806063004,-1.85728177322252
2023-05-12,P3,167.8392730173686,167.8392730173686,154.62210255902264,0.0,1.1027605716946152,210,35246.24733364741,-1.85728177322252
2023-05-13,P3,167.8392730173686,134.2714184138949,176.37945105600875,0.2,1.0383646563135336,366,49143.339139485535,-1.85728177322252
2023-05-14,P3,167.8392730173686,167.8392730173686,166.03575312875392,0.0,1.0584710398513224,190,31889.461873300035,-1.85728177322252
2023-05-15,P3,167.8392730173686,167.8392730173686,176.6283251422467,0.0,1.1459115108172975,223,37428.1578828732,-1.85728177322252
2023-05-16,P3,167.8392730173686,167.8392730173686,168.2066711947072,0.0,1.2329405790890424,210,35246.24733364741,-1.85728177322252
2023-05-17,P3,167.8392730173686,167.8392730173686,172.6399582744425,0.0,1.2523673763570482,217,36421.12224476899,-1.85728177322252
2023-05-18,P3,167.8392730173686,159.44730936650018,164.60515014112627,0.05,1.188060688308786,255,40659.063888457546,-1.85728177322252
2023-05-19,P3,167.8392730173686,167.8392730173686,167.64162422333223,0.0,1.0868587777357335,186,31218.104781230562,-1.85728177322252
2023-05-20,P3,167.8392730173686,167.8392730173686,170.49566793230224,0.0,1.023093699457688,182,30546.747689161086,-1.85728177322252
2023-05-21,P3,167.8392730173686,159.44730936650018,164.17396341446621,0.05,1.0426036858749115,180,28700.515685970033,-1.85728177322252
2023-05-22,P3,167.8392730173686,159.44730936650018,167.97192935296465,0.05,1.1284109426473128,231,36832.32846366154,-1.85728177322252
2023-05-23,P3,167.8392730173686,159.44730936650018,156.994651452669,0.05,1.2137674424350946,268,42731.87891022205,-1.85728177322252
2023-05-24,P3,167.8392730173686,167.8392730173686,170.85352411019662,0.0,1.2325468738196454,227,38099.51497494268,-1.85728177322252
2023-05-25,P3,167.8392730173686,167.8392730173686,161.26194004096888,0.0,1.1689338845186428,190,31889.461873300035,-1.85728177322252
2023-05-26,P3,167.8392730173686,159.44730936650018,182.14768976494645,0.05,1.0690680672854826,214,34121.72420443104,-1.85728177322252
2023-05-27,P3,167.8392730173686,134.2714184138949,162.9714873002228,0.2,1.0060739303783668,354,47532.082118518796,-1.85728177322252
2023-05-28,P3,167.8392730173686,151.05534571563174,171.26216014909548,0.1,1.0249846141831656,262,39576.50057749552,-1.85728177322252
2023-05-29,P3,167.8392730173686,167.8392730173686,168.4766868648124,0.0,1.1090480877081301,208,34910.56878761267,-1.85728177322252
2023-05-30,P3,167.8392730173686,159.44730936650018,179.730856815649,0.05,1.1926279870860852,263,41934.64236338955,-1.85728177322252
2023-05-31,P3,167.8392730173686,167.8392730173686,161.43380377588898,0.0,1.2107677420099259,212,35581.925879682145,-1.85728177322252
2023-06-01,P3,167.8392730173686,167.8392730173686,169.13022486544077,0.0,1.1479863500453094,216,36253.28297175162,-1.85728177322252
2023-06-02,P3,167.8392730173686,151.05534571563174,161.24330680140557,0.1,1.0496464511021595,221,33383.23140315461,-1.85728177322252
2023-06-03,P3,167.8392730173686,167.8392730173686,177.12888109897244,0.0,0.9875521792141685,183,30714.586962178455,-1.85728177322252
2023-06-04,P3,167.8392730173686,159.44730936650018,156.60574180324943,0.05,1.0058693463338324,222,35397.30267936304,-1.85728177322252
2023-06-05,P3,167.8392730173686,159.44730936650018,154.283176475422,0.05,1.088103756870099,179,28541.068376603533,-1.85728177322252
2023-06-06,P3,167.8392730173686,167.8392730173686,163.22740950874845,0.0,1.1698287891576702,222,37260.31860985583,-1.85728177322252
2023-06-07,P3,167.8392730173686,167.8392730173686,162.04557354576716,0.0,1.1873458339866527,207,34742.7295145953,-1.85728177322252
2023-06-08,P3,167.8392730173686,159.44730936650018,163.70100421637608,0.05,1.1255218776613696,266,42412.98429148905,-1.85728177322252
2023-06-09,P3,167.8392730173686,167.8392730173686,161.97129131461378,0.0,1.0288755922442936,171,28700.515685970033,-1.85728177322252
2023-06-10,P3,167.8392730173686,151.05534571563174,174.47204523970254,0.1,0.9677970586816138,244,36857.504354614146,-1.85728177322252
2023-06-11,P3,167.8392730173686,167.8392730173686,162.01224616628332,0.0,0.9855351025518524,178,29875.390597091613,-1.85728177322252
2023-06-12,P3,167.8392730173686,167.8392730173686,158.73272924277484,0.0,1.065881696444906,171,28700.515685970033,-1.85728177322252
2023-06-13,P3,167.8392730173686,167.8392730173686,149.84016669928266,0.0,1.1457004952736891,211,35414.08660666478,-1.85728177322252
2023-06-14,P3,167.8392730173686,167.8392730173686,171.8830754918973,0.0,1.1626208272611183,214,35917.60442571688,-1.85728177322252
2023-06-15,P3,167.8392730173686,167.8392730173686,158.22595793124108,0.0,1.1018662596150164,166,27861.31932088319,-1.85728177322252
2023-06-16,P3,167.8392730173686,167.8392730173686,165.9108028705986,0.0,1.0070567212366235,161,27022.122955796345,-1.85728177322252
2023-06-17,P3,167.8392730173686,151.05534571563174,156.0848677971848,0.1,0.9470950685044273,231,34893.78486031093,-1.85728177322252
2023-06-18,P3,167.8392730173686,151.05534571563174,175.57499771527765,0.1,0.9642767813277757,247,37310.67039176104,-1.85728177322252
2023-06-19,P3,167.8392730173686,159.44730936650018,164.5714294226671,0.05,1.0427041830879593,249,39702.380032258545,-1.85728177322252
2023-06-20,P3,167.8392730173686,167.8392730173686,171.81397618985565,0.0,1.12059302734529,177,29707.551324074244,-1.85728177322252
2023-06-21,P3,167.8392730173686,167.8392730173686,159.13665926975455,0.0,1.1369512976053244,213,35749.76515269952,-1.85728177322252
2023-06-22,P3,167.8392730173686,167.8392730173686,176.0282914560191,0.0,1.0773625628100256,205,34407.050968560565,-1.85728177322252
2023-06-23,P3,167.8392730173686,167.8392730173686,165.4809663522856,0.0,0.9845062674578205,179,30043.229870108982,-1.85728177322252
2023-06-24,P3,167.8392730173686,167.8392730173686,166.01807381858862,0.0,0.9257464404355127,156,26182.926590709503,-1.85728177322252
2023-06-25,P3,167.8392730173686,167.8392730173686,155.9426244910889,0.0,0.9424026826361588,174,29204.03350502214,-1.85728177322252
2023-06-26,P3,167.8392730173686,167.8392730173686,156.27835702623884,0.0,1.0189073499634398,168,28196.997866917925,-1.85728177322252
2023-06-27,P3,167.8392730173686,167.8392730173686,168.78379452659692,0.0,1.0948705078091372,199,33400.01533045636,-1.85728177322252
2023-06-28,P3,167.8392730173686,167.8392730173686,154.52975871018373,0.0,1.1107095187870981,157,26350.765863726872,-1.85728177322252
2023-06-29,P3,167.8392730173686,167.8392730173686,176.95233038041715,0.0,1.0523661534590858,203,34071.37242252583,-1.85728177322252
2023-06-30,P3,167.8392730173686,151.05534571563174,145.72017379868032,0.1,0.9615512701059923,235,35498.00624317346,-1.85728177322252
2023-07-01,P3,167.8392730173686,167.8392730173686,172.44544432342798,0.0,0.9040607841294184,193,32392.979692352143,-1.85728177322252
2023-07-02,P3,167.8392730173686,167.8392730173686,160.07314319385804,0.0,0.920230036798201,165,27693.48004786582,-1.85728177322252
2023-07-03,P3,167.8392730173686,167.8392730173686,171.47710296922182,0.0,0.9948363119545736,159,26686.44440976161,-1.85728177322252
2023-07-04,P3,167.8392730173686,167.8392730173686,175.04336358439875,0.0,1.0689059789217166,182,30546.747689161086,-1.85728177322252
2023-07-05,P3,167.8392730173686,167.8392730173686,145.3086293156726,0.0,1.0842760636492668,194,32560.81896536951,-1.85728177322252
2023-07-06,P3,167.8392730173686,159.44730936650018,189.83287337373926,0.05,1.027239543365724,188,29976.094160902034,-1.85728177322252
2023-07-07,P3,167.8392730173686,167.8392730173686,158.63830320686426,0.0,0.9385246352946985,177,29707.551324074244,-1.85728177322252
2023-07-08,P3,167.8392730173686,151.05534571563174,170.19436352296026,0.1,0.8823525970112678,253,38217.00246605483,-1.85728177322252
2023-07-09,P3,167.8392730173686,167.8392730173686,170.8724814533264,0.0,0.8980804038315371,162,27189.962228813714,-1.85728177322252
2023-07-10,P3,167.8392730173686,167.8392730173686,177.04080297180508,0.0,0.9708401606160251,159,26686.44440976161,-1.85728177322252
2023-07-11,P3,167.8392730173686,151.05534571563174,170.6399051176618,0.1,1.0430759926934614,247,37310.67039176104,-1.85728177322252
2023-07-12,P3,167.8392730173686,167.8392730173686,161.12537846565058,0.0,1.0580342848310405,183,30714.586962178455,-1.85728177322252
2023-07-13,P3,167.8392730173686,167.8392730173686,165.52559023591198,0.0,1.0023471325769067,191,32057.301146317404,-1.85728177322252
2023-07-14,P3,167.8392730173686,167.8392730173686,162.74786619672707,0.0,0.9157603080637015,163,27357.801501831083,-1.85728177322252
2023-07-15,P3,167.8392730173686,134.2714184138949,165.36549597849614,0.2,0.8609367032605265,336,45115.19658706869,-1.85728177322252
2023-07-16,P3,167.8392730173686,167.8392730173686,152.09131091932642,0.0,0.8762750100083679,162,27189.962228813714,-1.85728177322252
2023-07-17,P3,167.8392730173686,167.8392730173686,157.31324255228617,0.0,0.9472669014543985,141,23665.337495448974,-1.85728177322252
2023-07-18,P3,167.8392730173686,159.44730936650018,162.76427777450732,0.05,1.0177551499224793,164,26149.35873610603,-1.85728177322252
2023-07-19,P3,167.8392730173686,167.8392730173686,178.65984462681715,0.0,1.0323647551752466,198,33232.176057438985,-1.85728177322252
