data/simulated_product_sales.csv
date,product_id,base_price,price,competitor_price,discount_pct,seasonality,demand,revenue,true_elasticity
2023-07-20,P3,167.8392730173686,167.8392730173686,173.30682188643115,0.0,0.978049924651285,151,25343.73022562266,-1.85728177322252
2023-07-21,P3,167.8392730173686,167.8392730173686,170.09280047080406,0.0,0.8935884293226306,179,30043.229870108982,-1.85728177322252
2023-07-22,P3,167.8392730173686,151.05534571563174,171.6767535511541,0.1,0.8401236880559992,235,35498.00624317346,-1.85728177322252
2023-07-23,P3,167.8392730173686,167.8392730173686,174.1427357892013,0.0,0.8551300892537534,158,26518.60513674424,-1.85728177322252
2023-07-24,P3,167.8392730173686,159.44730936650018,171.27798750653892,0.05,0.924458406959207,174,27743.831829771032,-1.85728177322252
2023-07-25,P3,167.8392730173686,167.8392730173686,161.7916910859811,0.0,0.9933106675258432,182,30546.747689161086,-1.85728177322252
2023-07-26,P3,167.8392730173686,134.2714184138949,170.3281242119264,0.2,1.0076397484497122,362,48606.253465829956,-1.85728177322252
2023-07-27,P3,167.8392730173686,159.44730936650018,172.38274565565243,0.05,0.9547002911852005,225,35875.64460746254,-1.85728177322252
2023-07-28,P3,167.8392730173686,159.44730936650018,169.4390799698265,0.05,0.8723305479642555,197,31411.119945200535,-1.85728177322252
2023-07-29,P3,167.8392730173686,159.44730936650018,167.0638686792123,0.05,0.8202153932971643,148,23598.201786242025,-1.85728177322252
2023-07-30,P3,167.8392730173686,167.8392730173686,160.72595989915445,0.0,0.8349522969456955,136,22826.14113036213,-1.85728177322252
2023-07-31,P3,167.8392730173686,167.8392730173686,161.47744851155292,0.0,0.9027454585782619,147,24672.373133553185,-1.85728177322252
2023-08-01,P3,167.8392730173686,167.8392730173686,167.9703415081608,0.0,0.9700970529560223,184,30882.426235195824,-1.85728177322252
2023-08-02,P3,167.8392730173686,167.8392730173686,169.70452232169336,0.0,0.984217840426439,163,27357.801501831083,-1.85728177322252
2023-08-03,P3,167.8392730173686,151.05534571563174,172.12582165744337,0.1,0.9326368615241983,251,37914.89177462357,-1.85728177322252
2023-08-04,P3,167.8392730173686,167.8392730173686,175.61531275957174,0.0,0.8522949575839563,132,22154.784038292655,-1.85728177322252
2023-08-05,P3,167.8392730173686,167.8392730173686,169.28134251070514,0.0,0.8015005401254008,147,24672.373133553185,-1.85728177322252
2023-08-06,P3,167.8392730173686,159.44730936650018,160.97967440233487,0.05,0.8160342626286258,158,25192.674879907026,-1.85728177322252
2023-08-07,P3,167.8392730173686,167.8392730173686,171.726483383518,0.0,0.8824429495415054,133,22322.623311310024,-1.85728177322252
2023-08-08,P3,167.8392730173686,151.05534571563174,176.60479642274743,0.1,0.9484509629370268,244,36857.504354614146,-1.85728177322252
2023-08-09,P3,167.8392730173686,167.8392730173686,161.9919892441581,0.0,0.9624387086167193,178,29875.390597091613,-1.85728177322252
2023-08-10,P3,167.8392730173686,167.8392730173686,159.87173857823575,0.0,0.9121796117722905,182,30546.747689161086,-1.85728177322252
2023-08-11,P3,167.8392730173686,167.8392730173686,170.77352350483207,0.0,0.8337722254348741,122,20476.39130811897,-1.85728177322252
2023-08-12,P3,167.8392730173686,151.05534571563174,157.4723126075543,0.1,0.7842505417297306,214,32325.843983145194,-1.85728177322252
2023-08-13,P3,167.8392730173686,134.2714184138949,165.07455916948476,0.2,0.7986503461373181,294,39475.7970136851,-1.85728177322252
2023-08-14,P3,167.8392730173686,167.8392730173686,163.90219141055184,0.0,0.8638453181045969,160,26854.28368277898,-1.85728177322252
2023-08-15,P3,167.8392730173686,151.05534571563174,174.19021611120806,0.1,0.9286863210817216,241,36404.33831746725,-1.85728177322252
2023-08-16,P3,167.8392730173686,167.8392730173686,167.0224259732602,0.0,0.9426182060793168,156,26182.926590709503,-1.85728177322252
2023-08-17,P3,167.8392730173686,151.05534571563174,167.5094076883833,0.1,0.893625224320882,215,32476.899328860825,-1.85728177322252
2023-08-18,P3,167.8392730173686,159.44730936650018,152.63270842512927,0.05,0.8170309784603169,179,28541.068376603533,-1.85728177322252
2023-08-19,P3,167.8392730173686,151.05534571563174,173.05966176431303,0.1,0.7687155671620952,212,32023.73329171393,-1.85728177322252
2023-08-20,P3,167.8392730173686,159.44730936650018,176.83051771793805,0.05,0.7830526586782726,194,30932.778017101034,-1.85728177322252
2023-08-21,P3,167.8392730173686,167.8392730173686,169.93146168984308,0.0,0.8472222774418914,163,27357.801501831083,-1.85728177322252
2023-08-22,P3,167.8392730173686,167.8392730173686,182.68274152916342,0.0,0.9110897651973386,151,25343.73022562266,-1.85728177322252
2023-08-23,P3,167.8392730173686,134.2714184138949,172.034114574171,0.2,0.9250437807440827,273,36656.09722699331,-1.85728177322252
2023-08-24,P3,167.8392730173686,167.8392730173686,166.10649209516902,0.0,0.8772427851960463,161,27022.122955796345,-1.85728177322252
2023-08-25,P3,167.8392730173686,167.8392730173686,173.08851355794147,0.0,0.8023140075167164,152,25511.56949864003,-1.85728177322252
2023-08-26,P3,167.8392730173686,159.44730936650018,167.28420097495976,0.05,0.7551209132468981,145,23119.859858142525,-1.85728177322252
2023-08-27,P3,167.8392730173686,134.2714184138949,158.9529590371608,0.2,0.7694674065730551,303,40684.239779410156,-1.85728177322252
2023-08-28,P3,167.8392730173686,159.44730936650018,167.8508509984785,0.05,0.8328149041162727,150,23917.096404975026,-1.85728177322252
2023-08-29,P3,167.8392730173686,167.8392730173686,176.3274340447126,0.0,0.8959164903048892,177,29707.551324074244,-1.85728177322252
2023-08-30,P3,167.8392730173686,167.8392730173686,171.23047941746,0.0,0.9099703066825201,142,23833.176768466343,-1.85728177322252
2023-08-31,P3,167.8392730173686,167.8392730173686,172.56294873572133,0.0,0.8632698816236097,137,22993.9804033795,-1.85728177322252
2023-09-01,P3,167.8392730173686,167.8392730173686,175.83344411913785,0.0,0.7898347462858599,144,24168.85531450108,-1.85728177322252
2023-09-02,P3,167.8392730173686,151.05534571563174,180.8817307756254,0.1,0.7436637372013993,197,29757.903105979454,-1.85728177322252
2023-09-03,P3,167.8392730173686,167.8392730173686,159.6129568575224,0.0,0.7580916106886586,173,29036.19423200477,-1.85728177322252
2023-09-04,P3,167.8392730173686,167.8392730173686,169.86443792334748,0.0,0.8208321418530182,127,21315.587673205813,-1.85728177322252
2023-09-05,P3,167.8392730173686,167.8392730173686,169.10738631432957,0.0,0.883386547659314,166,27861.31932088319,-1.85728177322252
2023-09-06,P3,167.8392730173686,167.8392730173686,163.9302496129569,0.0,0.8976163877825221,154,25847.248044674765,-1.85728177322252
2023-09-07,P3,167.8392730173686,159.44730936650018,161.06330447781124,0.05,0.8519091564073231,173,27584.384520404532,-1.85728177322252
2023-09-08,P3,167.8392730173686,151.05534571563174,158.35119022345845,0.1,0.7797741759411617,202,30513.179834557614,-1.85728177322252
2023-09-09,P3,167.8392730173686,159.44730936650018,166.44227014422682,0.05,0.7345101973523122,155,24714.332951807526,-1.85728177322252
2023-09-10,P3,167.8392730173686,134.2714184138949,175.35306324693602,0.2,0.7490902491315267,241,32359.411837748674,-1.85728177322252
2023-09-11,P3,167.8392730173686,167.8392730173686,170.26164631238532,0.0,0.8114477713219159,142,23833.176768466343,-1.85728177322252
2023-09-12,P3,167.8392730173686,134.2714184138949,163.5054142176332,0.2,0.8736816534440359,294,39475.7970136851,-1.85728177322252
2023-09-13,P3,167.8392730173686,134.2714184138949,170.71827888608723,0.2,0.8881611874334453,315,42295.496800376895,-1.85728177322252
2023-09-14,P3,167.8392730173686,167.8392730173686,166.11170815623234,0.0,0.843325369090435,136,22826.14113036213,-1.85728177322252
2023-09-15,P3,167.8392730173686,167.8392730173686,162.30391475592486,0.0,0.7722782004582276,125,20979.909127171075,-1.85728177322252
2023-09-16,P3,167.8392730173686,167.8392730173686,163.71752862436423,0.0,0.7277930434155159,123,20644.23058113634,-1.85728177322252
2023-09-17,P3,167.8392730173686,151.05534571563174,153.55436116239912,0.1,0.7425938646434777,173,26132.574808804293,-1.85728177322252
2023-09-18,P3,167.8392730173686,167.8392730173686,157.74205517424912,0.0,0.8047978898735264,126,21147.748400188444,-1.85728177322252
2023-09-19,P3,167.8392730173686,167.8392730173686,164.63753630934406,0.0,0.8669425534220014,142,23833.176768466343,-1.85728177322252
2023-09-20,P3,167.8392730173686,167.8392730173686,164.0115236128012,0.0,0.8817418301991875,156,26182.926590709503,-1.85728177322252
2023-09-21,P3,167.8392730173686,167.8392730173686,164.65532425290348,0.0,0.8376430065213428,151,25343.73022562266,-1.85728177322252
2023-09-22,P3,167.8392730173686,167.8392730173686,167.57543664237002,0.0,0.7674555306344111,122,20476.39130811897,-1.85728177322252
2023-09-23,P3,167.8392730173686,167.8392730173686,179.1854468444162,0.0,0.7236096912859904,130,21819.10549225792,-1.85728177322252
2023-09-24,P3,167.8392730173686,167.8392730173686,169.38200559612204,0.0,0.7386966713983996,163,27357.801501831083,-1.85728177322252
2023-09-25,P3,167.8392730173686,167.8392730173686,155.86915294921815,0.0,0.8009789377798605,151,25343.73022562266,-1.85728177322252
2023-09-26,P3,167.8392730173686,167.8392730173686,167.1628828510011,0.0,0.8632669817625005,138,23161.81967639687,-1.85728177322252
2023-09-27,P3,167.8392730173686,159.44730936650018,157.88757441085298,0.05,0.8784514131616458,139,22163.176001943524,-1.85728177322252
2023-09-28,P3,167.8392730173686,151.05534571563174,183.218025114389,0.1,0.8349444774762147,220,33232.176057438985,-1.85728177322252
2023-09-29,P3,167.8392730173686,167.8392730173686,164.3639832289144,0.0,0.7653761075044864,144,24168.85531450108,-1.85728177322252
2023-09-30,P3,167.8392730173686,167.8392730173686,165.49889371082463,0.0,0.7220208102584318,136,22826.14113036213,-1.85728177322252
2023-10-01,P3,167.8392730173686,167.8392730173686,182.12824005604583,0.0,0.737455188656004,127,21315.587673205813,-1.85728177322252
2023-10-02,P3,167.8392730173686,167.8392730173686,178.30314297070495,0.0,0.8000462996040218,139,23329.658949414235,-1.85728177322252
2023-10-03,P3,167.8392730173686,167.8392730173686,165.54724016373012,0.0,0.8627082436459919,166,27861.31932088319,-1.85728177322252
2023-10-04,P3,167.8392730173686,167.8392730173686,180.95497875303994,0.0,0.878337655775158,149,25008.051679587923,-1.85728177322252
2023-10-05,P3,167.8392730173686,167.8392730173686,170.0375508273732,0.0,0.8352689175211749,127,21315.587673205813,-1.85728177322252
2023-10-06,P3,167.8392730173686,167.8392730173686,186.45919608573072,0.0,0.7660700880169392,131,21986.94476527529,-1.85728177322252
2023-10-07,P3,167.8392730173686,159.44730936650018,150.24404676731172,0.05,0.7230494431674653,162,25830.46411737303,-1.85728177322252
2023-10-08,P3,167.8392730173686,167.8392730173686,169.6584456688611,0.0,0.7388874210881491,115,19301.51639699739,-1.85728177322252
2023-10-09,P3,167.8392730173686,167.8392730173686,160.21391276415562,0.0,0.8020135009825293,130,21819.10549225792,-1.85728177322252
2023-10-10,P3,167.8392730173686,134.2714184138949,163.23822121945193,0.2,0.8652744422027882,322,43235.39672927416,-1.85728177322252
2023-10-11,P3,167.8392730173686,167.8392730173686,168.40567753705906,0.0,0.8814022078124882,160,26854.28368277898,-1.85728177322252
2023-10-12,P3,167.8392730173686,167.8392730173686,178.0603419517594,0.0,0.8386116214465998,139,23329.658949414235,-1.85728177322252
2023-10-13,P3,167.8392730173686,151.05534571563174,168.8141933161483,0.1,0.7695274076811605,172,25981.51946308866,-1.85728177322252
2023-10-14,P3,167.8392730173686,159.44730936650018,163.38134196619993,0.05,0.7266806722076657,157,25033.227570540526,-1.85728177322252
2023-10-15,P3,167.8392730173686,151.05534571563174,162.11267259764142,0.1,0.7429725976650939,169,25528.353425941765,-1.85728177322252
2023-10-16,P3,167.8392730173686,167.8392730173686,160.80189147866497,0.0,0.806852012469029,128,21483.426946223182,-1.85728177322252
2023-10-17,P3,167.8392730173686,159.44730936650018,170.32484513261085,0.05,0.8709283609969616,186,29657.199542169034,-1.85728177322252
2023-10-18,P3,167.8392730173686,167.8392730173686,162.4910095698861,0.0,0.8876006254389054,162,27189.962228813714,-1.85728177322252
2023-10-19,P3,167.8392730173686,167.8392730173686,161.8428204954443,0.0,0.8449241115046799,143,24001.016041483712,-1.85728177322252
2023-10-20,P3,167.8392730173686,167.8392730173686,159.98014556132776,0.0,0.7756979265282745,126,21147.748400188444,-1.85728177322252
2023-10-21,P3,167.8392730173686,167.8392730173686,167.25537521720915,0.0,0.7328618352798533,139,23329.658949414235,-1.85728177322252
2023-10-22,P3,167.8392730173686,167.8392730173686,162.7464825038134,0.0,0.7496514728885013,137,22993.9804033795,-1.85728177322252
2023-10-23,P3,167.8392730173686,134.2714184138949,184.1129065692855,0.2,0.8144916632841607,240,32225.140419334777,-1.85728177322252
2023-10-24,P3,167.8392730173686,151.05534571563174,163.423020134127,0.1,0.8795880037597562,244,36857.504354614146,-1.85728177322252
2023-10-25,P3,167.8392730173686,167.8392730173686,162.8094111875122,0.0,0.8968430157613457,139,23329.658949414235,-1.85728177322252
2023-10-26,P3,167.8392730173686,167.8392730173686,174.28604005567698,0.0,0.8541148404606269,152,25511.56949864003,-1.85728177322252
2023-10-27,P3,167.8392730173686,167.8392730173686,162.37750844108632,0.0,0.7844921562688014,137,22993.9804033795,-1.85728177322252
2023-10-28,P3,167.8392730173686,151.05534571563174,150.3494729847919,0.1,0.7415032897260867,212,32023.73329171393,-1.85728177322252
2023-10-29,P3,167.8392730173686,167.8392730173686,154.80544528049873,0.0,0.7588271860025411,128,21483.426946223182,-1.85728177322252
2023-10-30,P3,167.8392730173686,159.44730936650018,163.05725579652105,0.05,0.8248216589711513,176,28062.726448504032,-1.85728177322252
2023-10-31,P3,167.8392730173686,167.8392730173686,161.0032231228956,0.0,0.8911277835449924,147,24672.373133553185,-1.85728177322252
2023-11-01,P3,167.8392730173686,151.05534571563174,164.06278147064432,0.1,0.9089953405050452,250,37763.83642890793,-1.85728177322252
2023-11-02,P3,167.8392730173686,167.8392730173686,170.5667798348519,0.0,0.8660505192614908,144,24168.85531450108,-1.85728177322252
2023-11-03,P3,167.8392730173686,134.2714184138949,173.59202904368502,0.2,0.7957825581015031,324,43503.93956610195,-1.85728177322252
2023-11-04,P3,167.8392730173686,167.8392730173686,162.468484954119,0.0,0.7524797123772495,129,21651.26621924055,-1.85728177322252
2023-11-05,P3,167.8392730173686,151.05534571563174,168.66225224450955,0.1,0.7703666657223371,212,32023.73329171393,-1.85728177322252
2023-11-06,P3,167.8392730173686,167.8392730173686,161.94200505138286,0.0,0.8376921881985278,128,21483.426946223182,-1.85728177322252
2023-11-07,P3,167.8392730173686,134.2714184138949,168.6092565317362,0.2,0.9053803440606716,319,42832.582474032475,-1.85728177322252
2023-11-08,P3,167.8392730173686,159.44730936650018,173.67186142715028,0.05,0.9238813599110036,163,25989.91142673953,-1.85728177322252
2023-11-09,P3,167.8392730173686,134.2714184138949,175.13318676458795,0.2,0.8805580500679905,289,38804.43992161563,-1.85728177322252
2023-11-10,P3,167.8392730173686,167.8392730173686,170.61988007315972,0.0,0.8094053923518744,149,25008.051679587923,-1.85728177322252
2023-11-11,P3,167.8392730173686,134.2714184138949,175.19102585673852,0.2,0.7656319170592122,302,40549.96836099626,-1.85728177322252
2023-11-12,P3,167.8392730173686,167.8392730173686,158.706135441689,0.0,0.7841025601076067,119,19972.873489066864,-1.85728177322252
2023-11-13,P3,167.8392730173686,167.8392730173686,154.0807815192807,0.0,0.8529165954072029,143,24001.016041483712,-1.85728177322252
2023-11-14,P3,167.8392730173686,134.2714184138949,163.90819318976335,0.2,0.9221389867628196,280,37595.997155890575,-1.85728177322252
2023-11-15,P3,167.8392730173686,167.8392730173686,170.5587478190124,0.0,0.9412851886627966,145,24336.69458751845,-1.85728177322252
2023-11-16,P3,167.8392730173686,167.8392730173686,167.37605144163683,0.0,0.8974270366154646,164,27525.640774848453,-1.85728177322252
2023-11-17,P3,167.8392730173686,159.44730936650018,166.27084725158628,0.05,0.8251630931157922,142,22641.517930043025,-1.85728177322252
2023-11-18,P3,167.8392730173686,167.8392730173686,174.76053670161318,0.0,0.7807691631990917,147,24672.373133553185,-1.85728177322252
2023-11-19,P3,167.8392730173686,167.8392730173686,159.87600006689806,0.0,0.7998356635933919,164,27525.640774848453,-1.85728177322252
2023-11-20,P3,167.8392730173686,159.44730936650018,165.5721001813744,0.05,0.8702740877930036,190,30294.988779635034,-1.85728177322252
2023-11-21,P3,167.8392730173686,167.8392730173686,160.9199801442021,0.0,0.9411606685125067,154,25847.248044674765,-1.85728177322252
2023-11-22,P3,167.8392730173686,151.05534571563174,160.8226934997102,0.1,0.9609544267752699,190,28700.515685970033,-1.85728177322252
2023-11-23,P3,167.8392730173686,167.8392730173686,170.79748189857008,0.0,0.9164128354972885,151,25343.73022562266,-1.85728177322252
2023-11-24,P3,167.8392730173686,167.8392730173686,167.31339461368435,0.0,0.8428271334699221,120,20140.712762084233,-1.85728177322252
2023-11-25,P3,167.8392730173686,167.8392730173686,156.35642294854705,0.0,0.7976719220509163,167,28029.15859390056,-1.85728177322252
2023-11-26,P3,167.8392730173686,134.2714184138949,168.87017068834564,0.2,0.8173378059797397,252,33836.397440301516,-1.85728177322252
2023-11-27,P3,167.8392730173686,159.44730936650018,178.4442535216063,0.05,0.889512937366476,168,26787.14797357203,-1.85728177322252
2023-11-28,P3,167.8392730173686,151.05534571563174,183.86304494170582,0.1,0.962169526322358,254,38368.057811770464,-1.85728177322252
2023-11-29,P3,167.8392730173686,167.8392730173686,153.9515178062619,0.0,0.9826038200392267,155,26015.087317692134,-1.85728177322252
2023-11-30,P3,167.8392730173686,167.8392730173686,171.7559386884103,0.0,0.9372401041193548,172,28868.354958987402,-1.85728177322252
