data/simulated_product_sales.csv
date,product_id,base_price,price,competitor_price,discount_pct,seasonality,demand,revenue,true_elasticity
2023-04-12,P4,151.83901810364438,144.24706719846216,144.04687346845415,0.05,1.3132437522371774,141,20338.836474983163,-1.6940039447538782
2023-04-13,P4,151.83901810364438,151.83901810364438,162.66434103875133,0.0,1.2478118812692918,96,14576.54573794986,-1.6940039447538782
2023-04-14,P4,151.83901810364438,151.83901810364438,156.99343112576645,0.0,1.1433442340721867,92,13969.189665535283,-1.6940039447538782
2023-04-15,P4,151.83901810364438,121.47121448291551,153.49425389921265,0.2,1.0779759448309594,151,18342.153386920243,-1.6940039447538782
2023-04-16,P4,151.83901810364438,151.83901810364438,147.33083104664965,0.0,1.1002691237212394,88,13361.833593120706,-1.6940039447538782
2023-04-17,P4,151.83901810364438,144.24706719846216,142.34379499613308,0.05,1.1926941097128299,114,16444.165660624687,-1.6940039447538782
2023-04-18,P4,151.83901810364438,151.83901810364438,143.08297512115055,0.0,1.284917827086736,87,13209.994575017061,-1.6940039447538782
2023-04-19,P4,151.83901810364438,151.83901810364438,150.21942874067602,0.0,1.3068243950029197,117,17765.16511812639,-1.6940039447538782
2023-04-20,P4,151.83901810364438,144.24706719846216,146.45616580256842,0.05,1.2412902632816123,142,20483.083542181626,-1.6940039447538782
2023-04-21,P4,151.83901810364438,121.47121448291551,153.1488329694255,0.2,1.1369828801665487,185,22472.17467933937,-1.6940039447538782
2023-04-22,P4,151.83901810364438,144.24706719846216,151.2510711518852,0.05,1.071615642542786,90,12982.236047861594,-1.6940039447538782
2023-04-23,P4,151.83901810364438,151.83901810364438,138.19827131964033,0.0,1.0934082525453552,102,15487.579846571727,-1.6940039447538782
2023-04-24,P4,151.83901810364438,151.83901810364438,149.71471172155591,0.0,1.1848581444386186,87,13209.994575017061,-1.6940039447538782
2023-04-25,P4,151.83901810364438,151.83901810364438,145.458806819642,0.0,1.27604778879169,111,16854.131009504526,-1.6940039447538782
2023-04-26,P4,151.83901810364438,136.65511629327995,168.27601747739897,0.1,1.2973691946538428,163,22274.783955804633,-1.6940039447538782
2023-04-27,P4,151.83901810364438,136.65511629327995,137.8239104176756,0.1,1.2318985622420162,151,20634.92256028527,-1.6940039447538782
2023-04-28,P4,151.83901810364438,151.83901810364438,145.64233685511866,0.0,1.1280056822129763,93,14121.028683638928,-1.6940039447538782
2023-04-29,P4,151.83901810364438,151.83901810364438,150.288017963059,0.0,1.0628028358787371,93,14121.028683638928,-1.6940039447538782
2023-04-30,P4,151.83901810364438,151.83901810364438,151.27741975492012,0.0,1.0840588676274525,88,13361.833593120706,-1.6940039447538782
2023-05-01,P4,151.83901810364438,121.47121448291551,146.09704779542494,0.2,1.1743412637418644,185,22472.17467933937,-1.6940039447538782
2023-05-02,P4,151.83901810364438,136.65511629327995,155.67742680585064,0.1,1.2643082076478627,163,22274.783955804633,-1.6940039447538782
2023-05-03,P4,151.83901810364438,144.24706719846216,151.49084167406494,0.05,1.2850152757538447,113,16299.918593426224,-1.6940039447538782
2023-05-04,P4,151.83901810364438,151.83901810364438,155.5699263820567,0.0,1.2197729818121672,105,15943.09690088266,-1.6940039447538782
2023-05-05,P4,151.83901810364438,151.83901810364438,156.08729968229798,0.0,1.1165428325192959,83,12602.638502602484,-1.6940039447538782
2023-05-06,P4,151.83901810364438,151.83901810364438,155.14892185659644,0.0,1.051665333052908,64,9717.69715863324,-1.6940039447538782
2023-05-07,P4,151.83901810364438,151.83901810364438,153.25690645500316,0.0,1.07235655893731,91,13817.350647431638,-1.6940039447538782
2023-05-08,P4,151.83901810364438,151.83901810364438,146.71495216874916,0.0,1.161295989264189,91,13817.350647431638,-1.6940039447538782
2023-05-09,P4,151.83901810364438,151.83901810364438,142.2375808033023,0.0,1.2498693375774623,117,17765.16511812639,-1.6940039447538782
2023-05-10,P4,151.83901810364438,151.83901810364438,158.2218330162657,0.0,1.2699418016922823,106,16094.935918986304,-1.6940039447538782
2023-05-11,P4,151.83901810364438,151.83901810364438,149.6114978320619,0.0,1.2050893738901811,84,12754.477520706128,-1.6940039447538782
2023-05-12,P4,151.83901810364438,151.83901810364438,155.07200225324522,0.0,1.1027605716946152,94,14272.86770174257,-1.6940039447538782
2023-05-13,P4,151.83901810364438,151.83901810364438,160.504959165707,0.0,1.0383646563135336,80,12147.12144829155,-1.6940039447538782
2023-05-14,P4,151.83901810364438,136.65511629327995,155.2113499965992,0.1,1.0584710398513224,132,18038.475350712954,-1.6940039447538782
2023-05-15,P4,151.83901810364438,121.47121448291551,140.28712957689686,0.2,1.1459115108172975,209,25387.483826929343,-1.6940039447538782
2023-05-16,P4,151.83901810364438,151.83901810364438,169.0912309365086,0.0,1.2329405790890424,109,16550.452973297237,-1.6940039447538782
2023-05-17,P4,151.83901810364438,151.83901810364438,160.21239130259056,0.0,1.2523673763570482,122,18524.360208644615,-1.6940039447538782
2023-05-18,P4,151.83901810364438,136.65511629327995,152.94380789276417,0.1,1.188060688308786,125,17081.889536659994,-1.6940039447538782
2023-05-19,P4,151.83901810364438,144.24706719846216,140.11418105794817,0.05,1.0868587777357335,105,15145.942055838526,-1.6940039447538782
2023-05-20,P4,151.83901810364438,151.83901810364438,150.9924485624807,0.0,1.023093699457688,77,11691.604393980617,-1.6940039447538782
2023-05-21,P4,151.83901810364438,151.83901810364438,147.91258952239798,0.0,1.0426036858749115,80,12147.12144829155,-1.6940039447538782
2023-05-22,P4,151.83901810364438,151.83901810364438,150.86987002874162,0.0,1.1284109426473128,87,13209.994575017061,-1.6940039447538782
2023-05-23,P4,151.83901810364438,136.65511629327995,133.79725652886538,0.1,1.2137674424350946,131,17901.820234419672,-1.6940039447538782
2023-05-24,P4,151.83901810364438,151.83901810364438,151.98189140535717,0.0,1.2325468738196454,89,13513.67261122435,-1.6940039447538782
2023-05-25,P4,151.83901810364438,151.83901810364438,152.79957606450776,0.0,1.1689338845186428,88,13361.833593120706,-1.6940039447538782
2023-05-26,P4,151.83901810364438,121.47121448291551,153.02862919564194,0.2,1.0690680672854826,183,22229.232250373538,-1.6940039447538782
2023-05-27,P4,151.83901810364438,151.83901810364438,167.8100010226413,0.0,1.0060739303783668,87,13209.994575017061,-1.6940039447538782
2023-05-28,P4,151.83901810364438,151.83901810364438,148.38811413888158,0.0,1.0249846141831656,82,12450.799484498839,-1.6940039447538782
2023-05-29,P4,151.83901810364438,151.83901810364438,139.40640196822835,0.0,1.1090480877081301,91,13817.350647431638,-1.6940039447538782
2023-05-30,P4,151.83901810364438,151.83901810364438,159.26254575118577,0.0,1.1926279870860852,77,11691.604393980617,-1.6940039447538782
2023-05-31,P4,151.83901810364438,151.83901810364438,143.38523475907488,0.0,1.2107677420099259,116,17613.326100022747,-1.6940039447538782
2023-06-01,P4,151.83901810364438,151.83901810364438,149.09596605566492,0.0,1.1479863500453094,93,14121.028683638928,-1.6940039447538782
2023-06-02,P4,151.83901810364438,144.24706719846216,152.67709082419077,0.05,1.0496464511021595,105,15145.942055838526,-1.6940039447538782
2023-06-03,P4,151.83901810364438,151.83901810364438,144.81977273859258,0.0,0.9875521792141685,67,10173.214212944173,-1.6940039447538782
2023-06-04,P4,151.83901810364438,151.83901810364438,156.55170306783765,0.0,1.0058693463338324,90,13665.511629327993,-1.6940039447538782
2023-06-05,P4,151.83901810364438,151.83901810364438,158.03026182916713,0.0,1.088103756870099,88,13361.833593120706,-1.6940039447538782
2023-06-06,P4,151.83901810364438,136.65511629327995,145.02530621826367,0.1,1.1698287891576702,114,15578.683257433913,-1.6940039447538782
2023-06-07,P4,151.83901810364438,151.83901810364438,152.18234669017158,0.0,1.1873458339866527,97,14728.384756053505,-1.6940039447538782
2023-06-08,P4,151.83901810364438,121.47121448291551,140.24386420422007,0.2,1.1255218776613696,145,17613.32610002275,-1.6940039447538782
2023-06-09,P4,151.83901810364438,151.83901810364438,155.63681918839214,0.0,1.0288755922442936,79,11995.282430187906,-1.6940039447538782
2023-06-10,P4,151.83901810364438,151.83901810364438,147.6326575172982,0.0,0.9677970586816138,91,13817.350647431638,-1.6940039447538782
2023-06-11,P4,151.83901810364438,136.65511629327995,155.1397710888032,0.1,0.9855351025518524,116,15851.993490020473,-1.6940039447538782
2023-06-12,P4,151.83901810364438,151.83901810364438,153.05158725848608,0.0,1.065881696444906,84,12754.477520706128,-1.6940039447538782
2023-06-13,P4,151.83901810364438,151.83901810364438,161.55306102672756,0.0,1.1457004952736891,72,10932.409303462395,-1.6940039447538782
2023-06-14,P4,151.83901810364438,151.83901810364438,153.03291643514407,0.0,1.1626208272611183,95,14424.706719846215,-1.6940039447538782
2023-06-15,P4,151.83901810364438,151.83901810364438,144.50773832443375,0.0,1.1018662596150164,104,15791.257882779015,-1.6940039447538782
2023-06-16,P4,151.83901810364438,151.83901810364438,162.22555461064957,0.0,1.0070567212366235,72,10932.409303462395,-1.6940039447538782
2023-06-17,P4,151.83901810364438,151.83901810364438,137.9329764089624,0.0,0.9470950685044273,69,10476.892249151462,-1.6940039447538782
2023-06-18,P4,151.83901810364438,151.83901810364438,142.8783629292296,0.0,0.9642767813277757,81,12298.960466395194,-1.6940039447538782
2023-06-19,P4,151.83901810364438,151.83901810364438,167.75055907432468,0.0,1.0427041830879593,98,14880.22377415715,-1.6940039447538782
2023-06-20,P4,151.83901810364438,151.83901810364438,160.98484730880446,0.0,1.12059302734529,85,12906.316538809771,-1.6940039447538782
2023-06-21,P4,151.83901810364438,151.83901810364438,158.51550910514015,0.0,1.1369512976053244,83,12602.638502602484,-1.6940039447538782
2023-06-22,P4,151.83901810364438,144.24706719846216,156.82652832771151,0.05,1.0773625628100256,111,16011.4244590293,-1.6940039447538782
2023-06-23,P4,151.83901810364438,151.83901810364438,143.3999554221673,0.0,0.9845062674578205,80,12147.12144829155,-1.6940039447538782
2023-06-24,P4,151.83901810364438,151.83901810364438,165.57676652723245,0.0,0.9257464404355127,64,9717.69715863324,-1.6940039447538782
2023-06-25,P4,151.83901810364438,144.24706719846216,137.86923820563828,0.05,0.9424026826361588,90,12982.236047861594,-1.6940039447538782
2023-06-26,P4,151.83901810364438,121.47121448291551,152.32617177111356,0.2,1.0189073499634398,152,18463.624601403157,-1.6940039447538782
2023-06-27,P4,151.83901810364438,151.83901810364438,150.980155482946,0.0,1.0948705078091372,77,11691.604393980617,-1.6940039447538782
2023-06-28,P4,151.83901810364438,151.83901810364438,158.3118835842252,0.0,1.1107095187870981,110,16702.29199140088,-1.6940039447538782
2023-06-29,P4,151.83901810364438,151.83901810364438,159.11503619610798,0.0,1.0523661534590858,86,13058.155556913416,-1.6940039447538782
2023-06-30,P4,151.83901810364438,151.83901810364438,158.94667094136463,0.0,0.9615512701059923,80,12147.12144829155,-1.6940039447538782
2023-07-01,P4,151.83901810364438,144.24706719846216,149.58054783944453,0.05,0.9040607841294184,98,14136.212585449292,-1.6940039447538782
2023-07-02,P4,151.83901810364438,151.83901810364438,152.93486662084467,0.0,0.920230036798201,81,12298.960466395194,-1.6940039447538782
2023-07-03,P4,151.83901810364438,151.83901810364438,145.5228572147016,0.0,0.9948363119545736,76,11539.765375876972,-1.6940039447538782
2023-07-04,P4,151.83901810364438,151.83901810364438,155.80628255184757,0.0,1.0689059789217166,71,10780.57028535875,-1.6940039447538782
2023-07-05,P4,151.83901810364438,151.83901810364438,166.418353899831,0.0,1.0842760636492668,77,11691.604393980617,-1.6940039447538782
2023-07-06,P4,151.83901810364438,151.83901810364438,140.53349160832624,0.0,1.027239543365724,84,12754.477520706128,-1.6940039447538782
2023-07-07,P4,151.83901810364438,151.83901810364438,161.2498790233978,0.0,0.9385246352946985,73,11084.24832156604,-1.6940039447538782
2023-07-08,P4,151.83901810364438,136.65511629327995,161.98885242977042,0.1,0.8823525970112678,111,15168.717908554074,-1.6940039447538782
2023-07-09,P4,151.83901810364438,144.24706719846216,169.32813041289916,0.05,0.8980804038315371,73,10530.035905487737,-1.6940039447538782
2023-07-10,P4,151.83901810364438,121.47121448291551,155.4807231362146,0.2,0.9708401606160251,153,18585.095815886074,-1.6940039447538782
2023-07-11,P4,151.83901810364438,136.65511629327995,144.4491737531998,0.1,1.0430759926934614,129,17628.510001833114,-1.6940039447538782
2023-07-12,P4,151.83901810364438,151.83901810364438,149.73881216635826,0.0,1.0580342848310405,90,13665.511629327993,-1.6940039447538782
2023-07-13,P4,151.83901810364438,151.83901810364438,167.40109089969982,0.0,1.0023471325769067,82,12450.799484498839,-1.6940039447538782
2023-07-14,P4,151.83901810364438,151.83901810364438,157.8502975965477,0.0,0.9157603080637015,80,12147.12144829155,-1.6940039447538782
2023-07-15,P4,151.83901810364438,121.47121448291551,141.59310176274332,0.2,0.8609367032605265,128,15548.315453813186,-1.6940039447538782
2023-07-16,P4,151.83901810364438,151.83901810364438,156.0882366117992,0.0,0.8762750100083679,73,11084.24832156604,-1.6940039447538782
2023-07-17,P4,151.83901810364438,144.24706719846216,157.09914498618613,0.05,0.9472669014543985,97,13991.96551825083,-1.6940039447538782
2023-07-18,P4,151.83901810364438,151.83901810364438,151.1154313806511,0.0,1.0177551499224793,86,13058.155556913416,-1.6940039447538782
2023-07-19,P4,151.83901810364438,151.83901810364438,160.9095990943491,0.0,1.0323647551752466,92,13969.189665535283,-1.6940039447538782
2023-07-20,P4,151.83901810364438,151.83901810364438,152.00758928459396,0.0,0.978049924651285,68,10325.053231047817,-1.6940039447538782
2023-07-21,P4,151.83901810364438,144.24706719846216,166.24677212425397,0.05,0.8935884293226306,77,11107.024174281587,-1.6940039447538782
2023-07-22,P4,151.83901810364438,151.83901810364438,148.03264720777534,0.0,0.8401236880559992,59,8958.502068115018,-1.6940039447538782
2023-07-23,P4,151.83901810364438,121.47121448291551,156.3671699379961,0.2,0.8551300892537534,124,15062.430595881524,-1.6940039447538782
2023-07-24,P4,151.83901810364438,136.65511629327995,162.02310380332315,0.1,0.924458406959207,96,13118.891164154875,-1.6940039447538782
2023-07-25,P4,151.83901810364438,121.47121448291551,149.26441840857274,0.2,0.9933106675258432,159,19313.923102783567,-1.6940039447538782
2023-07-26,P4,151.83901810364438,151.83901810364438,140.38892995759724,0.0,1.0076397484497122,72,10932.409303462395,-1.6940039447538782
2023-07-27,P4,151.83901810364438,151.83901810364438,144.32330714438692,0.0,0.9547002911852005,77,11691.604393980617,-1.6940039447538782
2023-07-28,P4,151.83901810364438,136.65511629327995,159.3568598285977,0.1,0.8723305479642555,92,12572.270698981754,-1.6940039447538782
2023-07-29,P4,151.83901810364438,136.65511629327995,157.78255706433058,0.1,0.8202153932971643,88,12025.650233808636,-1.6940039447538782
2023-07-30,P4,151.83901810364438,144.24706719846216,147.54970317277284,0.05,0.8349522969456955,83,11972.506577472359,-1.6940039447538782
2023-07-31,P4,151.83901810364438,151.83901810364438,152.97297832807428,0.0,0.9027454585782619,76,11539.765375876972,-1.6940039447538782
2023-08-01,P4,151.83901810364438,151.83901810364438,168.69834046323703,0.0,0.9700970529560223,79,11995.282430187906,-1.6940039447538782
2023-08-02,P4,151.83901810364438,136.65511629327995,149.10561765130367,0.1,0.984217840426439,102,13938.821861914554,-1.6940039447538782
2023-08-03,P4,151.83901810364438,144.24706719846216,150.86042182610103,0.05,0.9326368615241983,92,13270.73018225852,-1.6940039447538782
2023-08-04,P4,151.83901810364438,121.47121448291551,157.3916210742135,0.2,0.8522949575839563,140,17005.97002760817,-1.6940039447538782
2023-08-05,P4,151.83901810364438,151.83901810364438,158.0406396243492,0.0,0.8015005401254008,62,9414.01912242595,-1.6940039447538782
2023-08-06,P4,151.83901810364438,144.24706719846216,159.65460876291164,0.05,0.8160342626286258,85,12261.000711869283,-1.6940039447538782
2023-08-07,P4,151.83901810364438,151.83901810364438,156.04012715048256,0.0,0.8824429495415054,69,10476.892249151462,-1.6940039447538782
2023-08-08,P4,151.83901810364438,151.83901810364438,152.3947260657363,0.0,0.9484509629370268,76,11539.765375876972,-1.6940039447538782
2023-08-09,P4,151.83901810364438,151.83901810364438,149.17644162612817,0.0,0.9624387086167193,87,13209.994575017061,-1.6940039447538782
2023-08-10,P4,151.83901810364438,151.83901810364438,153.19565962068495,0.0,0.9121796117722905,83,12602.638502602484,-1.6940039447538782
2023-08-11,P4,151.83901810364438,144.24706719846216,152.5306514103376,0.05,0.8337722254348741,94,13559.224316655444,-1.6940039447538782
2023-08-12,P4,151.83901810364438,136.65511629327995,161.521721971457,0.1,0.7842505417297306,86,11752.340001222075,-1.6940039447538782
2023-08-13,P4,151.83901810364438,136.65511629327995,147.33644357580326,0.1,0.7986503461373181,92,12572.270698981754,-1.6940039447538782
2023-08-14,P4,151.83901810364438,151.83901810364438,161.0874925482353,0.0,0.8638453181045969,78,11843.443412084262,-1.6940039447538782
2023-08-15,P4,151.83901810364438,151.83901810364438,154.58286701649197,0.0,0.9286863210817216,80,12147.12144829155,-1.6940039447538782
2023-08-16,P4,151.83901810364438,151.83901810364438,158.9232806171051,0.0,0.9426182060793168,75,11387.926357773329,-1.6940039447538782
2023-08-17,P4,151.83901810364438,144.24706719846216,152.3911399044878,0.05,0.893625224320882,87,12549.494846266209,-1.6940039447538782
2023-08-18,P4,151.83901810364438,121.47121448291551,144.88235467264752,0.2,0.8170309784603169,116,14090.6608800182,-1.6940039447538782
2023-08-19,P4,151.83901810364438,151.83901810364438,159.4045841999919,0.0,0.7687155671620952,58,8806.663050011373,-1.6940039447538782
2023-08-20,P4,151.83901810364438,151.83901810364438,155.05851289680717,0.0,0.7830526586782726,64,9717.69715863324,-1.6940039447538782
