data/simulated_product_sales.csv
date,product_id,base_price,price,competitor_price,discount_pct,seasonality,demand,revenue,true_elasticity
2023-08-21,P4,151.83901810364438,151.83901810364438,141.45118749575363,0.0,0.8472222774418914,60,9110.341086218663,-1.6940039447538782
2023-08-22,P4,151.83901810364438,151.83901810364438,159.52691160241307,0.0,0.9110897651973386,73,11084.24832156604,-1.6940039447538782
2023-08-23,P4,151.83901810364438,121.47121448291551,143.20136709648386,0.2,0.9250437807440827,143,17370.38367105692,-1.6940039447538782
2023-08-24,P4,151.83901810364438,144.24706719846216,150.46146567812622,0.05,0.8772427851960463,83,11972.506577472359,-1.6940039447538782
2023-08-25,P4,151.83901810364438,151.83901810364438,140.04547052293918,0.0,0.8023140075167164,77,11691.604393980617,-1.6940039447538782
2023-08-26,P4,151.83901810364438,136.65511629327995,147.11656039856095,0.1,0.7551209132468981,89,12162.305350101915,-1.6940039447538782
2023-08-27,P4,151.83901810364438,151.83901810364438,144.28196281863902,0.0,0.7694674065730551,74,11236.087339669684,-1.6940039447538782
2023-08-28,P4,151.83901810364438,151.83901810364438,158.3530197503277,0.0,0.8328149041162727,62,9414.01912242595,-1.6940039447538782
2023-08-29,P4,151.83901810364438,121.47121448291551,158.64587514874762,0.2,0.8959164903048892,115,13969.189665535285,-1.6940039447538782
2023-08-30,P4,151.83901810364438,151.83901810364438,157.8607689877847,0.0,0.9099703066825201,73,11084.24832156604,-1.6940039447538782
2023-08-31,P4,151.83901810364438,151.83901810364438,141.14114748796885,0.0,0.8632698816236097,67,10173.214212944173,-1.6940039447538782
2023-09-01,P4,151.83901810364438,151.83901810364438,146.41319749105062,0.0,0.7898347462858599,68,10325.053231047817,-1.6940039447538782
2023-09-02,P4,151.83901810364438,121.47121448291551,152.9734034108044,0.2,0.7436637372013993,112,13604.776022086538,-1.6940039447538782
2023-09-03,P4,151.83901810364438,151.83901810364438,144.28389968604688,0.0,0.7580916106886586,60,9110.341086218663,-1.6940039447538782
2023-09-04,P4,151.83901810364438,144.24706719846216,142.47436500467379,0.05,0.8208321418530182,67,9664.553502296965,-1.6940039447538782
2023-09-05,P4,151.83901810364438,151.83901810364438,147.39068397382835,0.0,0.883386547659314,74,11236.087339669684,-1.6940039447538782
2023-09-06,P4,151.83901810364438,136.65511629327995,151.0305673225409,0.1,0.8976163877825221,96,13118.891164154875,-1.6940039447538782
2023-09-07,P4,151.83901810364438,144.24706719846216,146.58348758976146,0.05,0.8519091564073231,65,9376.059367900041,-1.6940039447538782
2023-09-08,P4,151.83901810364438,136.65511629327995,160.48181284615998,0.1,0.7797741759411617,87,11888.995117515355,-1.6940039447538782
2023-09-09,P4,151.83901810364438,151.83901810364438,153.94470993001704,0.0,0.7345101973523122,59,8958.502068115018,-1.6940039447538782
2023-09-10,P4,151.83901810364438,121.47121448291551,153.7239016133446,0.2,0.7490902491315267,97,11782.707804842805,-1.6940039447538782
2023-09-11,P4,151.83901810364438,151.83901810364438,144.43408710996528,0.0,0.8114477713219159,75,11387.926357773329,-1.6940039447538782
2023-09-12,P4,151.83901810364438,136.65511629327995,141.04969323491326,0.1,0.8736816534440359,93,12708.925815275035,-1.6940039447538782
2023-09-13,P4,151.83901810364438,151.83901810364438,159.444823208389,0.0,0.8881611874334453,69,10476.892249151462,-1.6940039447538782
2023-09-14,P4,151.83901810364438,151.83901810364438,143.7627795647551,0.0,0.843325369090435,63,9565.858140529595,-1.6940039447538782
2023-09-15,P4,151.83901810364438,151.83901810364438,138.3931525988875,0.0,0.7722782004582276,66,10021.37519484053,-1.6940039447538782
2023-09-16,P4,151.83901810364438,121.47121448291551,158.82369994021033,0.2,0.7277930434155159,109,13240.36237863779,-1.6940039447538782
2023-09-17,P4,151.83901810364438,151.83901810364438,136.08125583933526,0.0,0.7425938646434777,60,9110.341086218663,-1.6940039447538782
2023-09-18,P4,151.83901810364438,151.83901810364438,143.81942779314582,0.0,0.8047978898735264,58,8806.663050011373,-1.6940039447538782
2023-09-19,P4,151.83901810364438,151.83901810364438,155.36449130953613,0.0,0.8669425534220014,67,10173.214212944173,-1.6940039447538782
2023-09-20,P4,151.83901810364438,151.83901810364438,145.07294278824395,0.0,0.8817418301991875,74,11236.087339669684,-1.6940039447538782
2023-09-21,P4,151.83901810364438,151.83901810364438,153.21363755752006,0.0,0.8376430065213428,77,11691.604393980617,-1.6940039447538782
2023-09-22,P4,151.83901810364438,136.65511629327995,150.29847868666494,0.1,0.7674555306344111,88,12025.650233808636,-1.6940039447538782
2023-09-23,P4,151.83901810364438,136.65511629327995,151.8988440789705,0.1,0.7236096912859904,78,10659.099070875836,-1.6940039447538782
2023-09-24,P4,151.83901810364438,151.83901810364438,146.98601106531353,0.0,0.7386966713983996,55,8351.14599570044,-1.6940039447538782
2023-09-25,P4,151.83901810364438,151.83901810364438,141.2972712052015,0.0,0.8009789377798605,55,8351.14599570044,-1.6940039447538782
2023-09-26,P4,151.83901810364438,151.83901810364438,155.54468591635225,0.0,0.8632669817625005,64,9717.69715863324,-1.6940039447538782
2023-09-27,P4,151.83901810364438,136.65511629327995,152.10256317990869,0.1,0.8784514131616458,79,10795.754187169116,-1.6940039447538782
2023-09-28,P4,151.83901810364438,151.83901810364438,157.83953306228005,0.0,0.8349444774762147,77,11691.604393980617,-1.6940039447538782
2023-09-29,P4,151.83901810364438,151.83901810364438,145.33652553485862,0.0,0.7653761075044864,63,9565.858140529595,-1.6940039447538782
2023-09-30,P4,151.83901810364438,151.83901810364438,148.0164392260411,0.0,0.7220208102584318,58,8806.663050011373,-1.6940039447538782
2023-10-01,P4,151.83901810364438,151.83901810364438,148.93268879444287,0.0,0.737455188656004,59,8958.502068115018,-1.6940039447538782
2023-10-02,P4,151.83901810364438,151.83901810364438,156.0700449412731,0.0,0.8000462996040218,64,9717.69715863324,-1.6940039447538782
2023-10-03,P4,151.83901810364438,121.47121448291551,148.80300405691636,0.2,0.8627082436459919,137,16641.556384159427,-1.6940039447538782
2023-10-04,P4,151.83901810364438,151.83901810364438,161.82076199069706,0.0,0.878337655775158,67,10173.214212944173,-1.6940039447538782
2023-10-05,P4,151.83901810364438,151.83901810364438,142.90956787653613,0.0,0.8352689175211749,71,10780.57028535875,-1.6940039447538782
2023-10-06,P4,151.83901810364438,136.65511629327995,153.95711011232348,0.1,0.7660700880169392,93,12708.925815275035,-1.6940039447538782
2023-10-07,P4,151.83901810364438,151.83901810364438,150.30146411465822,0.0,0.7230494431674653,56,8502.985013804086,-1.6940039447538782
2023-10-08,P4,151.83901810364438,151.83901810364438,141.19580087996383,0.0,0.7388874210881491,68,10325.053231047817,-1.6940039447538782
2023-10-09,P4,151.83901810364438,151.83901810364438,161.23522466828976,0.0,0.8020135009825293,68,10325.053231047817,-1.6940039447538782
2023-10-10,P4,151.83901810364438,151.83901810364438,149.7275505613344,0.0,0.8652744422027882,68,10325.053231047817,-1.6940039447538782
2023-10-11,P4,151.83901810364438,144.24706719846216,159.27069957380294,0.05,0.8814022078124882,72,10385.788838289276,-1.6940039447538782
2023-10-12,P4,151.83901810364438,136.65511629327995,144.3594705656225,0.1,0.8386116214465998,107,14622.097443380953,-1.6940039447538782
2023-10-13,P4,151.83901810364438,136.65511629327995,150.70067552570805,0.1,0.7695274076811605,74,10112.478605702716,-1.6940039447538782
2023-10-14,P4,151.83901810364438,144.24706719846216,149.3492991452234,0.05,0.7266806722076657,75,10818.530039884663,-1.6940039447538782
2023-10-15,P4,151.83901810364438,144.24706719846216,149.0641149744996,0.05,0.7429725976650939,70,10097.294703892352,-1.6940039447538782
2023-10-16,P4,151.83901810364438,151.83901810364438,147.2522073207688,0.0,0.806852012469029,56,8502.985013804086,-1.6940039447538782
2023-10-17,P4,151.83901810364438,151.83901810364438,148.40784066046146,0.0,0.8709283609969616,65,9869.536176736885,-1.6940039447538782
2023-10-18,P4,151.83901810364438,151.83901810364438,143.78172971490335,0.0,0.8876006254389054,72,10932.409303462395,-1.6940039447538782
2023-10-19,P4,151.83901810364438,136.65511629327995,154.2648337172231,0.1,0.8449241115046799,110,15032.062792260795,-1.6940039447538782
2023-10-20,P4,151.83901810364438,151.83901810364438,163.5705346723032,0.0,0.7756979265282745,78,11843.443412084262,-1.6940039447538782
2023-10-21,P4,151.83901810364438,136.65511629327995,143.5078517011137,0.1,0.7328618352798533,70,9565.858140529595,-1.6940039447538782
2023-10-22,P4,151.83901810364438,144.24706719846216,154.7334058576281,0.05,0.7496514728885013,70,10097.294703892352,-1.6940039447538782
2023-10-23,P4,151.83901810364438,151.83901810364438,159.0514916340503,0.0,0.8144916632841607,68,10325.053231047817,-1.6940039447538782
2023-10-24,P4,151.83901810364438,151.83901810364438,150.01445792392397,0.0,0.8795880037597562,59,8958.502068115018,-1.6940039447538782
2023-10-25,P4,151.83901810364438,151.83901810364438,154.1295097593194,0.0,0.8968430157613457,74,11236.087339669684,-1.6940039447538782
2023-10-26,P4,151.83901810364438,151.83901810364438,154.0968252311064,0.0,0.8541148404606269,69,10476.892249151462,-1.6940039447538782
2023-10-27,P4,151.83901810364438,121.47121448291551,135.16612350434877,0.2,0.7844921562688014,119,14455.074523466947,-1.6940039447538782
2023-10-28,P4,151.83901810364438,136.65511629327995,163.3281928319522,0.1,0.7415032897260867,86,11752.340001222075,-1.6940039447538782
2023-10-29,P4,151.83901810364438,136.65511629327995,145.7659090496967,0.1,0.7588271860025411,69,9429.203024236316,-1.6940039447538782
2023-10-30,P4,151.83901810364438,121.47121448291551,160.90111132129917,0.2,0.8248216589711513,120,14576.545737949862,-1.6940039447538782
2023-10-31,P4,151.83901810364438,136.65511629327995,162.41805646521374,0.1,0.8911277835449924,107,14622.097443380953,-1.6940039447538782
2023-11-01,P4,151.83901810364438,151.83901810364438,149.31350112055244,0.0,0.9089953405050452,82,12450.799484498839,-1.6940039447538782
2023-11-02,P4,151.83901810364438,151.83901810364438,164.51051200105366,0.0,0.8660505192614908,64,9717.69715863324,-1.6940039447538782
2023-11-03,P4,151.83901810364438,144.24706719846216,146.20591634511152,0.05,0.7957825581015031,86,12405.247779067746,-1.6940039447538782
2023-11-04,P4,151.83901810364438,151.83901810364438,156.2871740340264,0.0,0.7524797123772495,57,8654.82403190773,-1.6940039447538782
2023-11-05,P4,151.83901810364438,144.24706719846216,146.8708310432668,0.05,0.7703666657223371,67,9664.553502296965,-1.6940039447538782
2023-11-06,P4,151.83901810364438,121.47121448291551,140.45856252575962,0.2,0.8376921881985278,128,15548.315453813186,-1.6940039447538782
2023-11-07,P4,151.83901810364438,136.65511629327995,145.12653033151074,0.1,0.9053803440606716,75,10249.133721995995,-1.6940039447538782
2023-11-08,P4,151.83901810364438,151.83901810364438,165.9259081739653,0.0,0.9238813599110036,77,11691.604393980617,-1.6940039447538782
2023-11-09,P4,151.83901810364438,151.83901810364438,143.97443276329085,0.0,0.8805580500679905,71,10780.57028535875,-1.6940039447538782
2023-11-10,P4,151.83901810364438,151.83901810364438,159.1296049710243,0.0,0.8094053923518744,69,10476.892249151462,-1.6940039447538782
2023-11-11,P4,151.83901810364438,144.24706719846216,155.43710251714873,0.05,0.7656319170592122,68,9808.800569495426,-1.6940039447538782
2023-11-12,P4,151.83901810364438,121.47121448291551,158.57690465240637,0.2,0.7841025601076067,131,15912.729097261932,-1.6940039447538782
2023-11-13,P4,151.83901810364438,144.24706719846216,137.7145882265746,0.05,0.8529165954072029,88,12693.74191346467,-1.6940039447538782
2023-11-14,P4,151.83901810364438,136.65511629327995,149.18609188707333,0.1,0.9221389867628196,95,12982.236047861596,-1.6940039447538782
2023-11-15,P4,151.83901810364438,151.83901810364438,139.34575976790845,0.0,0.9412851886627966,88,13361.833593120706,-1.6940039447538782
2023-11-16,P4,151.83901810364438,136.65511629327995,148.70945844532096,0.1,0.8974270366154646,110,15032.062792260795,-1.6940039447538782
2023-11-17,P4,151.83901810364438,136.65511629327995,152.5752109248796,0.1,0.8251630931157922,91,12435.615582688475,-1.6940039447538782
2023-11-18,P4,151.83901810364438,151.83901810364438,149.71332270203348,0.0,0.7807691631990917,55,8351.14599570044,-1.6940039447538782
2023-11-19,P4,151.83901810364438,144.24706719846216,154.22653081942602,0.05,0.7998356635933919,90,12982.236047861594,-1.6940039447538782
2023-11-20,P4,151.83901810364438,151.83901810364438,147.4307646974774,0.0,0.8702740877930036,66,10021.37519484053,-1.6940039447538782
2023-11-21,P4,151.83901810364438,136.65511629327995,156.62307667724536,0.1,0.9411606685125067,86,11752.340001222075,-1.6940039447538782
2023-11-22,P4,151.83901810364438,121.47121448291551,146.28450586117773,0.2,0.9609544267752699,177,21500.404963476045,-1.6940039447538782
2023-11-23,P4,151.83901810364438,151.83901810364438,154.36896010056378,0.0,0.9164128354972885,76,11539.765375876972,-1.6940039447538782
2023-11-24,P4,151.83901810364438,151.83901810364438,147.2213923198933,0.0,0.8428271334699221,71,10780.57028535875,-1.6940039447538782
2023-11-25,P4,151.83901810364438,144.24706719846216,170.7047879921272,0.05,0.7976719220509163,86,12405.247779067746,-1.6940039447538782
2023-11-26,P4,151.83901810364438,144.24706719846216,148.82353076369571,0.05,0.8173378059797397,69,9953.04763669389,-1.6940039447538782
2023-11-27,P4,151.83901810364438,151.83901810364438,152.42347033373417,0.0,0.889512937366476,73,11084.24832156604,-1.6940039447538782
2023-11-28,P4,151.83901810364438,144.24706719846216,156.15202974605774,0.05,0.962169526322358,82,11828.259510273898,-1.6940039447538782
2023-11-29,P4,151.83901810364438,151.83901810364438,149.94585808658533,0.0,0.9826038200392267,100,15183.901810364438,-1.6940039447538782
2023-11-30,P4,151.83901810364438,151.83901810364438,153.6829664232331,0.0,0.9372401041193548,60,9110.341086218663,-1.6940039447538782
2023-12-01,P4,151.83901810364438,151.83901810364438,147.87672767976377,0.0,0.8621413396960136,74,11236.087339669684,-1.6940039447538782
2023-12-02,P4,151.83901810364438,151.83901810364438,166.4417241467346,0.0,0.8160950604233574,61,9262.180104322308,-1.6940039447538782
2023-12-03,P4,151.83901810364438,151.83901810364438,155.2062285513339,0.0,0.8363551614825955,56,8502.985013804086,-1.6940039447538782
2023-12-04,P4,151.83901810364438,144.24706719846216,136.16100900134225,0.05,0.9103541316519179,87,12549.494846266209,-1.6940039447538782
2023-12-05,P4,151.83901810364438,151.83901810364438,151.6132209254578,0.0,0.9848608780747229,76,11539.765375876972,-1.6940039447538782
2023-12-06,P4,151.83901810364438,151.83901810364438,164.31546438116132,0.0,1.0059193969363103,85,12906.316538809771,-1.6940039447538782
2023-12-07,P4,151.83901810364438,151.83901810364438,169.98959745233174,0.0,0.9596067938712115,81,12298.960466395194,-1.6940039447538782
2023-12-08,P4,151.83901810364438,151.83901810364438,131.30740960813046,0.0,0.8828256064543585,67,10173.214212944173,-1.6940039447538782
2023-12-09,P4,151.83901810364438,151.83901810364438,146.41029323846357,0.0,0.8357713957373387,64,9717.69715863324,-1.6940039447538782
2023-12-10,P4,151.83901810364438,151.83901810364438,144.36099865049962,0.0,0.8566119298562165,71,10780.57028535875,-1.6940039447538782
2023-12-11,P4,151.83901810364438,151.83901810364438,160.7788798427514,0.0,0.9324954200811773,74,11236.087339669684,-1.6940039447538782
2023-12-12,P4,151.83901810364438,151.83901810364438,147.90872150644384,0.0,1.008905641190871,81,12298.960466395194,-1.6940039447538782
2023-12-13,P4,151.83901810364438,151.83901810364438,164.62826483126904,0.0,1.030563022028243,99,15032.062792260793,-1.6940039447538782
2023-12-14,P4,151.83901810364438,151.83901810364438,146.68679330015698,0.0,0.9831885306026744,77,11691.604393980617,-1.6940039447538782
2023-12-15,P4,151.83901810364438,121.47121448291551,153.48963407223076,0.2,0.9045799590269116,135,16398.613955193596,-1.6940039447538782
2023-12-16,P4,151.83901810364438,151.83901810364438,163.97504097074247,0.0,0.8564155708561075,75,11387.926357773329,-1.6940039447538782
2023-12-17,P4,151.83901810364438,151.83901810364438,146.3071247471831,0.0,0.8778143362014306,87,13209.994575017061,-1.6940039447538782
2023-12-18,P4,151.83901810364438,151.83901810364438,145.69423864638804,0.0,0.9556156973991666,85,12906.316538809771,-1.6940039447538782
2023-12-19,P4,151.83901810364438,144.24706719846216,158.4715628007621,0.05,1.0339551051692162,98,14136.212585449292,-1.6940039447538782
2023-12-20,P4,151.83901810364438,151.83901810364438,139.57128494529147,0.0,1.056177299784647,89,13513.67261122435,-1.6940039447538782
2023-12-21,P4,151.83901810364438,151.83901810364438,153.30092595050644,0.0,1.007643318877807,91,13817.350647431638,-1.6940039447538782
2023-12-22,P4,151.83901810364438,144.24706719846216,151.0468527419783,0.05,0.9270889037171608,92,13270.73018225852,-1.6940039447538782
2023-12-23,P4,151.83901810364438,121.47121448291551,153.6255405139976,0.2,0.8777281924928301,128,15548.315453813186,-1.6940039447538782
2023-12-24,P4,151.83901810364438,151.83901810364438,144.09754129817065,0.0,0.8996548914522914,75,11387.926357773329,-1.6940039447538782
2023-12-25,P4,151.83901810364438,136.65511629327995,148.03358203076363,0.1,0.979379660510513,125,17081.889536659994,-1.6940039447538782
2023-12-26,P4,151.83901810364438,144.24706719846216,157.53222390513358,0.05,1.0596459887785743,104,15001.694988640065,-1.6940039447538782
2023-12-27,P4,151.83901810364438,151.83901810364438,148.83149643756033,0.0,1.0823907577314098,81,12298.960466395194,-1.6940039447538782
2023-12-28,P4,151.83901810364438,144.24706719846216,153.27638931756934,0.05,1.0326165017825684,102,14713.200854243141,-1.6940039447538782
2023-12-29,P4,151.83901810364438,136.65511629327995,144.89783927855063,0.1,0.9500260033148417,100,13665.511629327995,-1.6940039447538782
2023-12-30,P4,151.83901810364438,144.24706719846216,140.16574981644763,0.05,0.8994001731782236,85,12261.000711869283,-1.6940039447538782
2023-12-31,P4,151.83901810364438,151.83901810364438,151.1330973148701,0.0,0.9218168517531973,73,11084.24832156604,-1.6940039447538782
