data/simulated_product_sales.csv
date,product_id,base_price,price,competitor_price,discount_pct,seasonality,demand,revenue,true_elasticity
2023-01-01,P5,98.72223685309238,98.72223685309238,96.80531293188537,0.0,0.9249903641091327,69,6811.834342863374,-1.4966460347225208
2023-01-02,P5,98.72223685309238,98.72223685309238,96.7113568610822,0.0,1.0068843223245492,89,8786.279079925222,-1.4966460347225208
2023-01-03,P5,98.72223685309238,88.85001316778315,105.19430626669974,0.1,1.089314239310447,110,9773.501448456145,-1.4966460347225208
2023-01-04,P5,98.72223685309238,78.97778948247391,99.11592399004861,0.2,1.112594824704955,142,11214.846106511295,-1.4966460347225208
2023-01-05,P5,98.72223685309238,98.72223685309238,104.34721042983033,0.0,1.0613273082254189,78,7700.334474541206,-1.4966460347225208
2023-01-06,P5,98.72223685309238,98.72223685309238,99.54675017053926,0.0,0.9763372825777741,78,7700.334474541206,-1.4966460347225208
2023-01-07,P5,98.72223685309238,98.72223685309238,98.16208369304145,0.0,0.9242049341968644,72,7108.001053422651,-1.4966460347225208
2023-01-08,P5,98.72223685309238,78.97778948247391,103.74565080710902,0.2,0.947126028857596,143,11293.82389599377,-1.4966460347225208
2023-01-09,P5,98.72223685309238,93.78612501043776,101.66164652512255,0.05,1.0308617641328561,87,8159.3928759080845,-1.4966460347225208
2023-01-10,P5,98.72223685309238,98.72223685309238,97.92477844906492,0.0,1.1151202245401388,80,7897.778948247391,-1.4966460347225208
2023-01-11,P5,98.72223685309238,78.97778948247391,105.39128375762252,0.2,1.1388082826517179,173,13663.157580467987,-1.4966460347225208
2023-01-12,P5,98.72223685309238,98.72223685309238,104.70558771082237,0.0,1.0861891040317362,79,7799.056711394298,-1.4966460347225208
2023-01-13,P5,98.72223685309238,78.97778948247391,97.73327412113623,0.2,0.9990701659720198,143,11293.82389599377,-1.4966460347225208
2023-01-14,P5,98.72223685309238,88.85001316778315,95.38423461659589,0.1,0.9455879871538707,87,7729.951145597133,-1.4966460347225208
2023-01-15,P5,98.72223685309238,98.72223685309238,106.41659460688945,0.0,0.9688946458709589,63,6219.5009217448205,-1.4966460347225208
2023-01-16,P5,98.72223685309238,98.72223685309238,94.57290457533604,0.0,1.0543916315068211,87,8588.834606219038,-1.4966460347225208
2023-01-17,P5,98.72223685309238,98.72223685309238,97.52424868975457,0.0,1.1403905277862254,71,7009.278816569559,-1.4966460347225208
2023-01-18,P5,98.72223685309238,98.72223685309238,93.00480762924914,0.0,1.164422560408122,74,7305.445527128836,-1.4966460347225208
2023-01-19,P5,98.72223685309238,98.72223685309238,103.45000338408738,0.0,1.110430179891831,87,8588.834606219038,-1.4966460347225208
2023-01-20,P5,98.72223685309238,98.72223685309238,107.03636951069464,0.0,1.0211872920527931,86,8490.112369365945,-1.4966460347225208
2023-01-21,P5,98.72223685309238,98.72223685309238,95.09320231866559,0.0,0.9663462587494526,87,8588.834606219038,-1.4966460347225208
2023-01-22,P5,98.72223685309238,98.72223685309238,97.33122878449637,0.0,0.989980514581871,77,7601.612237688113,-1.4966460347225208
2023-01-23,P5,98.72223685309238,98.72223685309238,98.44620726489534,0.0,1.0771326812487214,86,8490.112369365945,-1.4966460347225208
2023-01-24,P5,98.72223685309238,98.72223685309238,99.98697649252334,0.0,1.164758665083878,94,9279.890264190684,-1.4966460347225208
2023-01-25,P5,98.72223685309238,98.72223685309238,100.60442374591064,0.0,1.1890661855000546,94,9279.890264190684,-1.4966460347225208
2023-01-26,P5,98.72223685309238,78.97778948247391,87.08617146995185,0.2,1.133698978267734,150,11846.668422371087,-1.4966460347225208
2023-01-27,P5,98.72223685309238,88.85001316778315,96.18121199505231,0.1,1.0423679059807958,111,9862.35146162393,-1.4966460347225208
2023-01-28,P5,98.72223685309238,98.72223685309238,94.94211314130148,0.0,0.9861787010063351,75,7404.167763981929,-1.4966460347225208
2023-01-29,P5,98.72223685309238,98.72223685309238,103.60980815141612,0.0,1.010077836017848,76,7502.890000835021,-1.4966460347225208
2023-01-30,P5,98.72223685309238,98.72223685309238,99.82344009110285,0.0,1.0987551100319954,95,9378.612501043777,-1.4966460347225208
2023-01-31,P5,98.72223685309238,98.72223685309238,98.78556047241355,0.0,1.1878712361796298,96,9477.334737896868,-1.4966460347225208
2023-02-01,P5,98.72223685309238,98.72223685309238,104.37990093955092,0.0,1.212381762397138,92,9082.445790484499,-1.4966460347225208
2023-02-02,P5,98.72223685309238,98.72223685309238,97.25435526661829,0.0,1.155658042129248,87,8588.834606219038,-1.4966460347225208
2023-02-03,P5,98.72223685309238,98.72223685309238,97.96794408844691,0.0,1.0623048347358133,94,9279.890264190684,-1.4966460347225208
2023-02-04,P5,98.72223685309238,78.97778948247391,96.33230007842862,0.2,1.0047976928382278,127,10030.179264274186,-1.4966460347225208
2023-02-05,P5,98.72223685309238,88.85001316778315,92.16123037530825,0.1,1.0288951476677128,106,9418.101395785014,-1.4966460347225208
2023-02-06,P5,98.72223685309238,78.97778948247391,107.67342006929542,0.2,1.1189453373921527,151,11925.64621185356,-1.4966460347225208
2023-02-07,P5,98.72223685309238,98.72223685309238,93.92358388745913,0.0,1.2093930497380205,102,10069.668159015424,-1.4966460347225208
2023-02-08,P5,98.72223685309238,98.72223685309238,96.35903099843176,0.0,1.234031155661095,98,9674.779211603054,-1.4966460347225208
2023-02-09,P5,98.72223685309238,98.72223685309238,92.26196072743994,0.0,1.1759889089431173,108,10662.001580133978,-1.4966460347225208
2023-02-10,P5,98.72223685309238,98.72223685309238,100.67594423751763,0.0,1.0807089419103597,85,8391.390132512852,-1.4966460347225208
2023-02-11,P5,98.72223685309238,98.72223685309238,90.29076848069916,0.0,1.02193321129047,99,9773.501448456145,-1.4966460347225208
2023-02-12,P5,98.72223685309238,78.97778948247391,104.13863330377401,0.2,1.0461595504327208,123,9714.26810634429,-1.4966460347225208
2023-02-13,P5,98.72223685309238,98.72223685309238,98.7759356202878,0.0,1.1374105534447334,92,9082.445790484499,-1.4966460347225208
2023-02-14,P5,98.72223685309238,98.72223685309238,99.9249561605597,0.0,1.2290119844724003,84,8292.66789565976,-1.4966460347225208
2023-02-15,P5,98.72223685309238,78.97778948247391,95.38634350724337,0.2,1.253700393773568,148,11688.712843406138,-1.4966460347225208
2023-02-16,P5,98.72223685309238,98.72223685309238,99.26785154270709,0.0,1.1943967291934574,86,8490.112369365945,-1.4966460347225208
2023-02-17,P5,98.72223685309238,98.72223685309238,97.7092066035098,0.0,1.097313320926355,74,7305.445527128836,-1.4966460347225208
2023-02-18,P5,98.72223685309238,98.72223685309238,94.49272021423435,0.0,1.0373367475628068,71,7009.278816569559,-1.4966460347225208
2023-02-19,P5,98.72223685309238,98.72223685309238,97.93401290803487,0.0,1.0616206663607712,85,8391.390132512852,-1.4966460347225208
2023-02-20,P5,98.72223685309238,98.72223685309238,98.94678786814845,0.0,1.1538829653767877,94,9279.890264190684,-1.4966460347225208
2023-02-21,P5,98.72223685309238,93.78612501043776,97.04772524153593,0.05,1.2464435157010845,93,8722.109625970712,-1.4966460347225208
2023-02-22,P5,98.72223685309238,98.72223685309238,100.32380081248803,0.0,1.2711042225253613,80,7897.778948247391,-1.4966460347225208
2023-02-23,P5,98.72223685309238,78.97778948247391,92.91726995107929,0.2,1.210614542453102,164,12952.357475125722,-1.4966460347225208
2023-02-24,P5,98.72223685309238,93.78612501043776,98.69479062176751,0.05,1.1118771658624753,111,10410.25987615859,-1.4966460347225208
2023-02-25,P5,98.72223685309238,93.78612501043776,99.92768918125877,0.05,1.0507849110219516,79,7409.103875824583,-1.4966460347225208
2023-02-26,P5,98.72223685309238,93.78612501043776,100.08747409829961,0.05,1.0750542697664494,96,9003.468001002024,-1.4966460347225208
2023-02-27,P5,98.72223685309238,98.72223685309238,105.0731657514095,0.0,1.1681236811268956,84,8292.66789565976,-1.4966460347225208
2023-02-28,P5,98.72223685309238,98.72223685309238,91.00692470195057,0.0,1.2614348416822214,85,8391.390132512852,-1.4966460347225208
2023-03-01,P5,98.72223685309238,88.85001316778315,98.30355745251433,0.1,1.2859902419313196,154,13682.902027838605,-1.4966460347225208
2023-03-02,P5,98.72223685309238,88.85001316778315,89.63042344303594,0.1,1.2244071489919024,138,12261.301817154073,-1.4966460347225208
2023-03-03,P5,98.72223685309238,98.72223685309238,94.97322702714894,0.0,1.124189263755292,80,7897.778948247391,-1.4966460347225208
2023-03-04,P5,98.72223685309238,98.72223685309238,99.53321419012421,0.0,1.062082668936553,100,9872.223685309238,-1.4966460347225208
2023-03-05,P5,98.72223685309238,88.85001316778315,99.07704919115541,0.1,1.0862655390763807,118,10484.301553798412,-1.4966460347225208
2023-03-06,P5,98.72223685309238,88.85001316778315,99.75652124853407,0.1,1.1799261739304487,109,9684.651435288362,-1.4966460347225208
2023-03-07,P5,98.72223685309238,98.72223685309238,106.7758574294706,0.0,1.2737685498849796,104,10267.112632721608,-1.4966460347225208
2023-03-08,P5,98.72223685309238,98.72223685309238,98.26956566126685,0.0,1.2981425666750193,91,8983.723553631407,-1.4966460347225208
2023-03-09,P5,98.72223685309238,78.97778948247391,96.84159598175572,0.2,1.2355745207737707,182,14373.957685810252,-1.4966460347225208
2023-03-10,P5,98.72223685309238,78.97778948247391,102.47128728388505,0.2,1.1340710577269086,154,12162.579580300982,-1.4966460347225208
2023-03-11,P5,98.72223685309238,98.72223685309238,89.40516827326556,0.0,1.0710661749501227,77,7601.612237688113,-1.4966460347225208
2023-03-12,P5,98.72223685309238,93.78612501043776,93.1876523491101,0.05,1.0950918822398308,107,10035.11537611684,-1.4966460347225208
2023-03-13,P5,98.72223685309238,98.72223685309238,90.95551285842976,0.0,1.1891192774854284,80,7897.778948247391,-1.4966460347225208
2023-03-14,P5,98.72223685309238,98.72223685309238,88.74241264291321,0.0,1.283265770026752,98,9674.779211603054,-1.4966460347225208
2023-03-15,P5,98.72223685309238,98.72223685309238,92.20200180657115,0.0,1.3073849569974596,79,7799.056711394298,-1.4966460347225208
2023-03-16,P5,98.72223685309238,93.78612501043776,104.44507135107735,0.05,1.2439547023742912,122,11441.907251273406,-1.4966460347225208
2023-03-17,P5,98.72223685309238,98.72223685309238,100.01655809820524,0.0,1.1413792365159183,82,8095.223421953576,-1.4966460347225208
2023-03-18,P5,98.72223685309238,98.72223685309238,106.17147632047596,0.0,1.0776051452718471,88,8687.55684307213,-1.4966460347225208
2023-03-19,P5,98.72223685309238,98.72223685309238,98.03586892286587,0.0,1.1014052947288766,95,9378.612501043777,-1.4966460347225208
2023-03-20,P5,98.72223685309238,98.72223685309238,104.67818965575978,0.0,1.1955696683011314,78,7700.334474541206,-1.4966460347225208
2023-03-21,P5,98.72223685309238,98.72223685309238,96.83552045422083,0.0,1.2897887681492832,92,9082.445790484499,-1.4966460347225208
2023-03-22,P5,98.72223685309238,93.78612501043776,96.63130687729223,0.05,1.3135833746238765,101,9472.398626054213,-1.4966460347225208
2023-03-23,P5,98.72223685309238,98.72223685309238,95.83329446610895,0.0,1.249426159748184,84,8292.66789565976,-1.4966460347225208
2023-03-24,P5,98.72223685309238,98.72223685309238,95.61236309044689,0.0,1.1460078128568654,95,9378.612501043777,-1.4966460347225208
2023-03-25,P5,98.72223685309238,98.72223685309238,93.10899523063787,0.0,1.0816047481244389,76,7502.890000835021,-1.4966460347225208
2023-03-26,P5,98.72223685309238,88.85001316778315,101.16415928931953,0.1,1.1051142159311242,119,10573.151566966195,-1.4966460347225208
2023-03-27,P5,98.72223685309238,98.72223685309238,105.60626374790836,0.0,1.1991837992294359,82,8095.223421953576,-1.4966460347225208
2023-03-28,P5,98.72223685309238,98.72223685309238,99.48483486545223,0.0,1.293242944112985,96,9477.334737896868,-1.4966460347225208
2023-03-29,P5,98.72223685309238,93.78612501043776,90.22632047858893,0.05,1.3166479266612068,107,10035.11537611684,-1.4966460347225208
2023-03-30,P5,98.72223685309238,88.85001316778315,94.95835660648888,0.1,1.251909542783491,143,12705.55188299299,-1.4966460347225208
2023-03-31,P5,98.72223685309238,93.78612501043776,96.4235130632739,0.05,1.1478896605664024,84,7878.034500876772,-1.4966460347225208
2023-04-01,P5,98.72223685309238,93.78612501043776,102.08551750243946,0.05,1.0830069790472123,85,7971.82062588721,-1.4966460347225208
2023-04-02,P5,98.72223685309238,98.72223685309238,100.8058120803042,0.0,1.1061648570125344,98,9674.779211603054,-1.4966460347225208
2023-04-03,P5,98.72223685309238,98.72223685309238,88.53704811596766,0.0,1.1999092561374716,89,8786.279079925222,-1.4966460347225208
2023-04-04,P5,98.72223685309238,93.78612501043776,99.56237320524068,0.05,1.2935782035406715,127,11910.837876325595,-1.4966460347225208
2023-04-05,P5,98.72223685309238,98.72223685309238,95.49452127458574,0.0,1.3165341692747192,102,10069.668159015424,-1.4966460347225208
2023-04-06,P5,98.72223685309238,98.72223685309238,89.01819146326541,0.0,1.2513688360809478,95,9378.612501043777,-1.4966460347225208
2023-04-07,P5,98.72223685309238,98.72223685309238,88.67122471468905,0.0,1.1469974880444616,89,8786.279079925222,-1.4966460347225208
2023-04-08,P5,98.72223685309238,78.97778948247391,93.29425482219271,0.2,1.081791502108969,150,11846.668422371087,-1.4966460347225208
2023-04-09,P5,98.72223685309238,98.72223685309238,100.71747676434119,0.0,1.1045419809929498,91,8983.723553631407,-1.4966460347225208
2023-04-10,P5,98.72223685309238,88.85001316778315,101.92789826829804,0.1,1.1977355180464682,131,11639.351724979591,-1.4966460347225208
2023-04-11,P5,98.72223685309238,88.85001316778315,100.23961525406003,0.1,1.2907896843140256,123,10928.551619637326,-1.4966460347225208
2023-04-12,P5,98.72223685309238,98.72223685309238,107.89835866586535,0.0,1.3132437522371774,111,10958.168290693255,-1.4966460347225208
2023-04-13,P5,98.72223685309238,93.78612501043776,96.12766377498153,0.05,1.2478118812692918,112,10504.046001169028,-1.4966460347225208
2023-04-14,P5,98.72223685309238,98.72223685309238,98.1053229261966,0.0,1.1433442340721867,81,7996.501185100483,-1.4966460347225208
2023-04-15,P5,98.72223685309238,93.78612501043776,93.33140446243763,0.05,1.0779759448309594,98,9191.0402510229,-1.4966460347225208
2023-04-16,P5,98.72223685309238,98.72223685309238,96.25227514774926,0.0,1.1002691237212394,88,8687.55684307213,-1.4966460347225208
2023-04-17,P5,98.72223685309238,98.72223685309238,87.01546099521411,0.0,1.1926941097128299,110,10859.446053840162,-1.4966460347225208
2023-04-18,P5,98.72223685309238,88.85001316778315,103.10932036140419,0.1,1.284917827086736,138,12261.301817154073,-1.4966460347225208
2023-04-19,P5,98.72223685309238,98.72223685309238,95.43059700408872,0.0,1.3068243950029197,102,10069.668159015424,-1.4966460347225208
2023-04-20,P5,98.72223685309238,98.72223685309238,96.71697869023849,0.0,1.2412902632816123,90,8885.001316778315,-1.4966460347225208
2023-04-21,P5,98.72223685309238,88.85001316778315,99.44210198081349,0.1,1.1369828801665487,125,11106.251645972894,-1.4966460347225208
2023-04-22,P5,98.72223685309238,93.78612501043776,95.6453081779848,0.05,1.071615642542786,99,9284.826376033338,-1.4966460347225208
2023-04-23,P5,98.72223685309238,98.72223685309238,102.86691159816033,0.0,1.0934082525453552,73,7206.723290275744,-1.4966460347225208
2023-04-24,P5,98.72223685309238,98.72223685309238,100.30611919998026,0.0,1.1848581444386186,90,8885.001316778315,-1.4966460347225208
2023-04-25,P5,98.72223685309238,88.85001316778315,104.0535143573408,0.1,1.27604778879169,145,12883.251909328555,-1.4966460347225208
2023-04-26,P5,98.72223685309238,98.72223685309238,105.28914964691995,0.0,1.2973691946538428,113,11155.612764399439,-1.4966460347225208
2023-04-27,P5,98.72223685309238,98.72223685309238,98.10436187475273,0.0,1.2318985622420162,103,10168.390395868515,-1.4966460347225208
2023-04-28,P5,98.72223685309238,93.78612501043776,104.06173611925242,0.05,1.1280056822129763,96,9003.468001002024,-1.4966460347225208
2023-04-29,P5,98.72223685309238,98.72223685309238,95.42321022182777,0.0,1.0628028358787371,81,7996.501185100483,-1.4966460347225208
2023-04-30,P5,98.72223685309238,93.78612501043776,102.55584851139942,0.05,1.0840588676274525,96,9003.468001002024,-1.4966460347225208
2023-05-01,P5,98.72223685309238,98.72223685309238,100.01582793299208,0.0,1.1743412637418644,73,7206.723290275744,-1.4966460347225208
2023-05-02,P5,98.72223685309238,98.72223685309238,98.38589456657863,0.0,1.2643082076478627,99,9773.501448456145,-1.4966460347225208
2023-05-03,P5,98.72223685309238,93.78612501043776,105.48323471148136,0.05,1.2850152757538447,102,9566.184751064651,-1.4966460347225208
2023-05-04,P5,98.72223685309238,98.72223685309238,93.82911666076798,0.0,1.2197729818121672,102,10069.668159015424,-1.4966460347225208
2023-05-05,P5,98.72223685309238,98.72223685309238,100.45170342751045,0.0,1.1165428325192959,78,7700.334474541206,-1.4966460347225208
2023-05-06,P5,98.72223685309238,88.85001316778315,103.6650936768268,0.1,1.051665333052908,112,9951.201474791713,-1.4966460347225208
2023-05-07,P5,98.72223685309238,98.72223685309238,89.93023970980465,0.0,1.07235655893731,64,6318.2231585979125,-1.4966460347225208
2023-05-08,P5,98.72223685309238,98.72223685309238,103.63752436717988,0.0,1.161295989264189,94,9279.890264190684,-1.4966460347225208
2023-05-09,P5,98.72223685309238,88.85001316778315,104.51447917144938,0.1,1.2498693375774623,126,11195.101659140677,-1.4966460347225208
2023-05-10,P5,98.72223685309238,98.72223685309238,100.25666765006085,0.0,1.2699418016922823,82,8095.223421953576,-1.4966460347225208
2023-05-11,P5,98.72223685309238,98.72223685309238,101.44640773439868,0.0,1.2050893738901811,99,9773.501448456145,-1.4966460347225208
2023-05-12,P5,98.72223685309238,98.72223685309238,97.67330635026006,0.0,1.1027605716946152,95,9378.612501043777,-1.4966460347225208
2023-05-13,P5,98.72223685309238,88.85001316778315,94.3870312098621,0.1,1.0383646563135336,109,9684.651435288362,-1.4966460347225208
2023-05-14,P5,98.72223685309238,98.72223685309238,92.43502530717623,0.0,1.0584710398513224,84,8292.66789565976,-1.4966460347225208
