data/simulated_product_sales.csv
date,product_id,base_price,price,competitor_price,discount_pct,seasonality,demand,revenue,true_elasticity
2023-05-15,P5,98.72223685309238,98.72223685309238,104.39714652064842,0.0,1.1459115108172975,91,8983.723553631407,-1.4966460347225208
2023-05-16,P5,98.72223685309238,88.85001316778315,99.19479963640754,0.1,1.2329405790890424,120,10662.001580133978,-1.4966460347225208
2023-05-17,P5,98.72223685309238,98.72223685309238,93.01057980812934,0.0,1.2523673763570482,83,8193.945658806668,-1.4966460347225208
2023-05-18,P5,98.72223685309238,98.72223685309238,102.40987196492902,0.0,1.188060688308786,104,10267.112632721608,-1.4966460347225208
2023-05-19,P5,98.72223685309238,98.72223685309238,102.88389906857839,0.0,1.0868587777357335,93,9181.168027337591,-1.4966460347225208
2023-05-20,P5,98.72223685309238,98.72223685309238,94.43151000825567,0.0,1.023093699457688,76,7502.890000835021,-1.4966460347225208
2023-05-21,P5,98.72223685309238,78.97778948247391,102.91832351303461,0.2,1.0426036858749115,152,12004.624001336035,-1.4966460347225208
2023-05-22,P5,98.72223685309238,98.72223685309238,93.06347672267984,0.0,1.1284109426473128,91,8983.723553631407,-1.4966460347225208
2023-05-23,P5,98.72223685309238,93.78612501043776,100.31751654042837,0.05,1.2137674424350946,122,11441.907251273406,-1.4966460347225208
2023-05-24,P5,98.72223685309238,88.85001316778315,102.21298695607989,0.1,1.2325468738196454,140,12439.001843489641,-1.4966460347225208
2023-05-25,P5,98.72223685309238,93.78612501043776,96.44585147732245,0.05,1.1689338845186428,112,10504.046001169028,-1.4966460347225208
2023-05-26,P5,98.72223685309238,98.72223685309238,99.70691860210806,0.0,1.0690680672854826,81,7996.501185100483,-1.4966460347225208
2023-05-27,P5,98.72223685309238,93.78612501043776,92.82593802379066,0.05,1.0060739303783668,92,8628.323500960274,-1.4966460347225208
2023-05-28,P5,98.72223685309238,98.72223685309238,96.08706921386081,0.0,1.0249846141831656,74,7305.445527128836,-1.4966460347225208
2023-05-29,P5,98.72223685309238,98.72223685309238,100.79885728396312,0.0,1.1090480877081301,80,7897.778948247391,-1.4966460347225208
2023-05-30,P5,98.72223685309238,98.72223685309238,92.6186341771683,0.0,1.1926279870860852,98,9674.779211603054,-1.4966460347225208
2023-05-31,P5,98.72223685309238,88.85001316778315,102.95101611144925,0.1,1.2107677420099259,147,13060.951935664123,-1.4966460347225208
2023-06-01,P5,98.72223685309238,98.72223685309238,96.21600848210984,0.0,1.1479863500453094,72,7108.001053422651,-1.4966460347225208
2023-06-02,P5,98.72223685309238,98.72223685309238,93.98959916102673,0.0,1.0496464511021595,70,6910.556579716467,-1.4966460347225208
2023-06-03,P5,98.72223685309238,98.72223685309238,100.27357168235052,0.0,0.9875521792141685,74,7305.445527128836,-1.4966460347225208
2023-06-04,P5,98.72223685309238,98.72223685309238,102.13048725608634,0.0,1.0058693463338324,79,7799.056711394298,-1.4966460347225208
2023-06-05,P5,98.72223685309238,78.97778948247391,98.47935588365219,0.2,1.088103756870099,160,12636.446317195825,-1.4966460347225208
2023-06-06,P5,98.72223685309238,98.72223685309238,92.86310473192367,0.0,1.1698287891576702,99,9773.501448456145,-1.4966460347225208
2023-06-07,P5,98.72223685309238,98.72223685309238,95.89216728287286,0.0,1.1873458339866527,89,8786.279079925222,-1.4966460347225208
2023-06-08,P5,98.72223685309238,88.85001316778315,97.84401431931434,0.1,1.1255218776613696,106,9418.101395785014,-1.4966460347225208
2023-06-09,P5,98.72223685309238,98.72223685309238,93.07749946096418,0.0,1.0288755922442936,83,8193.945658806668,-1.4966460347225208
2023-06-10,P5,98.72223685309238,93.78612501043776,96.31486858595379,0.05,0.9677970586816138,96,9003.468001002024,-1.4966460347225208
2023-06-11,P5,98.72223685309238,93.78612501043776,108.46025138277275,0.05,0.9855351025518524,92,8628.323500960274,-1.4966460347225208
2023-06-12,P5,98.72223685309238,98.72223685309238,91.8715624651396,0.0,1.065881696444906,88,8687.55684307213,-1.4966460347225208
2023-06-13,P5,98.72223685309238,98.72223685309238,103.52318631763688,0.0,1.1457004952736891,87,8588.834606219038,-1.4966460347225208
2023-06-14,P5,98.72223685309238,93.78612501043776,101.19439760062383,0.05,1.1626208272611183,95,8909.681875991588,-1.4966460347225208
2023-06-15,P5,98.72223685309238,88.85001316778315,93.33744927621626,0.1,1.1018662596150164,123,10928.551619637326,-1.4966460347225208
2023-06-16,P5,98.72223685309238,78.97778948247391,99.79180896271534,0.2,1.0070567212366235,136,10740.979369616452,-1.4966460347225208
2023-06-17,P5,98.72223685309238,98.72223685309238,106.24252818937022,0.0,0.9470950685044273,63,6219.5009217448205,-1.4966460347225208
2023-06-18,P5,98.72223685309238,88.85001316778315,89.73315233995446,0.1,0.9642767813277757,94,8351.901237771615,-1.4966460347225208
2023-06-19,P5,98.72223685309238,93.78612501043776,99.37472405070352,0.05,1.0427041830879593,92,8628.323500960274,-1.4966460347225208
2023-06-20,P5,98.72223685309238,98.72223685309238,98.22627745887914,0.0,1.12059302734529,86,8490.112369365945,-1.4966460347225208
2023-06-21,P5,98.72223685309238,93.78612501043776,99.87171567304351,0.05,1.1369512976053244,109,10222.687626137715,-1.4966460347225208
2023-06-22,P5,98.72223685309238,98.72223685309238,103.03059546864864,0.0,1.0773625628100256,75,7404.167763981929,-1.4966460347225208
2023-06-23,P5,98.72223685309238,98.72223685309238,105.8788759821601,0.0,0.9845062674578205,65,6416.9453954510045,-1.4966460347225208
2023-06-24,P5,98.72223685309238,93.78612501043776,96.06835726096242,0.05,0.9257464404355127,88,8253.179000918522,-1.4966460347225208
2023-06-25,P5,98.72223685309238,98.72223685309238,106.76285811964443,0.0,0.9424026826361588,61,6022.056448038636,-1.4966460347225208
2023-06-26,P5,98.72223685309238,78.97778948247391,102.63094297281525,0.2,1.0189073499634398,134,10583.023790651503,-1.4966460347225208
2023-06-27,P5,98.72223685309238,93.78612501043776,95.33440141488717,0.05,1.0948705078091372,89,8346.96512592896,-1.4966460347225208
2023-06-28,P5,98.72223685309238,98.72223685309238,105.8900522249558,0.0,1.1107095187870981,85,8391.390132512852,-1.4966460347225208
2023-06-29,P5,98.72223685309238,98.72223685309238,96.22158873164004,0.0,1.0523661534590858,74,7305.445527128836,-1.4966460347225208
2023-06-30,P5,98.72223685309238,98.72223685309238,102.7151528384933,0.0,0.9615512701059923,69,6811.834342863374,-1.4966460347225208
2023-07-01,P5,98.72223685309238,78.97778948247391,97.46795378436804,0.2,0.9040607841294184,118,9319.37915893192,-1.4966460347225208
2023-07-02,P5,98.72223685309238,98.72223685309238,92.91262022989274,0.0,0.920230036798201,84,8292.66789565976,-1.4966460347225208
2023-07-03,P5,98.72223685309238,98.72223685309238,97.05045314998782,0.0,0.9948363119545736,75,7404.167763981929,-1.4966460347225208
2023-07-04,P5,98.72223685309238,78.97778948247391,99.75620461366802,0.2,1.0689059789217166,135,10662.001580133978,-1.4966460347225208
2023-07-05,P5,98.72223685309238,98.72223685309238,104.783472935559,0.0,1.0842760636492668,83,8193.945658806668,-1.4966460347225208
2023-07-06,P5,98.72223685309238,98.72223685309238,103.76455108085692,0.0,1.027239543365724,86,8490.112369365945,-1.4966460347225208
2023-07-07,P5,98.72223685309238,98.72223685309238,105.45549785896472,0.0,0.9385246352946985,62,6120.778684891728,-1.4966460347225208
2023-07-08,P5,98.72223685309238,78.97778948247391,101.41630111332299,0.2,0.8823525970112678,96,7581.867790317496,-1.4966460347225208
2023-07-09,P5,98.72223685309238,98.72223685309238,105.36318916239303,0.0,0.8980804038315371,68,6713.112106010282,-1.4966460347225208
2023-07-10,P5,98.72223685309238,88.85001316778315,100.80419047259785,0.1,0.9708401606160251,114,10128.901501127279,-1.4966460347225208
2023-07-11,P5,98.72223685309238,93.78612501043776,107.26114465596903,0.05,1.0430759926934614,79,7409.103875824583,-1.4966460347225208
2023-07-12,P5,98.72223685309238,98.72223685309238,93.33130379991313,0.0,1.0580342848310405,79,7799.056711394298,-1.4966460347225208
2023-07-13,P5,98.72223685309238,93.78612501043776,95.10275834132914,0.05,1.0023471325769067,83,7784.248375866334,-1.4966460347225208
2023-07-14,P5,98.72223685309238,98.72223685309238,99.05709534502586,0.0,0.9157603080637015,56,5528.445263773174,-1.4966460347225208
2023-07-15,P5,98.72223685309238,88.85001316778315,97.41109783293398,0.1,0.8609367032605265,98,8707.301290442749,-1.4966460347225208
2023-07-16,P5,98.72223685309238,98.72223685309238,98.99798750813615,0.0,0.8762750100083679,65,6416.9453954510045,-1.4966460347225208
2023-07-17,P5,98.72223685309238,98.72223685309238,97.53958234196007,0.0,0.9472669014543985,73,7206.723290275744,-1.4966460347225208
2023-07-18,P5,98.72223685309238,93.78612501043776,96.48303690804202,0.05,1.0177551499224793,107,10035.11537611684,-1.4966460347225208
2023-07-19,P5,98.72223685309238,98.72223685309238,102.0378142129421,0.0,1.0323647551752466,75,7404.167763981929,-1.4966460347225208
2023-07-20,P5,98.72223685309238,93.78612501043776,95.42891691043224,0.05,0.978049924651285,81,7596.676125845458,-1.4966460347225208
2023-07-21,P5,98.72223685309238,98.72223685309238,97.20656264874147,0.0,0.8935884293226306,77,7601.612237688113,-1.4966460347225208
2023-07-22,P5,98.72223685309238,98.72223685309238,100.62946484654813,0.0,0.8401236880559992,70,6910.556579716467,-1.4966460347225208
2023-07-23,P5,98.72223685309238,93.78612501043776,91.58001832782173,0.05,0.8551300892537534,76,7127.7455007932695,-1.4966460347225208
2023-07-24,P5,98.72223685309238,98.72223685309238,88.7644269210337,0.0,0.924458406959207,51,5034.834079507712,-1.4966460347225208
2023-07-25,P5,98.72223685309238,98.72223685309238,107.35340313025733,0.0,0.9933106675258432,73,7206.723290275744,-1.4966460347225208
2023-07-26,P5,98.72223685309238,98.72223685309238,91.8475387952437,0.0,1.0076397484497122,77,7601.612237688113,-1.4966460347225208
2023-07-27,P5,98.72223685309238,98.72223685309238,100.11381952182951,0.0,0.9547002911852005,72,7108.001053422651,-1.4966460347225208
2023-07-28,P5,98.72223685309238,93.78612501043776,98.9471452663942,0.05,0.8723305479642555,83,7784.248375866334,-1.4966460347225208
2023-07-29,P5,98.72223685309238,98.72223685309238,93.41609122374015,0.0,0.8202153932971643,64,6318.2231585979125,-1.4966460347225208
2023-07-30,P5,98.72223685309238,98.72223685309238,99.93693310093897,0.0,0.8349522969456955,59,5824.611974332451,-1.4966460347225208
2023-07-31,P5,98.72223685309238,98.72223685309238,95.30948506628197,0.0,0.9027454585782619,74,7305.445527128836,-1.4966460347225208
2023-08-01,P5,98.72223685309238,93.78612501043776,102.26842560506017,0.05,0.9700970529560223,85,7971.82062588721,-1.4966460347225208
2023-08-02,P5,98.72223685309238,98.72223685309238,101.47967989704303,0.0,0.984217840426439,56,5528.445263773174,-1.4966460347225208
2023-08-03,P5,98.72223685309238,98.72223685309238,101.9420929730921,0.0,0.9326368615241983,60,5923.334211185543,-1.4966460347225208
2023-08-04,P5,98.72223685309238,93.78612501043776,92.51248625662161,0.05,0.8522949575839563,82,7690.462250855896,-1.4966460347225208
2023-08-05,P5,98.72223685309238,93.78612501043776,102.14182227542591,0.05,0.8015005401254008,79,7409.103875824583,-1.4966460347225208
2023-08-06,P5,98.72223685309238,78.97778948247391,92.92687562790289,0.2,0.8160342626286258,105,8292.66789565976,-1.4966460347225208
2023-08-07,P5,98.72223685309238,93.78612501043776,105.98342861139047,0.05,0.8824429495415054,73,6846.387125761957,-1.4966460347225208
2023-08-08,P5,98.72223685309238,98.72223685309238,95.3936046139553,0.0,0.9484509629370268,67,6614.389869157189,-1.4966460347225208
2023-08-09,P5,98.72223685309238,98.72223685309238,91.59644475848953,0.0,0.9624387086167193,70,6910.556579716467,-1.4966460347225208
2023-08-10,P5,98.72223685309238,98.72223685309238,92.44640905987941,0.0,0.9121796117722905,61,6022.056448038636,-1.4966460347225208
2023-08-11,P5,98.72223685309238,98.72223685309238,103.41799087157035,0.0,0.8337722254348741,67,6614.389869157189,-1.4966460347225208
2023-08-12,P5,98.72223685309238,93.78612501043776,100.86190723083132,0.05,0.7842505417297306,66,6189.884250688892,-1.4966460347225208
2023-08-13,P5,98.72223685309238,98.72223685309238,99.34573786905685,0.0,0.7986503461373181,58,5725.889737479358,-1.4966460347225208
2023-08-14,P5,98.72223685309238,88.85001316778315,105.06704235120864,0.1,0.8638453181045969,84,7463.401106093785,-1.4966460347225208
2023-08-15,P5,98.72223685309238,98.72223685309238,101.5721677868882,0.0,0.9286863210817216,70,6910.556579716467,-1.4966460347225208
2023-08-16,P5,98.72223685309238,88.85001316778315,98.26660710561148,0.1,0.9426182060793168,113,10040.051487959496,-1.4966460347225208
2023-08-17,P5,98.72223685309238,88.85001316778315,95.71934943907071,0.1,0.893625224320882,98,8707.301290442749,-1.4966460347225208
2023-08-18,P5,98.72223685309238,78.97778948247391,96.43563666334795,0.2,0.8170309784603169,123,9714.26810634429,-1.4966460347225208
2023-08-19,P5,98.72223685309238,93.78612501043776,110.51150813176477,0.05,0.7687155671620952,77,7221.531625803707,-1.4966460347225208
2023-08-20,P5,98.72223685309238,78.97778948247391,98.90796459581932,0.2,0.7830526586782726,106,8371.645685142234,-1.4966460347225208
2023-08-21,P5,98.72223685309238,98.72223685309238,103.69367743837249,0.0,0.8472222774418914,68,6713.112106010282,-1.4966460347225208
2023-08-22,P5,98.72223685309238,98.72223685309238,88.6871178456259,0.0,0.9110897651973386,85,8391.390132512852,-1.4966460347225208
2023-08-23,P5,98.72223685309238,98.72223685309238,99.76178615002249,0.0,0.9250437807440827,67,6614.389869157189,-1.4966460347225208
2023-08-24,P5,98.72223685309238,98.72223685309238,98.28724771787903,0.0,0.8772427851960463,78,7700.334474541206,-1.4966460347225208
2023-08-25,P5,98.72223685309238,88.85001316778315,93.55846617626466,0.1,0.8023140075167164,87,7729.951145597133,-1.4966460347225208
2023-08-26,P5,98.72223685309238,78.97778948247391,93.37114369428429,0.2,0.7551209132468981,109,8608.579053589656,-1.4966460347225208
2023-08-27,P5,98.72223685309238,93.78612501043776,94.81835587496893,0.05,0.7694674065730551,69,6471.242625720205,-1.4966460347225208
2023-08-28,P5,98.72223685309238,88.85001316778315,102.5148193715507,0.1,0.8328149041162727,81,7196.851066590435,-1.4966460347225208
2023-08-29,P5,98.72223685309238,98.72223685309238,98.73022857294701,0.0,0.8959164903048892,72,7108.001053422651,-1.4966460347225208
2023-08-30,P5,98.72223685309238,98.72223685309238,95.9872669663889,0.0,0.9099703066825201,73,7206.723290275744,-1.4966460347225208
2023-08-31,P5,98.72223685309238,98.72223685309238,94.43640363803216,0.0,0.8632698816236097,67,6614.389869157189,-1.4966460347225208
2023-09-01,P5,98.72223685309238,98.72223685309238,101.60829892516962,0.0,0.7898347462858599,58,5725.889737479358,-1.4966460347225208
2023-09-02,P5,98.72223685309238,93.78612501043776,96.08261811719916,0.05,0.7436637372013993,68,6377.456500709767,-1.4966460347225208
2023-09-03,P5,98.72223685309238,98.72223685309238,104.56784416466948,0.0,0.7580916106886586,55,5429.723026920081,-1.4966460347225208
2023-09-04,P5,98.72223685309238,93.78612501043776,92.45338173634173,0.05,0.8208321418530182,78,7315.317750814145,-1.4966460347225208
2023-09-05,P5,98.72223685309238,98.72223685309238,100.01143478302598,0.0,0.883386547659314,75,7404.167763981929,-1.4966460347225208
2023-09-06,P5,98.72223685309238,93.78612501043776,92.88253920909916,0.05,0.8976163877825221,78,7315.317750814145,-1.4966460347225208
2023-09-07,P5,98.72223685309238,98.72223685309238,96.72683536355393,0.0,0.8519091564073231,67,6614.389869157189,-1.4966460347225208
2023-09-08,P5,98.72223685309238,98.72223685309238,101.9089300046277,0.0,0.7797741759411617,60,5923.334211185543,-1.4966460347225208
2023-09-09,P5,98.72223685309238,98.72223685309238,104.04599906251397,0.0,0.7345101973523122,54,5331.000790066989,-1.4966460347225208
2023-09-10,P5,98.72223685309238,88.85001316778315,93.31585907412195,0.1,0.7490902491315267,53,4709.050697892507,-1.4966460347225208
2023-09-11,P5,98.72223685309238,98.72223685309238,97.04825190656251,0.0,0.8114477713219159,70,6910.556579716467,-1.4966460347225208
2023-09-12,P5,98.72223685309238,98.72223685309238,112.32229978696031,0.0,0.8736816534440359,65,6416.9453954510045,-1.4966460347225208
2023-09-13,P5,98.72223685309238,98.72223685309238,98.39205568412034,0.0,0.8881611874334453,78,7700.334474541206,-1.4966460347225208
2023-09-14,P5,98.72223685309238,78.97778948247391,97.41118303760106,0.2,0.843325369090435,113,8924.490211519551,-1.4966460347225208
2023-09-15,P5,98.72223685309238,98.72223685309238,94.35623075929642,0.0,0.7722782004582276,56,5528.445263773174,-1.4966460347225208
2023-09-16,P5,98.72223685309238,98.72223685309238,101.12209936043985,0.0,0.7277930434155159,45,4442.500658389157,-1.4966460347225208
2023-09-17,P5,98.72223685309238,78.97778948247391,95.01571308183827,0.2,0.7425938646434777,82,6476.178737562861,-1.4966460347225208
2023-09-18,P5,98.72223685309238,98.72223685309238,91.83414696295618,0.0,0.8047978898735264,57,5627.167500626266,-1.4966460347225208
2023-09-19,P5,98.72223685309238,98.72223685309238,106.53390517876788,0.0,0.8669425534220014,65,6416.9453954510045,-1.4966460347225208
2023-09-20,P5,98.72223685309238,98.72223685309238,105.76757576484485,0.0,0.8817418301991875,65,6416.9453954510045,-1.4966460347225208
2023-09-21,P5,98.72223685309238,93.78612501043776,91.86658459785212,0.05,0.8376430065213428,77,7221.531625803707,-1.4966460347225208
2023-09-22,P5,98.72223685309238,98.72223685309238,100.23932919151257,0.0,0.7674555306344111,57,5627.167500626266,-1.4966460347225208
2023-09-23,P5,98.72223685309238,78.97778948247391,94.08375972928661,0.2,0.7236096912859904,113,8924.490211519551,-1.4966460347225208
2023-09-24,P5,98.72223685309238,98.72223685309238,97.94082330833179,0.0,0.7386966713983996,56,5528.445263773174,-1.4966460347225208
2023-09-25,P5,98.72223685309238,98.72223685309238,102.07985642053102,0.0,0.8009789377798605,60,5923.334211185543,-1.4966460347225208
