data/simulated_product_sales.csv
date,product_id,base_price,price,competitor_price,discount_pct,seasonality,demand,revenue,true_elasticity
2023-09-26,P5,98.72223685309238,93.78612501043776,103.28077866955739,0.05,0.8632669817625005,69,6471.242625720205,-1.4966460347225208
2023-09-27,P5,98.72223685309238,98.72223685309238,96.85464964470101,0.0,0.8784514131616458,68,6713.112106010282,-1.4966460347225208
2023-09-28,P5,98.72223685309238,98.72223685309238,101.62395926430331,0.0,0.8349444774762147,68,6713.112106010282,-1.4966460347225208
2023-09-29,P5,98.72223685309238,98.72223685309238,94.72157456330311,0.0,0.7653761075044864,56,5528.445263773174,-1.4966460347225208
2023-09-30,P5,98.72223685309238,98.72223685309238,105.39019504033332,0.0,0.7220208102584318,52,5133.556316360804,-1.4966460347225208
2023-10-01,P5,98.72223685309238,78.97778948247391,97.74249536683331,0.2,0.737455188656004,94,7423.912211352547,-1.4966460347225208
2023-10-02,P5,98.72223685309238,98.72223685309238,104.4795723164939,0.0,0.8000462996040218,65,6416.9453954510045,-1.4966460347225208
2023-10-03,P5,98.72223685309238,88.85001316778315,94.71232768617841,0.1,0.8627082436459919,87,7729.951145597133,-1.4966460347225208
2023-10-04,P5,98.72223685309238,98.72223685309238,95.94892141278052,0.0,0.878337655775158,71,7009.278816569559,-1.4966460347225208
2023-10-05,P5,98.72223685309238,78.97778948247391,110.2629226336568,0.2,0.8352689175211749,114,9003.468001002026,-1.4966460347225208
2023-10-06,P5,98.72223685309238,98.72223685309238,104.5545872510073,0.0,0.7660700880169392,73,7206.723290275744,-1.4966460347225208
2023-10-07,P5,98.72223685309238,88.85001316778315,95.37955010128186,0.1,0.7230494431674653,78,6930.3010270870855,-1.4966460347225208
2023-10-08,P5,98.72223685309238,98.72223685309238,96.37365732725868,0.0,0.7388874210881491,52,5133.556316360804,-1.4966460347225208
2023-10-09,P5,98.72223685309238,98.72223685309238,91.98374979116998,0.0,0.8020135009825293,57,5627.167500626266,-1.4966460347225208
2023-10-10,P5,98.72223685309238,98.72223685309238,99.6646221688766,0.0,0.8652744422027882,66,6515.667632304097,-1.4966460347225208
2023-10-11,P5,98.72223685309238,88.85001316778315,96.08516711983316,0.1,0.8814022078124882,93,8263.051224603832,-1.4966460347225208
2023-10-12,P5,98.72223685309238,98.72223685309238,113.90996376453504,0.0,0.8386116214465998,73,7206.723290275744,-1.4966460347225208
2023-10-13,P5,98.72223685309238,98.72223685309238,96.48564711518132,0.0,0.7695274076811605,56,5528.445263773174,-1.4966460347225208
2023-10-14,P5,98.72223685309238,98.72223685309238,92.10749123280682,0.0,0.7266806722076657,58,5725.889737479358,-1.4966460347225208
2023-10-15,P5,98.72223685309238,98.72223685309238,101.60557519297396,0.0,0.7429725976650939,60,5923.334211185543,-1.4966460347225208
2023-10-16,P5,98.72223685309238,88.85001316778315,103.62765701125562,0.1,0.806852012469029,95,8440.751250939398,-1.4966460347225208
2023-10-17,P5,98.72223685309238,98.72223685309238,99.5688271650653,0.0,0.8709283609969616,69,6811.834342863374,-1.4966460347225208
2023-10-18,P5,98.72223685309238,98.72223685309238,101.84410160179729,0.0,0.8876006254389054,65,6416.9453954510045,-1.4966460347225208
2023-10-19,P5,98.72223685309238,98.72223685309238,99.71446927991936,0.0,0.8449241115046799,62,6120.778684891728,-1.4966460347225208
2023-10-20,P5,98.72223685309238,98.72223685309238,99.84518193944845,0.0,0.7756979265282745,63,6219.5009217448205,-1.4966460347225208
2023-10-21,P5,98.72223685309238,98.72223685309238,93.72180988381227,0.0,0.7328618352798533,47,4639.945132095342,-1.4966460347225208
2023-10-22,P5,98.72223685309238,98.72223685309238,93.46912787425128,0.0,0.7496514728885013,57,5627.167500626266,-1.4966460347225208
2023-10-23,P5,98.72223685309238,88.85001316778315,104.68966110484403,0.1,0.8144916632841607,79,7019.151040254868,-1.4966460347225208
2023-10-24,P5,98.72223685309238,98.72223685309238,96.78788931060508,0.0,0.8795880037597562,61,6022.056448038636,-1.4966460347225208
2023-10-25,P5,98.72223685309238,93.78612501043776,100.60266265685149,0.05,0.8968430157613457,76,7127.7455007932695,-1.4966460347225208
2023-10-26,P5,98.72223685309238,98.72223685309238,96.27130067332598,0.0,0.8541148404606269,58,5725.889737479358,-1.4966460347225208
2023-10-27,P5,98.72223685309238,78.97778948247391,94.29883663756964,0.2,0.7844921562688014,113,8924.490211519551,-1.4966460347225208
2023-10-28,P5,98.72223685309238,98.72223685309238,96.16408386492259,0.0,0.7415032897260867,64,6318.2231585979125,-1.4966460347225208
2023-10-29,P5,98.72223685309238,98.72223685309238,99.27832780470054,0.0,0.7588271860025411,63,6219.5009217448205,-1.4966460347225208
2023-10-30,P5,98.72223685309238,93.78612501043776,103.96763209083196,0.05,0.8248216589711513,71,6658.814875741081,-1.4966460347225208
2023-10-31,P5,98.72223685309238,88.85001316778315,103.11795392031476,0.1,0.8911277835449924,96,8529.601264107183,-1.4966460347225208
2023-11-01,P5,98.72223685309238,88.85001316778315,106.93460818884908,0.1,0.9089953405050452,97,8618.451277274966,-1.4966460347225208
2023-11-02,P5,98.72223685309238,88.85001316778315,93.10465370874653,0.1,0.8660505192614908,93,8263.051224603832,-1.4966460347225208
2023-11-03,P5,98.72223685309238,98.72223685309238,96.50817924576931,0.0,0.7957825581015031,62,6120.778684891728,-1.4966460347225208
2023-11-04,P5,98.72223685309238,98.72223685309238,96.24373523127697,0.0,0.7524797123772495,52,5133.556316360804,-1.4966460347225208
2023-11-05,P5,98.72223685309238,93.78612501043776,104.13491606941753,0.05,0.7703666657223371,53,4970.664625553201,-1.4966460347225208
2023-11-06,P5,98.72223685309238,98.72223685309238,103.50803454808654,0.0,0.8376921881985278,67,6614.389869157189,-1.4966460347225208
2023-11-07,P5,98.72223685309238,78.97778948247391,98.73777438515215,0.2,0.9053803440606716,142,11214.846106511295,-1.4966460347225208
2023-11-08,P5,98.72223685309238,93.78612501043776,97.28781026762154,0.05,0.9238813599110036,77,7221.531625803707,-1.4966460347225208
2023-11-09,P5,98.72223685309238,98.72223685309238,101.62102980693884,0.0,0.8805580500679905,66,6515.667632304097,-1.4966460347225208
2023-11-10,P5,98.72223685309238,93.78612501043776,109.6089774743322,0.05,0.8094053923518744,81,7596.676125845458,-1.4966460347225208
2023-11-11,P5,98.72223685309238,88.85001316778315,95.07064364975103,0.1,0.7656319170592122,69,6130.650908577037,-1.4966460347225208
2023-11-12,P5,98.72223685309238,98.72223685309238,101.13563639087103,0.0,0.7841025601076067,57,5627.167500626266,-1.4966460347225208
2023-11-13,P5,98.72223685309238,98.72223685309238,102.62136894849574,0.0,0.8529165954072029,72,7108.001053422651,-1.4966460347225208
2023-11-14,P5,98.72223685309238,98.72223685309238,103.94849667428143,0.0,0.9221389867628196,72,7108.001053422651,-1.4966460347225208
2023-11-15,P5,98.72223685309238,98.72223685309238,98.46791391543363,0.0,0.9412851886627966,76,7502.890000835021,-1.4966460347225208
2023-11-16,P5,98.72223685309238,98.72223685309238,101.30401897954152,0.0,0.8974270366154646,68,6713.112106010282,-1.4966460347225208
2023-11-17,P5,98.72223685309238,93.78612501043776,95.48568893597555,0.05,0.8251630931157922,72,6752.601000751519,-1.4966460347225208
2023-11-18,P5,98.72223685309238,98.72223685309238,103.82521581260858,0.0,0.7807691631990917,56,5528.445263773174,-1.4966460347225208
2023-11-19,P5,98.72223685309238,98.72223685309238,106.26830722258015,0.0,0.7998356635933919,61,6022.056448038636,-1.4966460347225208
2023-11-20,P5,98.72223685309238,98.72223685309238,88.49316838343006,0.0,0.8702740877930036,60,5923.334211185543,-1.4966460347225208
2023-11-21,P5,98.72223685309238,98.72223685309238,105.52651710594482,0.0,0.9411606685125067,73,7206.723290275744,-1.4966460347225208
2023-11-22,P5,98.72223685309238,98.72223685309238,108.80684070844814,0.0,0.9609544267752699,76,7502.890000835021,-1.4966460347225208
2023-11-23,P5,98.72223685309238,93.78612501043776,100.13778594539083,0.05,0.9164128354972885,80,7502.890000835021,-1.4966460347225208
2023-11-24,P5,98.72223685309238,98.72223685309238,107.89318100842452,0.0,0.8428271334699221,71,7009.278816569559,-1.4966460347225208
2023-11-25,P5,98.72223685309238,98.72223685309238,99.67291678450077,0.0,0.7976719220509163,76,7502.890000835021,-1.4966460347225208
2023-11-26,P5,98.72223685309238,98.72223685309238,95.42120359990669,0.0,0.8173378059797397,61,6022.056448038636,-1.4966460347225208
2023-11-27,P5,98.72223685309238,98.72223685309238,98.15556011342939,0.0,0.889512937366476,72,7108.001053422651,-1.4966460347225208
2023-11-28,P5,98.72223685309238,98.72223685309238,100.26551711340856,0.0,0.962169526322358,87,8588.834606219038,-1.4966460347225208
2023-11-29,P5,98.72223685309238,98.72223685309238,102.71079385689346,0.0,0.9826038200392267,69,6811.834342863374,-1.4966460347225208
2023-11-30,P5,98.72223685309238,98.72223685309238,97.87159592563773,0.0,0.9372401041193548,62,6120.778684891728,-1.4966460347225208
2023-12-01,P5,98.72223685309238,93.78612501043776,102.33956316251442,0.05,0.8621413396960136,67,6283.67037569933,-1.4966460347225208
2023-12-02,P5,98.72223685309238,98.72223685309238,97.1853888603299,0.0,0.8160950604233574,70,6910.556579716467,-1.4966460347225208
2023-12-03,P5,98.72223685309238,98.72223685309238,106.61173205616242,0.0,0.8363551614825955,69,6811.834342863374,-1.4966460347225208
2023-12-04,P5,98.72223685309238,98.72223685309238,95.98049923309061,0.0,0.9103541316519179,70,6910.556579716467,-1.4966460347225208
2023-12-05,P5,98.72223685309238,78.97778948247391,88.3329578920913,0.2,0.9848608780747229,166,13110.31305409067,-1.4966460347225208
2023-12-06,P5,98.72223685309238,98.72223685309238,96.38162612168645,0.0,1.0059193969363103,79,7799.056711394298,-1.4966460347225208
2023-12-07,P5,98.72223685309238,98.72223685309238,97.80449282084174,0.0,0.9596067938712115,62,6120.778684891728,-1.4966460347225208
2023-12-08,P5,98.72223685309238,98.72223685309238,89.70797925489828,0.0,0.8828256064543585,75,7404.167763981929,-1.4966460347225208
2023-12-09,P5,98.72223685309238,93.78612501043776,105.08032269277213,0.05,0.8357713957373387,75,7033.959375782832,-1.4966460347225208
2023-12-10,P5,98.72223685309238,78.97778948247391,101.23217842861027,0.2,0.8566119298562165,117,9240.401369449448,-1.4966460347225208
2023-12-11,P5,98.72223685309238,78.97778948247391,102.33053770395615,0.2,0.9324954200811773,137,10819.957159098925,-1.4966460347225208
2023-12-12,P5,98.72223685309238,98.72223685309238,99.86981680353094,0.0,1.008905641190871,84,8292.66789565976,-1.4966460347225208
2023-12-13,P5,98.72223685309238,98.72223685309238,109.50810964180428,0.0,1.030563022028243,74,7305.445527128836,-1.4966460347225208
2023-12-14,P5,98.72223685309238,98.72223685309238,94.40908887513584,0.0,0.9831885306026744,83,8193.945658806668,-1.4966460347225208
2023-12-15,P5,98.72223685309238,88.85001316778315,97.88119365873993,0.1,0.9045799590269116,86,7641.10113242935,-1.4966460347225208
2023-12-16,P5,98.72223685309238,98.72223685309238,98.64974306908653,0.0,0.8564155708561075,54,5331.000790066989,-1.4966460347225208
2023-12-17,P5,98.72223685309238,93.78612501043776,104.25987071272563,0.05,0.8778143362014306,77,7221.531625803707,-1.4966460347225208
2023-12-18,P5,98.72223685309238,88.85001316778315,97.62822226474482,0.1,0.9556156973991666,102,9062.70134311388,-1.4966460347225208
2023-12-19,P5,98.72223685309238,98.72223685309238,92.71705793825183,0.0,1.0339551051692162,70,6910.556579716467,-1.4966460347225208
2023-12-20,P5,98.72223685309238,98.72223685309238,103.36208730114853,0.0,1.056177299784647,78,7700.334474541206,-1.4966460347225208
2023-12-21,P5,98.72223685309238,98.72223685309238,97.06743457040375,0.0,1.007643318877807,67,6614.389869157189,-1.4966460347225208
2023-12-22,P5,98.72223685309238,98.72223685309238,99.42785211648581,0.0,0.9270889037171608,73,7206.723290275744,-1.4966460347225208
2023-12-23,P5,98.72223685309238,98.72223685309238,98.62074764246297,0.0,0.8777281924928301,69,6811.834342863374,-1.4966460347225208
2023-12-24,P5,98.72223685309238,98.72223685309238,96.56413199651614,0.0,0.8996548914522914,58,5725.889737479358,-1.4966460347225208
2023-12-25,P5,98.72223685309238,93.78612501043776,101.73092558325298,0.05,0.979379660510513,74,6940.173250772394,-1.4966460347225208
2023-12-26,P5,98.72223685309238,98.72223685309238,106.34210165260646,0.0,1.0596459887785743,82,8095.223421953576,-1.4966460347225208
2023-12-27,P5,98.72223685309238,98.72223685309238,93.8177678784312,0.0,1.0823907577314098,84,8292.66789565976,-1.4966460347225208
2023-12-28,P5,98.72223685309238,98.72223685309238,90.1656375349554,0.0,1.0326165017825684,81,7996.501185100483,-1.4966460347225208
2023-12-29,P5,98.72223685309238,78.97778948247391,103.4426159379869,0.2,0.9500260033148417,164,12952.357475125722,-1.4966460347225208
2023-12-30,P5,98.72223685309238,98.72223685309238,95.09197872747767,0.0,0.8994001731782236,69,6811.834342863374,-1.4966460347225208
2023-12-31,P5,98.72223685309238,78.97778948247391,89.73476048319874,0.2,0.9218168517531973,120,9477.334737896868,-1.4966460347225208
2023-01-01,P6,98.71934244034432,98.71934244034432,100.95071553149994,0.0,0.9249903641091327,63,6219.3185737416925,-0.77261288493537
2023-01-02,P6,98.71934244034432,98.71934244034432,98.15116477571375,0.0,1.0068843223245492,75,7403.950683025824,-0.77261288493537
2023-01-03,P6,98.71934244034432,98.71934244034432,100.26485183554172,0.0,1.089314239310447,85,8391.144107429267,-0.77261288493537
2023-01-04,P6,98.71934244034432,78.97547395227546,94.93412676169649,0.2,1.112594824704955,134,10582.713509604911,-0.77261288493537
2023-01-05,P6,98.71934244034432,88.84740819630989,102.20476974266569,0.1,1.0613273082254189,114,10128.604534379327,-0.77261288493537
2023-01-06,P6,98.71934244034432,93.7833753183271,99.94506717937297,0.05,0.9763372825777741,85,7971.586902057804,-0.77261288493537
2023-01-07,P6,98.71934244034432,98.71934244034432,98.87976069502886,0.0,0.9242049341968644,77,7601.389367906512,-0.77261288493537
2023-01-08,P6,98.71934244034432,98.71934244034432,93.41965052064353,0.0,0.947126028857596,74,7305.231340585479,-0.77261288493537
2023-01-09,P6,98.71934244034432,98.71934244034432,110.26520603944707,0.0,1.0308617641328561,77,7601.389367906512,-0.77261288493537
2023-01-10,P6,98.71934244034432,78.97547395227546,98.52242507379273,0.2,1.1151202245401388,114,9003.204030559404,-0.77261288493537
2023-01-11,P6,98.71934244034432,93.7833753183271,92.63026713802401,0.05,1.1388082826517179,79,7408.8866501478415,-0.77261288493537
2023-01-12,P6,98.71934244034432,98.71934244034432,90.90852998760332,0.0,1.0861891040317362,91,8983.460162071333,-0.77261288493537
2023-01-13,P6,98.71934244034432,98.71934244034432,97.1143498838059,0.0,0.9990701659720198,70,6910.353970824102,-0.77261288493537
2023-01-14,P6,98.71934244034432,98.71934244034432,102.12103554212608,0.0,0.9455879871538707,68,6712.915285943413,-0.77261288493537
2023-01-15,P6,98.71934244034432,98.71934244034432,98.47025849748712,0.0,0.9688946458709589,68,6712.915285943413,-0.77261288493537
2023-01-16,P6,98.71934244034432,88.84740819630989,99.45775304017799,0.1,1.0543916315068211,102,9062.435636023609,-0.77261288493537
2023-01-17,P6,98.71934244034432,88.84740819630989,97.05563777099827,0.1,1.1403905277862254,111,9862.062309790397,-0.77261288493537
2023-01-18,P6,98.71934244034432,98.71934244034432,100.6573715261798,0.0,1.164422560408122,94,9279.618189392366,-0.77261288493537
2023-01-19,P6,98.71934244034432,93.7833753183271,101.59543577601752,0.05,1.110430179891831,91,8534.287153967767,-0.77261288493537
2023-01-20,P6,98.71934244034432,88.84740819630989,95.30192178182315,0.1,1.0211872920527931,92,8173.961554060509,-0.77261288493537
2023-01-21,P6,98.71934244034432,88.84740819630989,96.62205450586421,0.1,0.9663462587494526,103,9151.283044219917,-0.77261288493537
2023-01-22,P6,98.71934244034432,78.97547395227546,103.20101456843813,0.2,0.989980514581871,119,9398.08140032078,-0.77261288493537
2023-01-23,P6,98.71934244034432,88.84740819630989,102.65853973661271,0.1,1.0771326812487214,91,8085.1141458642,-0.77261288493537
2023-01-24,P6,98.71934244034432,98.71934244034432,109.95274192666383,0.0,1.164758665083878,82,8094.986080108234,-0.77261288493537
2023-01-25,P6,98.71934244034432,98.71934244034432,98.52567249618342,0.0,1.1890661855000546,75,7403.950683025824,-0.77261288493537
2023-01-26,P6,98.71934244034432,98.71934244034432,99.39730976282499,0.0,1.133698978267734,113,11155.285695758908,-0.77261288493537
2023-01-27,P6,98.71934244034432,98.71934244034432,89.18871581474117,0.0,1.0423679059807958,75,7403.950683025824,-0.77261288493537
2023-01-28,P6,98.71934244034432,88.84740819630989,98.26544678476318,0.1,0.9861787010063351,95,8440.50377864944,-0.77261288493537
2023-01-29,P6,98.71934244034432,98.71934244034432,94.36865808297514,0.0,1.010077836017848,89,8786.021477190645,-0.77261288493537
2023-01-30,P6,98.71934244034432,98.71934244034432,94.93779520895752,0.0,1.0987551100319954,75,7403.950683025824,-0.77261288493537
2023-01-31,P6,98.71934244034432,98.71934244034432,93.04864965285023,0.0,1.1878712361796298,94,9279.618189392366,-0.77261288493537
2023-02-01,P6,98.71934244034432,98.71934244034432,101.43256057539871,0.0,1.212381762397138,110,10859.127668437875,-0.77261288493537
2023-02-02,P6,98.71934244034432,98.71934244034432,106.38885062788698,0.0,1.155658042129248,71,7009.073313264446,-0.77261288493537
2023-02-03,P6,98.71934244034432,78.97547395227546,99.79863758942142,0.2,1.0623048347358133,121,9556.032348225332,-0.77261288493537
2023-02-04,P6,98.71934244034432,98.71934244034432,94.83239022601788,0.0,1.0047976928382278,67,6614.195943503069,-0.77261288493537
2023-02-05,P6,98.71934244034432,93.7833753183271,96.89826949926955,0.05,1.0288951476677128,91,8534.287153967767,-0.77261288493537
2023-02-06,P6,98.71934244034432,98.71934244034432,94.76114497233635,0.0,1.1189453373921527,65,6416.7572586223805,-0.77261288493537
2023-02-07,P6,98.71934244034432,98.71934244034432,101.46384922947294,0.0,1.2093930497380205,88,8687.3021347503,-0.77261288493537
