data/simulated_product_sales.csv
date,product_id,base_price,price,competitor_price,discount_pct,seasonality,demand,revenue,true_elasticity
2023-06-25,P6,98.71934244034432,98.71934244034432,106.83180929303381,0.0,0.9424026826361588,75,7403.950683025824,-0.77261288493537
2023-06-26,P6,98.71934244034432,98.71934244034432,96.83439855182971,0.0,1.0189073499634398,90,8884.740819630988,-0.77261288493537
2023-06-27,P6,98.71934244034432,98.71934244034432,104.57411750214663,0.0,1.0948705078091372,97,9575.776216713399,-0.77261288493537
2023-06-28,P6,98.71934244034432,98.71934244034432,99.82705840037137,0.0,1.1107095187870981,90,8884.740819630988,-0.77261288493537
2023-06-29,P6,98.71934244034432,88.84740819630989,104.27197249844826,0.1,1.0523661534590858,84,7463.18228849003,-0.77261288493537
2023-06-30,P6,98.71934244034432,98.71934244034432,91.59399238085678,0.0,0.9615512701059923,79,7798.828052787201,-0.77261288493537
2023-07-01,P6,98.71934244034432,93.7833753183271,97.6636616450787,0.05,0.9040607841294184,85,7971.586902057804,-0.77261288493537
2023-07-02,P6,98.71934244034432,98.71934244034432,97.8852306413872,0.0,0.920230036798201,76,7502.670025466168,-0.77261288493537
2023-07-03,P6,98.71934244034432,88.84740819630989,103.1551438693493,0.1,0.9948363119545736,96,8529.35118684575,-0.77261288493537
2023-07-04,P6,98.71934244034432,98.71934244034432,99.62657010248726,0.0,1.0689059789217166,79,7798.828052787201,-0.77261288493537
2023-07-05,P6,98.71934244034432,98.71934244034432,103.84586785068657,0.0,1.0842760636492668,84,8292.424764988922,-0.77261288493537
2023-07-06,P6,98.71934244034432,98.71934244034432,94.88638457463668,0.0,1.027239543365724,79,7798.828052787201,-0.77261288493537
2023-07-07,P6,98.71934244034432,98.71934244034432,100.64617714142689,0.0,0.9385246352946985,71,7009.073313264446,-0.77261288493537
2023-07-08,P6,98.71934244034432,98.71934244034432,108.56098435420502,0.0,0.8823525970112678,65,6416.7572586223805,-0.77261288493537
2023-07-09,P6,98.71934244034432,88.84740819630989,107.18900609203375,0.1,0.8980804038315371,85,7552.029696686341,-0.77261288493537
2023-07-10,P6,98.71934244034432,98.71934244034432,106.06600963401462,0.0,0.9708401606160251,83,8193.705422548579,-0.77261288493537
2023-07-11,P6,98.71934244034432,78.97547395227546,95.06430762130975,0.2,1.0430759926934614,135,10661.688983557187,-0.77261288493537
2023-07-12,P6,98.71934244034432,98.71934244034432,103.42528131861931,0.0,1.0580342848310405,88,8687.3021347503,-0.77261288493537
2023-07-13,P6,98.71934244034432,88.84740819630989,109.00941687838508,0.1,1.0023471325769067,87,7729.72451307896,-0.77261288493537
2023-07-14,P6,98.71934244034432,88.84740819630989,97.14234995618666,0.1,0.9157603080637015,93,8262.808962256819,-0.77261288493537
2023-07-15,P6,98.71934244034432,98.71934244034432,84.73559807252086,0.0,0.8609367032605265,75,7403.950683025824,-0.77261288493537
2023-07-16,P6,98.71934244034432,98.71934244034432,106.61222295506029,0.0,0.8762750100083679,71,7009.073313264446,-0.77261288493537
2023-07-17,P6,98.71934244034432,93.7833753183271,105.86561796122662,0.05,0.9472669014543985,89,8346.720403331112,-0.77261288493537
2023-07-18,P6,98.71934244034432,98.71934244034432,90.41838568180303,0.0,1.0177551499224793,76,7502.670025466168,-0.77261288493537
2023-07-19,P6,98.71934244034432,98.71934244034432,103.70602458517642,0.0,1.0323647551752466,79,7798.828052787201,-0.77261288493537
2023-07-20,P6,98.71934244034432,98.71934244034432,96.78975907129183,0.0,0.978049924651285,77,7601.389367906512,-0.77261288493537
2023-07-21,P6,98.71934244034432,98.71934244034432,98.75568439378092,0.0,0.8935884293226306,59,5824.441203980315,-0.77261288493537
2023-07-22,P6,98.71934244034432,88.84740819630989,105.55805746514555,0.1,0.8401236880559992,77,6841.250431115861,-0.77261288493537
2023-07-23,P6,98.71934244034432,98.71934244034432,90.17882249022186,0.0,0.8551300892537534,75,7403.950683025824,-0.77261288493537
2023-07-24,P6,98.71934244034432,98.71934244034432,104.54335624103277,0.0,0.924458406959207,86,8489.863449869612,-0.77261288493537
2023-07-25,P6,98.71934244034432,88.84740819630989,92.20895729774671,0.1,0.9933106675258432,96,8529.35118684575,-0.77261288493537
2023-07-26,P6,98.71934244034432,88.84740819630989,93.36755092026439,0.1,1.0076397484497122,98,8707.046003238369,-0.77261288493537
2023-07-27,P6,98.71934244034432,98.71934244034432,94.02432766113272,0.0,0.9547002911852005,71,7009.073313264446,-0.77261288493537
2023-07-28,P6,98.71934244034432,98.71934244034432,95.87325502784431,0.0,0.8723305479642555,62,6120.599231301348,-0.77261288493537
2023-07-29,P6,98.71934244034432,98.71934244034432,104.91470078510122,0.0,0.8202153932971643,60,5923.16054642066,-0.77261288493537
2023-07-30,P6,98.71934244034432,98.71934244034432,96.07585030298752,0.0,0.8349522969456955,59,5824.441203980315,-0.77261288493537
2023-07-31,P6,98.71934244034432,98.71934244034432,100.35634442137079,0.0,0.9027454585782619,62,6120.599231301348,-0.77261288493537
2023-08-01,P6,98.71934244034432,78.97547395227546,100.12806438048678,0.2,0.9700970529560223,117,9240.13045241623,-0.77261288493537
2023-08-02,P6,98.71934244034432,88.84740819630989,96.74544923706972,0.1,0.984217840426439,88,7818.57192127527,-0.77261288493537
2023-08-03,P6,98.71934244034432,98.71934244034432,97.91832161664547,0.0,0.9326368615241983,72,7107.792655704791,-0.77261288493537
2023-08-04,P6,98.71934244034432,98.71934244034432,99.00745627672403,0.0,0.8522949575839563,62,6120.599231301348,-0.77261288493537
2023-08-05,P6,98.71934244034432,88.84740819630989,110.32761091599636,0.1,0.8015005401254008,73,6485.860798330622,-0.77261288493537
2023-08-06,P6,98.71934244034432,88.84740819630989,94.90158982386323,0.1,0.8160342626286258,93,8262.808962256819,-0.77261288493537
2023-08-07,P6,98.71934244034432,98.71934244034432,89.81822776557043,0.0,0.8824429495415054,70,6910.353970824102,-0.77261288493537
2023-08-08,P6,98.71934244034432,98.71934244034432,102.94817018492431,0.0,0.9484509629370268,76,7502.670025466168,-0.77261288493537
2023-08-09,P6,98.71934244034432,78.97547395227546,100.50498773936437,0.2,0.9624387086167193,118,9319.105926368506,-0.77261288493537
2023-08-10,P6,98.71934244034432,98.71934244034432,100.94297452152205,0.0,0.9121796117722905,68,6712.915285943413,-0.77261288493537
2023-08-11,P6,98.71934244034432,98.71934244034432,95.62230523348705,0.0,0.8337722254348741,65,6416.7572586223805,-0.77261288493537
2023-08-12,P6,98.71934244034432,98.71934244034432,96.5777572919633,0.0,0.7842505417297306,71,7009.073313264446,-0.77261288493537
2023-08-13,P6,98.71934244034432,98.71934244034432,101.5204481099575,0.0,0.7986503461373181,55,5429.563834218938,-0.77261288493537
2023-08-14,P6,98.71934244034432,98.71934244034432,96.50822000182042,0.0,0.8638453181045969,58,5725.721861539971,-0.77261288493537
2023-08-15,P6,98.71934244034432,78.97547395227546,91.96657362014741,0.2,0.9286863210817216,98,7739.596447322995,-0.77261288493537
2023-08-16,P6,98.71934244034432,98.71934244034432,98.00422662188441,0.0,0.9426182060793168,73,7206.511998145135,-0.77261288493537
2023-08-17,P6,98.71934244034432,98.71934244034432,96.84810867459566,0.0,0.893625224320882,74,7305.231340585479,-0.77261288493537
2023-08-18,P6,98.71934244034432,98.71934244034432,101.57897899875097,0.0,0.8170309784603169,72,7107.792655704791,-0.77261288493537
2023-08-19,P6,98.71934244034432,98.71934244034432,92.57039866348975,0.0,0.7687155671620952,62,6120.599231301348,-0.77261288493537
2023-08-20,P6,98.71934244034432,78.97547395227546,89.98736830389208,0.2,0.7830526586782726,97,7660.62097337072,-0.77261288493537
2023-08-21,P6,98.71934244034432,98.71934244034432,101.13886229449912,0.0,0.8472222774418914,70,6910.353970824102,-0.77261288493537
2023-08-22,P6,98.71934244034432,98.71934244034432,98.63101342218185,0.0,0.9110897651973386,63,6219.3185737416925,-0.77261288493537
2023-08-23,P6,98.71934244034432,93.7833753183271,87.51717559769682,0.05,0.9250437807440827,78,7315.103274829514,-0.77261288493537
2023-08-24,P6,98.71934244034432,98.71934244034432,97.75295277986818,0.0,0.8772427851960463,60,5923.16054642066,-0.77261288493537
2023-08-25,P6,98.71934244034432,98.71934244034432,103.49017308288883,0.0,0.8023140075167164,57,5627.002519099627,-0.77261288493537
2023-08-26,P6,98.71934244034432,98.71934244034432,98.86461087324624,0.0,0.7551209132468981,61,6021.879888861004,-0.77261288493537
2023-08-27,P6,98.71934244034432,78.97547395227546,95.8242546143292,0.2,0.7694674065730551,90,7107.792655704792,-0.77261288493537
2023-08-28,P6,98.71934244034432,98.71934244034432,99.2485174161929,0.0,0.8328149041162727,62,6120.599231301348,-0.77261288493537
2023-08-29,P6,98.71934244034432,93.7833753183271,91.02874664245996,0.05,0.8959164903048892,99,9284.554156514383,-0.77261288493537
2023-08-30,P6,98.71934244034432,98.71934244034432,102.16260879068619,0.0,0.9099703066825201,64,6318.0379161820365,-0.77261288493537
2023-08-31,P6,98.71934244034432,88.84740819630989,91.75568153684921,0.1,0.8632698816236097,86,7640.87710488265,-0.77261288493537
2023-09-01,P6,98.71934244034432,98.71934244034432,98.86342580804539,0.0,0.7898347462858599,65,6416.7572586223805,-0.77261288493537
2023-09-02,P6,98.71934244034432,98.71934244034432,102.91068242512962,0.0,0.7436637372013993,50,4935.967122017216,-0.77261288493537
2023-09-03,P6,98.71934244034432,93.7833753183271,98.03777257632386,0.05,0.7580916106886586,69,6471.05289696457,-0.77261288493537
2023-09-04,P6,98.71934244034432,98.71934244034432,112.61895627718366,0.0,0.8208321418530182,48,4738.528437136527,-0.77261288493537
2023-09-05,P6,98.71934244034432,93.7833753183271,90.69571053529074,0.05,0.883386547659314,57,5345.6523931446445,-0.77261288493537
2023-09-06,P6,98.71934244034432,98.71934244034432,97.87191054310856,0.0,0.8976163877825221,72,7107.792655704791,-0.77261288493537
2023-09-07,P6,98.71934244034432,98.71934244034432,114.0124465810846,0.0,0.8519091564073231,64,6318.0379161820365,-0.77261288493537
2023-09-08,P6,98.71934244034432,98.71934244034432,100.58925279601392,0.0,0.7797741759411617,64,6318.0379161820365,-0.77261288493537
2023-09-09,P6,98.71934244034432,98.71934244034432,104.52988871515527,0.0,0.7345101973523122,57,5627.002519099627,-0.77261288493537
2023-09-10,P6,98.71934244034432,98.71934244034432,98.10470384736021,0.0,0.7490902491315267,44,4343.65106737515,-0.77261288493537
2023-09-11,P6,98.71934244034432,98.71934244034432,104.16478810443284,0.0,0.8114477713219159,71,7009.073313264446,-0.77261288493537
2023-09-12,P6,98.71934244034432,98.71934244034432,94.05059225064562,0.0,0.8736816534440359,69,6811.634628383758,-0.77261288493537
2023-09-13,P6,98.71934244034432,98.71934244034432,86.6987208388209,0.0,0.8881611874334453,73,7206.511998145135,-0.77261288493537
2023-09-14,P6,98.71934244034432,98.71934244034432,98.0203059244166,0.0,0.843325369090435,59,5824.441203980315,-0.77261288493537
2023-09-15,P6,98.71934244034432,93.7833753183271,98.8857785867214,0.05,0.7722782004582276,68,6377.269521646243,-0.77261288493537
2023-09-16,P6,98.71934244034432,78.97547395227546,95.51436777553143,0.2,0.7277930434155159,84,6633.939811991139,-0.77261288493537
2023-09-17,P6,98.71934244034432,93.7833753183271,95.77308940760376,0.05,0.7425938646434777,53,4970.518891871337,-0.77261288493537
2023-09-18,P6,98.71934244034432,98.71934244034432,90.0100842737109,0.0,0.8047978898735264,64,6318.0379161820365,-0.77261288493537
2023-09-19,P6,98.71934244034432,98.71934244034432,93.27406060505487,0.0,0.8669425534220014,72,7107.792655704791,-0.77261288493537
2023-09-20,P6,98.71934244034432,98.71934244034432,102.03940108143009,0.0,0.8817418301991875,80,7897.547395227546,-0.77261288493537
2023-09-21,P6,98.71934244034432,93.7833753183271,92.65955449942996,0.05,0.8376430065213428,68,6377.269521646243,-0.77261288493537
2023-09-22,P6,98.71934244034432,98.71934244034432,91.52967209401041,0.0,0.7674555306344111,70,6910.353970824102,-0.77261288493537
2023-09-23,P6,98.71934244034432,98.71934244034432,102.27815969496113,0.0,0.7236096912859904,53,5232.125149338249,-0.77261288493537
2023-09-24,P6,98.71934244034432,98.71934244034432,89.49499198713681,0.0,0.7386966713983996,59,5824.441203980315,-0.77261288493537
2023-09-25,P6,98.71934244034432,98.71934244034432,99.9194471043309,0.0,0.8009789377798605,59,5824.441203980315,-0.77261288493537
2023-09-26,P6,98.71934244034432,98.71934244034432,94.24336931868454,0.0,0.8632669817625005,77,7601.389367906512,-0.77261288493537
2023-09-27,P6,98.71934244034432,98.71934244034432,87.74385345403952,0.0,0.8784514131616458,64,6318.0379161820365,-0.77261288493537
2023-09-28,P6,98.71934244034432,93.7833753183271,104.06180557266146,0.05,0.8349444774762147,63,5908.352645054608,-0.77261288493537
2023-09-29,P6,98.71934244034432,98.71934244034432,97.06676590196511,0.0,0.7653761075044864,48,4738.528437136527,-0.77261288493537
2023-09-30,P6,98.71934244034432,98.71934244034432,97.93624541487216,0.0,0.7220208102584318,57,5627.002519099627,-0.77261288493537
2023-10-01,P6,98.71934244034432,93.7833753183271,95.4938710715885,0.05,0.737455188656004,61,5720.785894417953,-0.77261288493537
2023-10-02,P6,98.71934244034432,93.7833753183271,92.00657923095969,0.05,0.8000462996040218,77,7221.319899511187,-0.77261288493537
2023-10-03,P6,98.71934244034432,93.7833753183271,90.73393180057255,0.05,0.8627082436459919,77,7221.319899511187,-0.77261288493537
2023-10-04,P6,98.71934244034432,98.71934244034432,99.19501784085425,0.0,0.878337655775158,61,6021.879888861004,-0.77261288493537
2023-10-05,P6,98.71934244034432,88.84740819630989,102.03776059878065,0.1,0.8352689175211749,68,6041.623757349073,-0.77261288493537
2023-10-06,P6,98.71934244034432,98.71934244034432,91.85393473824433,0.0,0.7660700880169392,56,5528.283176659282,-0.77261288493537
2023-10-07,P6,98.71934244034432,78.97547395227546,87.5341838068452,0.2,0.7230494431674653,83,6554.964338038863,-0.77261288493537
2023-10-08,P6,98.71934244034432,98.71934244034432,91.85541192673759,0.0,0.7388874210881491,48,4738.528437136527,-0.77261288493537
2023-10-09,P6,98.71934244034432,93.7833753183271,100.94527917885927,0.05,0.8020135009825293,76,7127.536524192859,-0.77261288493537
2023-10-10,P6,98.71934244034432,98.71934244034432,103.76611349912444,0.0,0.8652744422027882,63,6219.3185737416925,-0.77261288493537
2023-10-11,P6,98.71934244034432,98.71934244034432,98.90464773562326,0.0,0.8814022078124882,75,7403.950683025824,-0.77261288493537
2023-10-12,P6,98.71934244034432,98.71934244034432,109.04329463475935,0.0,0.8386116214465998,64,6318.0379161820365,-0.77261288493537
2023-10-13,P6,98.71934244034432,98.71934244034432,97.96923643761333,0.0,0.7695274076811605,65,6416.7572586223805,-0.77261288493537
2023-10-14,P6,98.71934244034432,98.71934244034432,97.81244103687482,0.0,0.7266806722076657,50,4935.967122017216,-0.77261288493537
2023-10-15,P6,98.71934244034432,98.71934244034432,106.9690591221669,0.0,0.7429725976650939,52,5133.405806897905,-0.77261288493537
2023-10-16,P6,98.71934244034432,88.84740819630989,99.21804041525012,0.1,0.806852012469029,81,7196.640063901101,-0.77261288493537
2023-10-17,P6,98.71934244034432,98.71934244034432,97.55976395995295,0.0,0.8709283609969616,61,6021.879888861004,-0.77261288493537
2023-10-18,P6,98.71934244034432,98.71934244034432,104.09270881460124,0.0,0.8876006254389054,70,6910.353970824102,-0.77261288493537
2023-10-19,P6,98.71934244034432,98.71934244034432,101.907436319252,0.0,0.8449241115046799,58,5725.721861539971,-0.77261288493537
2023-10-20,P6,98.71934244034432,78.97547395227546,99.52423255247109,0.2,0.7756979265282745,83,6554.964338038863,-0.77261288493537
2023-10-21,P6,98.71934244034432,93.7833753183271,90.06966671335233,0.05,0.7328618352798533,58,5439.435768462972,-0.77261288493537
2023-10-22,P6,98.71934244034432,88.84740819630989,99.97163046639075,0.1,0.7496514728885013,65,5775.081532760142,-0.77261288493537
2023-10-23,P6,98.71934244034432,88.84740819630989,93.94773369104412,0.1,0.8144916632841607,72,6397.0133901343115,-0.77261288493537
2023-10-24,P6,98.71934244034432,98.71934244034432,97.94023941401773,0.0,0.8795880037597562,64,6318.0379161820365,-0.77261288493537
2023-10-25,P6,98.71934244034432,98.71934244034432,106.97939656838588,0.0,0.8968430157613457,72,7107.792655704791,-0.77261288493537
2023-10-26,P6,98.71934244034432,98.71934244034432,105.41972711076568,0.0,0.8541148404606269,78,7700.108710346857,-0.77261288493537
2023-10-27,P6,98.71934244034432,98.71934244034432,92.1995303060177,0.0,0.7844921562688014,65,6416.7572586223805,-0.77261288493537
2023-10-28,P6,98.71934244034432,98.71934244034432,97.27766835446117,0.0,0.7415032897260867,55,5429.563834218938,-0.77261288493537
2023-10-29,P6,98.71934244034432,88.84740819630989,101.15220152037442,0.1,0.7588271860025411,79,7018.945247508481,-0.77261288493537
2023-10-30,P6,98.71934244034432,98.71934244034432,93.29641766393269,0.0,0.8248216589711513,52,5133.405806897905,-0.77261288493537
2023-10-31,P6,98.71934244034432,98.71934244034432,99.39358269392358,0.0,0.8911277835449924,69,6811.634628383758,-0.77261288493537
2023-11-01,P6,98.71934244034432,93.7833753183271,102.1896488892946,0.05,0.9089953405050452,74,6939.969773556206,-0.77261288493537
2023-11-02,P6,98.71934244034432,93.7833753183271,98.11154504392313,0.05,0.8660505192614908,79,7408.8866501478415,-0.77261288493537
2023-11-03,P6,98.71934244034432,98.71934244034432,109.62002646591908,0.0,0.7957825581015031,58,5725.721861539971,-0.77261288493537
2023-11-04,P6,98.71934244034432,98.71934244034432,98.89154820013232,0.0,0.7524797123772495,50,4935.967122017216,-0.77261288493537
2023-11-05,P6,98.71934244034432,93.7833753183271,101.69555343068699,0.05,0.7703666657223371,72,6752.403022919551,-0.77261288493537
2023-11-06,P6,98.71934244034432,98.71934244034432,100.38747994430727,0.0,0.8376921881985278,61,6021.879888861004,-0.77261288493537
2023-11-07,P6,98.71934244034432,98.71934244034432,98.18286344470548,0.0,0.9053803440606716,67,6614.195943503069,-0.77261288493537
2023-11-08,P6,98.71934244034432,98.71934244034432,100.92562949964775,0.0,0.9238813599110036,67,6614.195943503069,-0.77261288493537
