data/simulated_product_sales.csv
date,product_id,base_price,price,competitor_price,discount_pct,seasonality,demand,revenue,true_elasticity
2023-03-24,P7,86.97003346018394,86.97003346018394,77.93767430100763,0.0,1.1460078128568654,107,9305.793580239682,-2.0607176792516086
2023-03-25,P7,86.97003346018394,86.97003346018394,79.43462948688936,0.0,1.0816047481244389,123,10697.314115602625,-2.0607176792516086
2023-03-26,P7,86.97003346018394,78.27303011416555,90.87655154610462,0.1,1.1051142159311242,168,13149.869059179813,-2.0607176792516086
2023-03-27,P7,86.97003346018394,86.97003346018394,89.68475068411092,0.0,1.1991837992294359,98,8523.063279098027,-2.0607176792516086
2023-03-28,P7,86.97003346018394,86.97003346018394,85.89884407785217,0.0,1.293242944112985,95,8262.153178717474,-2.0607176792516086
2023-03-29,P7,86.97003346018394,86.97003346018394,85.37107927945652,0.0,1.3166479266612068,120,10436.404015222073,-2.0607176792516086
2023-03-30,P7,86.97003346018394,69.57602676814716,91.83554849120641,0.2,1.251909542783491,277,19272.559414776762,-2.0607176792516086
2023-03-31,P7,86.97003346018394,69.57602676814716,96.09637461297075,0.2,1.1478896605664024,194,13497.749193020549,-2.0607176792516086
2023-04-01,P7,86.97003346018394,86.97003346018394,90.91214224403333,0.0,1.0830069790472123,104,9044.88347985913,-2.0607176792516086
2023-04-02,P7,86.97003346018394,86.97003346018394,85.85506651848792,0.0,1.1061648570125344,91,7914.273044876739,-2.0607176792516086
2023-04-03,P7,86.97003346018394,78.27303011416555,84.72981194359666,0.1,1.1999092561374716,161,12601.957848380654,-2.0607176792516086
2023-04-04,P7,86.97003346018394,86.97003346018394,81.46093098449279,0.0,1.2935782035406715,129,11219.134316363728,-2.0607176792516086
2023-04-05,P7,86.97003346018394,86.97003346018394,90.63370654845203,0.0,1.3165341692747192,135,11740.954517124832,-2.0607176792516086
2023-04-06,P7,86.97003346018394,86.97003346018394,82.7503170920773,0.0,1.2513688360809478,140,12175.804684425751,-2.0607176792516086
2023-04-07,P7,86.97003346018394,86.97003346018394,83.04416733087857,0.0,1.1469974880444616,118,10262.463948301705,-2.0607176792516086
2023-04-08,P7,86.97003346018394,82.62153178717475,78.99677640809128,0.05,1.081791502108969,126,10410.313005184018,-2.0607176792516086
2023-04-09,P7,86.97003346018394,86.97003346018394,88.40553383033024,0.0,1.1045419809929498,97,8436.093245637843,-2.0607176792516086
2023-04-10,P7,86.97003346018394,82.62153178717475,90.17760105141139,0.05,1.1977355180464682,127,10492.934536971192,-2.0607176792516086
2023-04-11,P7,86.97003346018394,82.62153178717475,86.61235310955144,0.05,1.2907896843140256,152,12558.47283165056,-2.0607176792516086
2023-04-12,P7,86.97003346018394,69.57602676814716,86.30776544590623,0.2,1.3132437522371774,242,16837.398477891613,-2.0607176792516086
2023-04-13,P7,86.97003346018394,86.97003346018394,79.12642146241657,0.0,1.2478118812692918,123,10697.314115602625,-2.0607176792516086
2023-04-14,P7,86.97003346018394,86.97003346018394,91.17086348673153,0.0,1.1433442340721867,124,10784.284149062809,-2.0607176792516086
2023-04-15,P7,86.97003346018394,86.97003346018394,89.10708508650112,0.0,1.0779759448309594,100,8697.003346018395,-2.0607176792516086
2023-04-16,P7,86.97003346018394,78.27303011416555,87.96047864684932,0.1,1.1002691237212394,125,9784.128764270694,-2.0607176792516086
2023-04-17,P7,86.97003346018394,82.62153178717475,84.57580467819413,0.05,1.1926941097128299,143,11814.87904556599,-2.0607176792516086
2023-04-18,P7,86.97003346018394,78.27303011416555,80.80848311737992,0.1,1.284917827086736,146,11427.86239666817,-2.0607176792516086
2023-04-19,P7,86.97003346018394,86.97003346018394,84.23625983919914,0.0,1.3068243950029197,92,8001.243078336923,-2.0607176792516086
2023-04-20,P7,86.97003346018394,82.62153178717475,84.83678536395324,0.05,1.2412902632816123,139,11484.39291841729,-2.0607176792516086
2023-04-21,P7,86.97003346018394,78.27303011416555,81.11983984240011,0.1,1.1369828801665487,151,11819.227547238997,-2.0607176792516086
2023-04-22,P7,86.97003346018394,86.97003346018394,86.6933520510958,0.0,1.071615642542786,116,10088.523881381338,-2.0607176792516086
2023-04-23,P7,86.97003346018394,86.97003346018394,80.95457377718105,0.0,1.0934082525453552,113,9827.613781000786,-2.0607176792516086
2023-04-24,P7,86.97003346018394,69.57602676814716,85.05799748791752,0.2,1.1848581444386186,219,15237.149862224227,-2.0607176792516086
2023-04-25,P7,86.97003346018394,78.27303011416555,77.17375761425063,0.1,1.27604778879169,180,14089.1454205498,-2.0607176792516086
2023-04-26,P7,86.97003346018394,86.97003346018394,79.86156595902317,0.0,1.2973691946538428,111,9653.673714080418,-2.0607176792516086
2023-04-27,P7,86.97003346018394,82.62153178717475,80.41890585517024,0.05,1.2318985622420162,126,10410.313005184018,-2.0607176792516086
2023-04-28,P7,86.97003346018394,86.97003346018394,89.65333314256712,0.0,1.1280056822129763,89,7740.332977956371,-2.0607176792516086
2023-04-29,P7,86.97003346018394,69.57602676814716,85.31428316147021,0.2,1.0628028358787371,182,12662.836871802783,-2.0607176792516086
2023-04-30,P7,86.97003346018394,86.97003346018394,93.54727574962436,0.0,1.0840588676274525,91,7914.273044876739,-2.0607176792516086
2023-05-01,P7,86.97003346018394,86.97003346018394,83.27502061154726,0.0,1.1743412637418644,106,9218.823546779498,-2.0607176792516086
2023-05-02,P7,86.97003346018394,86.97003346018394,77.96350427567978,0.0,1.2643082076478627,132,11480.04441674428,-2.0607176792516086
2023-05-03,P7,86.97003346018394,86.97003346018394,79.01365902567709,0.0,1.2850152757538447,130,11306.104349823912,-2.0607176792516086
2023-05-04,P7,86.97003346018394,86.97003346018394,89.63642163325517,0.0,1.2197729818121672,121,10523.374048682257,-2.0607176792516086
2023-05-05,P7,86.97003346018394,86.97003346018394,89.98449136075624,0.0,1.1165428325192959,85,7392.452844115635,-2.0607176792516086
2023-05-06,P7,86.97003346018394,86.97003346018394,88.00393828220146,0.0,1.051665333052908,90,7827.303011416555,-2.0607176792516086
2023-05-07,P7,86.97003346018394,78.27303011416555,85.97855017569621,0.1,1.07235655893731,125,9784.128764270694,-2.0607176792516086
2023-05-08,P7,86.97003346018394,86.97003346018394,83.26213124054557,0.0,1.161295989264189,113,9827.613781000786,-2.0607176792516086
2023-05-09,P7,86.97003346018394,82.62153178717475,91.13587171744247,0.05,1.2498693375774623,152,12558.47283165056,-2.0607176792516086
2023-05-10,P7,86.97003346018394,82.62153178717475,89.02495010199738,0.05,1.2699418016922823,133,10988.663727694242,-2.0607176792516086
2023-05-11,P7,86.97003346018394,86.97003346018394,86.68107997988102,0.0,1.2050893738901811,111,9653.673714080418,-2.0607176792516086
2023-05-12,P7,86.97003346018394,86.97003346018394,82.16612927424944,0.0,1.1027605716946152,112,9740.643747540602,-2.0607176792516086
2023-05-13,P7,86.97003346018394,86.97003346018394,91.60282396248913,0.0,1.0383646563135336,96,8349.12321217766,-2.0607176792516086
2023-05-14,P7,86.97003346018394,78.27303011416555,87.18452259509287,0.1,1.0584710398513224,147,11506.135426782335,-2.0607176792516086
2023-05-15,P7,86.97003346018394,82.62153178717475,81.65085824330095,0.05,1.1459115108172975,149,12310.608236289037,-2.0607176792516086
2023-05-16,P7,86.97003346018394,86.97003346018394,82.45386962587264,0.0,1.2329405790890424,133,11567.014450204464,-2.0607176792516086
2023-05-17,P7,86.97003346018394,86.97003346018394,87.60242395837395,0.0,1.2523673763570482,111,9653.673714080418,-2.0607176792516086
2023-05-18,P7,86.97003346018394,86.97003346018394,87.26725547876049,0.0,1.188060688308786,132,11480.04441674428,-2.0607176792516086
2023-05-19,P7,86.97003346018394,86.97003346018394,85.45607043765334,0.0,1.0868587777357335,103,8957.913446398947,-2.0607176792516086
2023-05-20,P7,86.97003346018394,78.27303011416555,90.8642277578641,0.1,1.023093699457688,115,9001.398463129039,-2.0607176792516086
2023-05-21,P7,86.97003346018394,86.97003346018394,85.49453819524292,0.0,1.0426036858749115,99,8610.033312558211,-2.0607176792516086
2023-05-22,P7,86.97003346018394,82.62153178717475,89.14937754227704,0.05,1.1284109426473128,129,10658.177600545543,-2.0607176792516086
2023-05-23,P7,86.97003346018394,82.62153178717475,89.48750565704891,0.05,1.2137674424350946,145,11980.122109140339,-2.0607176792516086
2023-05-24,P7,86.97003346018394,78.27303011416555,86.00258692532154,0.1,1.2325468738196454,169,13228.142089293979,-2.0607176792516086
2023-05-25,P7,86.97003346018394,82.62153178717475,83.98837493390282,0.05,1.1689338845186428,144,11897.500577353163,-2.0607176792516086
2023-05-26,P7,86.97003346018394,86.97003346018394,84.67001307366921,0.0,1.0690680672854826,97,8436.093245637843,-2.0607176792516086
2023-05-27,P7,86.97003346018394,86.97003346018394,88.18781110142204,0.0,1.0060739303783668,70,6087.902342212876,-2.0607176792516086
2023-05-28,P7,86.97003346018394,86.97003346018394,80.21292713066651,0.0,1.0249846141831656,113,9827.613781000786,-2.0607176792516086
2023-05-29,P7,86.97003346018394,78.27303011416555,88.67120787417254,0.1,1.1090480877081301,160,12523.684818266487,-2.0607176792516086
2023-05-30,P7,86.97003346018394,82.62153178717475,82.1789657996617,0.05,1.1926279870860852,136,11236.528323055765,-2.0607176792516086
2023-05-31,P7,86.97003346018394,86.97003346018394,85.750269811641,0.0,1.2107677420099259,99,8610.033312558211,-2.0607176792516086
2023-06-01,P7,86.97003346018394,69.57602676814716,86.36211762698082,0.2,1.1479863500453094,228,15863.334103137553,-2.0607176792516086
2023-06-02,P7,86.97003346018394,82.62153178717475,86.49979087954934,0.05,1.0496464511021595,133,10988.663727694242,-2.0607176792516086
2023-06-03,P7,86.97003346018394,86.97003346018394,92.26619167466343,0.0,0.9875521792141685,98,8523.063279098027,-2.0607176792516086
2023-06-04,P7,86.97003346018394,69.57602676814716,86.1294497080752,0.2,1.0058693463338324,227,15793.758076369406,-2.0607176792516086
2023-06-05,P7,86.97003346018394,78.27303011416555,73.97065290637369,0.1,1.088103756870099,132,10332.039975069853,-2.0607176792516086
2023-06-06,P7,86.97003346018394,86.97003346018394,87.91969833788656,0.0,1.1698287891576702,126,10958.224215983177,-2.0607176792516086
2023-06-07,P7,86.97003346018394,78.27303011416555,89.15846139718909,0.1,1.1873458339866527,161,12601.957848380654,-2.0607176792516086
2023-06-08,P7,86.97003346018394,78.27303011416555,96.28890322231693,0.1,1.1255218776613696,146,11427.86239666817,-2.0607176792516086
2023-06-09,P7,86.97003346018394,86.97003346018394,80.9628712595064,0.0,1.0288755922442936,100,8697.003346018395,-2.0607176792516086
2023-06-10,P7,86.97003346018394,86.97003346018394,88.07341051971414,0.0,0.9677970586816138,75,6522.752509513795,-2.0607176792516086
2023-06-11,P7,86.97003346018394,86.97003346018394,88.59848462085746,0.0,0.9855351025518524,90,7827.303011416555,-2.0607176792516086
2023-06-12,P7,86.97003346018394,86.97003346018394,85.7961471852077,0.0,1.065881696444906,86,7479.422877575819,-2.0607176792516086
2023-06-13,P7,86.97003346018394,78.27303011416555,85.627749227793,0.1,1.1457004952736891,180,14089.1454205498,-2.0607176792516086
2023-06-14,P7,86.97003346018394,86.97003346018394,83.14329988553351,0.0,1.1626208272611183,114,9914.58381446097,-2.0607176792516086
2023-06-15,P7,86.97003346018394,82.62153178717475,78.12409889128364,0.05,1.1018662596150164,110,9088.368496589223,-2.0607176792516086
2023-06-16,P7,86.97003346018394,86.97003346018394,78.96763200711783,0.0,1.0070567212366235,109,9479.73364716005,-2.0607176792516086
2023-06-17,P7,86.97003346018394,86.97003346018394,88.71580095274578,0.0,0.9470950685044273,77,6696.692576434163,-2.0607176792516086
2023-06-18,P7,86.97003346018394,82.62153178717475,81.36272496938973,0.05,0.9642767813277757,110,9088.368496589223,-2.0607176792516086
2023-06-19,P7,86.97003346018394,86.97003346018394,85.02365632838911,0.0,1.0427041830879593,106,9218.823546779498,-2.0607176792516086
2023-06-20,P7,86.97003346018394,82.62153178717475,83.4489436571728,0.05,1.12059302734529,130,10740.799132332717,-2.0607176792516086
2023-06-21,P7,86.97003346018394,82.62153178717475,90.96209483761396,0.05,1.1369512976053244,138,11401.771386630115,-2.0607176792516086
2023-06-22,P7,86.97003346018394,78.27303011416555,81.63799047132613,0.1,1.0773625628100256,179,14010.872390435634,-2.0607176792516086
2023-06-23,P7,86.97003346018394,69.57602676814716,86.96452019717243,0.2,0.9845062674578205,205,14263.085487470167,-2.0607176792516086
2023-06-24,P7,86.97003346018394,86.97003346018394,91.70788511449743,0.0,0.9257464404355127,109,9479.73364716005,-2.0607176792516086
2023-06-25,P7,86.97003346018394,86.97003346018394,87.23541635787998,0.0,0.9424026826361588,75,6522.752509513795,-2.0607176792516086
2023-06-26,P7,86.97003346018394,86.97003346018394,88.55895093250334,0.0,1.0189073499634398,97,8436.093245637843,-2.0607176792516086
2023-06-27,P7,86.97003346018394,86.97003346018394,82.22914439002288,0.0,1.0948705078091372,103,8957.913446398947,-2.0607176792516086
2023-06-28,P7,86.97003346018394,78.27303011416555,88.59434530742531,0.1,1.1107095187870981,173,13541.23420975064,-2.0607176792516086
2023-06-29,P7,86.97003346018394,86.97003346018394,87.98262822088984,0.0,1.0523661534590858,89,7740.332977956371,-2.0607176792516086
2023-06-30,P7,86.97003346018394,86.97003346018394,85.2594098803091,0.0,0.9615512701059923,84,7305.482810655451,-2.0607176792516086
2023-07-01,P7,86.97003346018394,86.97003346018394,85.76979889654078,0.0,0.9040607841294184,83,7218.5127771952675,-2.0607176792516086
2023-07-02,P7,86.97003346018394,82.62153178717475,85.24317677648354,0.05,0.920230036798201,104,8592.639305866174,-2.0607176792516086
2023-07-03,P7,86.97003346018394,86.97003346018394,80.1010208400165,0.0,0.9948363119545736,89,7740.332977956371,-2.0607176792516086
2023-07-04,P7,86.97003346018394,86.97003346018394,82.7158597036626,0.0,1.0689059789217166,120,10436.404015222073,-2.0607176792516086
2023-07-05,P7,86.97003346018394,78.27303011416555,89.67885547763268,0.1,1.0842760636492668,174,13619.507239864806,-2.0607176792516086
2023-07-06,P7,86.97003346018394,82.62153178717475,88.08870039227465,0.05,1.027239543365724,113,9336.233091950746,-2.0607176792516086
2023-07-07,P7,86.97003346018394,86.97003346018394,88.47764867775174,0.0,0.9385246352946985,83,7218.5127771952675,-2.0607176792516086
2023-07-08,P7,86.97003346018394,69.57602676814716,81.4505189654986,0.2,0.8823525970112678,200,13915.205353629432,-2.0607176792516086
2023-07-09,P7,86.97003346018394,69.57602676814716,87.97565816071027,0.2,0.8980804038315371,175,12175.804684425753,-2.0607176792516086
2023-07-10,P7,86.97003346018394,69.57602676814716,90.59302140225265,0.2,0.9708401606160251,179,12454.108791498342,-2.0607176792516086
2023-07-11,P7,86.97003346018394,86.97003346018394,85.20414550680478,0.0,1.0430759926934614,83,7218.5127771952675,-2.0607176792516086
2023-07-12,P7,86.97003346018394,86.97003346018394,83.83915777041923,0.0,1.0580342848310405,91,7914.273044876739,-2.0607176792516086
2023-07-13,P7,86.97003346018394,82.62153178717475,87.43330094265129,0.05,1.0023471325769067,113,9336.233091950746,-2.0607176792516086
2023-07-14,P7,86.97003346018394,82.62153178717475,88.01748644185894,0.05,0.9157603080637015,97,8014.28858335595,-2.0607176792516086
2023-07-15,P7,86.97003346018394,69.57602676814716,87.59519425126119,0.2,0.8609367032605265,168,11688.772497048723,-2.0607176792516086
2023-07-16,P7,86.97003346018394,86.97003346018394,91.04047527248429,0.0,0.8762750100083679,90,7827.303011416555,-2.0607176792516086
2023-07-17,P7,86.97003346018394,86.97003346018394,80.12710263781194,0.0,0.9472669014543985,91,7914.273044876739,-2.0607176792516086
2023-07-18,P7,86.97003346018394,86.97003346018394,85.59909727970563,0.0,1.0177551499224793,99,8610.033312558211,-2.0607176792516086
2023-07-19,P7,86.97003346018394,86.97003346018394,81.53304275289925,0.0,1.0323647551752466,100,8697.003346018395,-2.0607176792516086
2023-07-20,P7,86.97003346018394,86.97003346018394,79.33650882686457,0.0,0.978049924651285,87,7566.392911036003,-2.0607176792516086
2023-07-21,P7,86.97003346018394,86.97003346018394,90.33829805045072,0.0,0.8935884293226306,86,7479.422877575819,-2.0607176792516086
2023-07-22,P7,86.97003346018394,82.62153178717475,89.23425260649623,0.05,0.8401236880559992,85,7022.830201909854,-2.0607176792516086
2023-07-23,P7,86.97003346018394,86.97003346018394,82.10814581857959,0.0,0.8551300892537534,91,7914.273044876739,-2.0607176792516086
2023-07-24,P7,86.97003346018394,86.97003346018394,92.14949328855083,0.0,0.924458406959207,87,7566.392911036003,-2.0607176792516086
2023-07-25,P7,86.97003346018394,86.97003346018394,81.92742129084718,0.0,0.9933106675258432,92,8001.243078336923,-2.0607176792516086
2023-07-26,P7,86.97003346018394,86.97003346018394,85.17225950190961,0.0,1.0076397484497122,96,8349.12321217766,-2.0607176792516086
2023-07-27,P7,86.97003346018394,82.62153178717475,89.94728396664796,0.05,0.9547002911852005,120,9914.58381446097,-2.0607176792516086
2023-07-28,P7,86.97003346018394,86.97003346018394,93.20713145697471,0.0,0.8723305479642555,85,7392.452844115635,-2.0607176792516086
2023-07-29,P7,86.97003346018394,78.27303011416555,83.35854934166935,0.1,0.8202153932971643,107,8375.214222215714,-2.0607176792516086
2023-07-30,P7,86.97003346018394,86.97003346018394,91.52900212632379,0.0,0.8349522969456955,79,6870.632643354531,-2.0607176792516086
2023-07-31,P7,86.97003346018394,82.62153178717475,91.46686248396438,0.05,0.9027454585782619,109,9005.746964802047,-2.0607176792516086
2023-08-01,P7,86.97003346018394,78.27303011416555,88.41969281612269,0.1,0.9700970529560223,99,7749.029981302389,-2.0607176792516086
2023-08-02,P7,86.97003346018394,86.97003346018394,80.96140324902987,0.0,0.984217840426439,79,6870.632643354531,-2.0607176792516086
2023-08-03,P7,86.97003346018394,86.97003346018394,82.42656100115568,0.0,0.9326368615241983,105,9131.853513319315,-2.0607176792516086
2023-08-04,P7,86.97003346018394,86.97003346018394,84.92631345377323,0.0,0.8522949575839563,83,7218.5127771952675,-2.0607176792516086
