data/simulated_product_sales.csv
date,product_id,base_price,price,competitor_price,discount_pct,seasonality,demand,revenue,true_elasticity
2023-08-05,P7,86.97003346018394,86.97003346018394,89.64412125181993,0.0,0.8015005401254008,80,6957.602676814715,-2.0607176792516086
2023-08-06,P7,86.97003346018394,78.27303011416555,88.23356709223846,0.1,0.8160342626286258,119,9314.4905835857,-2.0607176792516086
2023-08-07,P7,86.97003346018394,69.57602676814716,99.73465225962578,0.2,0.8824429495415054,155,10784.284149062809,-2.0607176792516086
2023-08-08,P7,86.97003346018394,86.97003346018394,86.45158614749822,0.0,0.9484509629370268,99,8610.033312558211,-2.0607176792516086
2023-08-09,P7,86.97003346018394,86.97003346018394,80.15163386413633,0.0,0.9624387086167193,78,6783.662609894347,-2.0607176792516086
2023-08-10,P7,86.97003346018394,86.97003346018394,89.83853258502118,0.0,0.9121796117722905,83,7218.5127771952675,-2.0607176792516086
2023-08-11,P7,86.97003346018394,86.97003346018394,82.81887504676924,0.0,0.8337722254348741,83,7218.5127771952675,-2.0607176792516086
2023-08-12,P7,86.97003346018394,78.27303011416555,86.5704251793216,0.1,0.7842505417297306,105,8218.668161987383,-2.0607176792516086
2023-08-13,P7,86.97003346018394,86.97003346018394,85.81965517707873,0.0,0.7986503461373181,79,6870.632643354531,-2.0607176792516086
2023-08-14,P7,86.97003346018394,78.27303011416555,91.62545006603739,0.1,0.8638453181045969,117,9157.94452335737,-2.0607176792516086
2023-08-15,P7,86.97003346018394,78.27303011416555,95.94629817004893,0.1,0.9286863210817216,128,10018.94785461319,-2.0607176792516086
2023-08-16,P7,86.97003346018394,69.57602676814716,86.9600067399443,0.2,0.9426182060793168,185,12871.564952107225,-2.0607176792516086
2023-08-17,P7,86.97003346018394,86.97003346018394,88.26252653051056,0.0,0.893625224320882,99,8610.033312558211,-2.0607176792516086
2023-08-18,P7,86.97003346018394,82.62153178717475,88.23223305809027,0.05,0.8170309784603169,73,6031.371820463756,-2.0607176792516086
2023-08-19,P7,86.97003346018394,78.27303011416555,94.14755275222574,0.1,0.7687155671620952,98,7670.756951188224,-2.0607176792516086
2023-08-20,P7,86.97003346018394,86.97003346018394,86.24453852331898,0.0,0.7830526586782726,65,5653.052174911956,-2.0607176792516086
2023-08-21,P7,86.97003346018394,82.62153178717475,82.20027034240059,0.05,0.8472222774418914,104,8592.639305866174,-2.0607176792516086
2023-08-22,P7,86.97003346018394,69.57602676814716,86.03358934392786,0.2,0.9110897651973386,197,13706.47727332499,-2.0607176792516086
2023-08-23,P7,86.97003346018394,86.97003346018394,92.19663533601938,0.0,0.9250437807440827,88,7653.362944496187,-2.0607176792516086
2023-08-24,P7,86.97003346018394,78.27303011416555,80.34227808498255,0.1,0.8772427851960463,128,10018.94785461319,-2.0607176792516086
2023-08-25,P7,86.97003346018394,82.62153178717475,91.21604693750841,0.05,0.8023140075167164,81,6692.344074761155,-2.0607176792516086
2023-08-26,P7,86.97003346018394,78.27303011416555,79.92107622274196,0.1,0.7551209132468981,95,7435.937860845727,-2.0607176792516086
2023-08-27,P7,86.97003346018394,82.62153178717475,86.09945797092024,0.05,0.7694674065730551,100,8262.153178717475,-2.0607176792516086
2023-08-28,P7,86.97003346018394,86.97003346018394,92.04981570826357,0.0,0.8328149041162727,82,7131.542743735084,-2.0607176792516086
2023-08-29,P7,86.97003346018394,86.97003346018394,82.84351050102504,0.0,0.8959164903048892,77,6696.692576434163,-2.0607176792516086
2023-08-30,P7,86.97003346018394,86.97003346018394,77.95164972790091,0.0,0.9099703066825201,71,6174.87237567306,-2.0607176792516086
2023-08-31,P7,86.97003346018394,86.97003346018394,83.01148653632781,0.0,0.8632698816236097,88,7653.362944496187,-2.0607176792516086
2023-09-01,P7,86.97003346018394,86.97003346018394,80.77723477051951,0.0,0.7898347462858599,72,6261.842409133244,-2.0607176792516086
2023-09-02,P7,86.97003346018394,86.97003346018394,83.32857326266205,0.0,0.7436637372013993,56,4870.321873770301,-2.0607176792516086
2023-09-03,P7,86.97003346018394,78.27303011416555,84.93002235175491,0.1,0.7580916106886586,99,7749.029981302389,-2.0607176792516086
2023-09-04,P7,86.97003346018394,86.97003346018394,78.42724521180652,0.0,0.8208321418530182,66,5740.02220837214,-2.0607176792516086
2023-09-05,P7,86.97003346018394,86.97003346018394,99.92445895426063,0.0,0.883386547659314,83,7218.5127771952675,-2.0607176792516086
2023-09-06,P7,86.97003346018394,86.97003346018394,83.19587117886829,0.0,0.8976163877825221,90,7827.303011416555,-2.0607176792516086
2023-09-07,P7,86.97003346018394,86.97003346018394,86.93840856866059,0.0,0.8519091564073231,72,6261.842409133244,-2.0607176792516086
2023-09-08,P7,86.97003346018394,86.97003346018394,86.21841375408238,0.0,0.7797741759411617,71,6174.87237567306,-2.0607176792516086
2023-09-09,P7,86.97003346018394,86.97003346018394,88.24563834302096,0.0,0.7345101973523122,83,7218.5127771952675,-2.0607176792516086
2023-09-10,P7,86.97003346018394,86.97003346018394,88.6484250534512,0.0,0.7490902491315267,63,5479.112107991588,-2.0607176792516086
2023-09-11,P7,86.97003346018394,86.97003346018394,79.48329390272329,0.0,0.8114477713219159,83,7218.5127771952675,-2.0607176792516086
2023-09-12,P7,86.97003346018394,86.97003346018394,84.20341358130891,0.0,0.8736816534440359,78,6783.662609894347,-2.0607176792516086
2023-09-13,P7,86.97003346018394,86.97003346018394,81.54192705965141,0.0,0.8881611874334453,92,8001.243078336923,-2.0607176792516086
2023-09-14,P7,86.97003346018394,69.57602676814716,97.58569020453946,0.2,0.843325369090435,173,12036.652630889459,-2.0607176792516086
2023-09-15,P7,86.97003346018394,86.97003346018394,83.5219692886886,0.0,0.7722782004582276,92,8001.243078336923,-2.0607176792516086
2023-09-16,P7,86.97003346018394,86.97003346018394,82.09789426521957,0.0,0.7277930434155159,64,5566.082141451772,-2.0607176792516086
2023-09-17,P7,86.97003346018394,86.97003346018394,94.33346282015036,0.0,0.7425938646434777,71,6174.87237567306,-2.0607176792516086
2023-09-18,P7,86.97003346018394,78.27303011416555,87.62842875162174,0.1,0.8047978898735264,106,8296.941192101549,-2.0607176792516086
2023-09-19,P7,86.97003346018394,86.97003346018394,91.20661454116511,0.0,0.8669425534220014,72,6261.842409133244,-2.0607176792516086
2023-09-20,P7,86.97003346018394,78.27303011416555,95.37725155764846,0.1,0.8817418301991875,123,9627.582704042363,-2.0607176792516086
2023-09-21,P7,86.97003346018394,78.27303011416555,78.34262056427471,0.1,0.8376430065213428,113,8844.852402900708,-2.0607176792516086
2023-09-22,P7,86.97003346018394,78.27303011416555,84.68030758280742,0.1,0.7674555306344111,91,7122.845740389065,-2.0607176792516086
2023-09-23,P7,86.97003346018394,86.97003346018394,84.0694024867503,0.0,0.7236096912859904,79,6870.632643354531,-2.0607176792516086
2023-09-24,P7,86.97003346018394,86.97003346018394,81.11149754561326,0.0,0.7386966713983996,64,5566.082141451772,-2.0607176792516086
2023-09-25,P7,86.97003346018394,86.97003346018394,83.22439478336452,0.0,0.8009789377798605,83,7218.5127771952675,-2.0607176792516086
2023-09-26,P7,86.97003346018394,86.97003346018394,87.78316070000798,0.0,0.8632669817625005,82,7131.542743735084,-2.0607176792516086
2023-09-27,P7,86.97003346018394,86.97003346018394,94.32698008161483,0.0,0.8784514131616458,96,8349.12321217766,-2.0607176792516086
2023-09-28,P7,86.97003346018394,86.97003346018394,84.21624604428027,0.0,0.8349444774762147,79,6870.632643354531,-2.0607176792516086
2023-09-29,P7,86.97003346018394,86.97003346018394,81.78650491779902,0.0,0.7653761075044864,73,6348.8124425934275,-2.0607176792516086
2023-09-30,P7,86.97003346018394,86.97003346018394,81.55838205080492,0.0,0.7220208102584318,72,6261.842409133244,-2.0607176792516086
2023-10-01,P7,86.97003346018394,86.97003346018394,85.18066310930458,0.0,0.737455188656004,74,6435.782476053611,-2.0607176792516086
2023-10-02,P7,86.97003346018394,86.97003346018394,86.79047790438251,0.0,0.8000462996040218,65,5653.052174911956,-2.0607176792516086
2023-10-03,P7,86.97003346018394,78.27303011416555,88.17015248933842,0.1,0.8627082436459919,141,11036.497246097342,-2.0607176792516086
2023-10-04,P7,86.97003346018394,78.27303011416555,88.80699264658345,0.1,0.878337655775158,114,8923.125433014873,-2.0607176792516086
2023-10-05,P7,86.97003346018394,86.97003346018394,85.81066632589184,0.0,0.8352689175211749,72,6261.842409133244,-2.0607176792516086
2023-10-06,P7,86.97003346018394,86.97003346018394,83.23200265694217,0.0,0.7660700880169392,66,5740.02220837214,-2.0607176792516086
2023-10-07,P7,86.97003346018394,86.97003346018394,89.54666733112343,0.0,0.7230494431674653,68,5913.962275292508,-2.0607176792516086
2023-10-08,P7,86.97003346018394,86.97003346018394,83.98461854350913,0.0,0.7388874210881491,78,6783.662609894347,-2.0607176792516086
2023-10-09,P7,86.97003346018394,82.62153178717475,85.09735446410377,0.05,0.8020135009825293,99,8179.5316469303,-2.0607176792516086
2023-10-10,P7,86.97003346018394,86.97003346018394,82.23707538093856,0.0,0.8652744422027882,103,8957.913446398947,-2.0607176792516086
2023-10-11,P7,86.97003346018394,82.62153178717475,85.1896587163917,0.05,0.8814022078124882,103,8510.017774078999,-2.0607176792516086
2023-10-12,P7,86.97003346018394,86.97003346018394,88.85011996121419,0.0,0.8386116214465998,74,6435.782476053611,-2.0607176792516086
2023-10-13,P7,86.97003346018394,86.97003346018394,82.4748316019896,0.0,0.7695274076811605,71,6174.87237567306,-2.0607176792516086
2023-10-14,P7,86.97003346018394,78.27303011416555,86.67747729145161,0.1,0.7266806722076657,88,6888.026650046569,-2.0607176792516086
2023-10-15,P7,86.97003346018394,69.57602676814716,86.38385607783405,0.2,0.7429725976650939,121,8418.699238945806,-2.0607176792516086
2023-10-16,P7,86.97003346018394,86.97003346018394,90.79220976759649,0.0,0.806852012469029,80,6957.602676814715,-2.0607176792516086
2023-10-17,P7,86.97003346018394,86.97003346018394,85.88188107517675,0.0,0.8709283609969616,80,6957.602676814715,-2.0607176792516086
2023-10-18,P7,86.97003346018394,82.62153178717475,85.10461009300128,0.05,0.8876006254389054,111,9170.990028376396,-2.0607176792516086
2023-10-19,P7,86.97003346018394,86.97003346018394,89.9176826038361,0.0,0.8449241115046799,94,8175.183145257291,-2.0607176792516086
2023-10-20,P7,86.97003346018394,86.97003346018394,78.97523215102677,0.0,0.7756979265282745,80,6957.602676814715,-2.0607176792516086
2023-10-21,P7,86.97003346018394,86.97003346018394,91.36182662727953,0.0,0.7328618352798533,60,5218.202007611037,-2.0607176792516086
2023-10-22,P7,86.97003346018394,86.97003346018394,80.59958832583061,0.0,0.7496514728885013,66,5740.02220837214,-2.0607176792516086
2023-10-23,P7,86.97003346018394,86.97003346018394,93.91852976655923,0.0,0.8144916632841607,72,6261.842409133244,-2.0607176792516086
2023-10-24,P7,86.97003346018394,69.57602676814716,98.56707528119946,0.2,0.8795880037597562,174,12106.228657657606,-2.0607176792516086
2023-10-25,P7,86.97003346018394,78.27303011416555,87.39072452745285,0.1,0.8968430157613457,115,9001.398463129039,-2.0607176792516086
2023-10-26,P7,86.97003346018394,86.97003346018394,89.13942786726969,0.0,0.8541148404606269,78,6783.662609894347,-2.0607176792516086
2023-10-27,P7,86.97003346018394,82.62153178717475,87.9704306718747,0.05,0.7844921562688014,90,7435.937860845727,-2.0607176792516086
2023-10-28,P7,86.97003346018394,69.57602676814716,84.45460036139677,0.2,0.7415032897260867,144,10018.94785461319,-2.0607176792516086
2023-10-29,P7,86.97003346018394,82.62153178717475,84.88402790066296,0.05,0.7588271860025411,86,7105.451733697028,-2.0607176792516086
2023-10-30,P7,86.97003346018394,86.97003346018394,82.33439077837934,0.0,0.8248216589711513,78,6783.662609894347,-2.0607176792516086
2023-10-31,P7,86.97003346018394,82.62153178717475,87.48450968570491,0.05,0.8911277835449924,94,7766.423987994426,-2.0607176792516086
2023-11-01,P7,86.97003346018394,78.27303011416555,92.83694081146544,0.1,0.9089953405050452,124,9705.855734156528,-2.0607176792516086
2023-11-02,P7,86.97003346018394,86.97003346018394,83.84822283230675,0.0,0.8660505192614908,96,8349.12321217766,-2.0607176792516086
2023-11-03,P7,86.97003346018394,69.57602676814716,81.24983473573229,0.2,0.7957825581015031,177,12314.956737962048,-2.0607176792516086
2023-11-04,P7,86.97003346018394,86.97003346018394,88.67176558519816,0.0,0.7524797123772495,65,5653.052174911956,-2.0607176792516086
2023-11-05,P7,86.97003346018394,86.97003346018394,85.76597963338486,0.0,0.7703666657223371,68,5913.962275292508,-2.0607176792516086
2023-11-06,P7,86.97003346018394,86.97003346018394,88.75584992003073,0.0,0.8376921881985278,69,6000.932308752692,-2.0607176792516086
2023-11-07,P7,86.97003346018394,78.27303011416555,86.87247025061069,0.1,0.9053803440606716,123,9627.582704042363,-2.0607176792516086
2023-11-08,P7,86.97003346018394,82.62153178717475,91.81109997464601,0.05,0.9238813599110036,115,9501.476155525095,-2.0607176792516086
2023-11-09,P7,86.97003346018394,86.97003346018394,84.2268005271595,0.0,0.8805580500679905,81,7044.5727102749,-2.0607176792516086
2023-11-10,P7,86.97003346018394,86.97003346018394,85.7552652746885,0.0,0.8094053923518744,77,6696.692576434163,-2.0607176792516086
2023-11-11,P7,86.97003346018394,86.97003346018394,90.38441210423247,0.0,0.7656319170592122,60,5218.202007611037,-2.0607176792516086
2023-11-12,P7,86.97003346018394,69.57602676814716,86.27225743665052,0.2,0.7841025601076067,162,11271.31633643984,-2.0607176792516086
2023-11-13,P7,86.97003346018394,82.62153178717475,90.04641449946097,0.05,0.8529165954072029,105,8675.260837653348,-2.0607176792516086
2023-11-14,P7,86.97003346018394,82.62153178717475,93.31459458268903,0.05,0.9221389867628196,119,9831.962282673794,-2.0607176792516086
2023-11-15,P7,86.97003346018394,82.62153178717475,88.2370954631358,0.05,0.9412851886627966,107,8840.503901227697,-2.0607176792516086
2023-11-16,P7,86.97003346018394,86.97003346018394,88.8739108401773,0.0,0.8974270366154646,88,7653.362944496187,-2.0607176792516086
2023-11-17,P7,86.97003346018394,86.97003346018394,86.81741641565442,0.0,0.8251630931157922,72,6261.842409133244,-2.0607176792516086
2023-11-18,P7,86.97003346018394,86.97003346018394,86.03990422146333,0.0,0.7807691631990917,84,7305.482810655451,-2.0607176792516086
2023-11-19,P7,86.97003346018394,82.62153178717475,84.54888003497855,0.05,0.7998356635933919,91,7518.559392632902,-2.0607176792516086
2023-11-20,P7,86.97003346018394,86.97003346018394,85.52596238369037,0.0,0.8702740877930036,85,7392.452844115635,-2.0607176792516086
2023-11-21,P7,86.97003346018394,86.97003346018394,81.93907185875798,0.0,0.9411606685125067,92,8001.243078336923,-2.0607176792516086
2023-11-22,P7,86.97003346018394,86.97003346018394,86.72645356600216,0.0,0.9609544267752699,94,8175.183145257291,-2.0607176792516086
2023-11-23,P7,86.97003346018394,82.62153178717475,89.1482733037531,0.05,0.9164128354972885,94,7766.423987994426,-2.0607176792516086
2023-11-24,P7,86.97003346018394,78.27303011416555,83.93789420909894,0.1,0.8428271334699221,117,9157.94452335737,-2.0607176792516086
2023-11-25,P7,86.97003346018394,86.97003346018394,80.13671096840973,0.0,0.7976719220509163,69,6000.932308752692,-2.0607176792516086
2023-11-26,P7,86.97003346018394,69.57602676814716,91.33458419663827,0.2,0.8173378059797397,156,10853.860175830956,-2.0607176792516086
2023-11-27,P7,86.97003346018394,78.27303011416555,90.30267503273399,0.1,0.889512937366476,116,9079.671493243204,-2.0607176792516086
2023-11-28,P7,86.97003346018394,78.27303011416555,79.88313606455229,0.1,0.962169526322358,138,10801.678155754846,-2.0607176792516086
2023-11-29,P7,86.97003346018394,86.97003346018394,87.02295334395113,0.0,0.9826038200392267,93,8088.213111797107,-2.0607176792516086
2023-11-30,P7,86.97003346018394,78.27303011416555,91.83331633650397,0.1,0.9372401041193548,110,8610.033312558211,-2.0607176792516086
2023-12-01,P7,86.97003346018394,86.97003346018394,91.53617347412072,0.0,0.8621413396960136,85,7392.452844115635,-2.0607176792516086
2023-12-02,P7,86.97003346018394,86.97003346018394,74.85769136262667,0.0,0.8160950604233574,86,7479.422877575819,-2.0607176792516086
2023-12-03,P7,86.97003346018394,86.97003346018394,95.46312337943854,0.0,0.8363551614825955,85,7392.452844115635,-2.0607176792516086
2023-12-04,P7,86.97003346018394,86.97003346018394,89.08216960891886,0.0,0.9103541316519179,101,8783.973379478579,-2.0607176792516086
2023-12-05,P7,86.97003346018394,86.97003346018394,87.9972523811683,0.0,0.9848608780747229,85,7392.452844115635,-2.0607176792516086
2023-12-06,P7,86.97003346018394,86.97003346018394,86.39601448520348,0.0,1.0059193969363103,88,7653.362944496187,-2.0607176792516086
2023-12-07,P7,86.97003346018394,82.62153178717475,92.21353688001297,0.05,0.9596067938712115,99,8179.5316469303,-2.0607176792516086
2023-12-08,P7,86.97003346018394,82.62153178717475,92.0860040965192,0.05,0.8828256064543585,93,7683.802456207251,-2.0607176792516086
2023-12-09,P7,86.97003346018394,86.97003346018394,90.4518872186676,0.0,0.8357713957373387,96,8349.12321217766,-2.0607176792516086
2023-12-10,P7,86.97003346018394,69.57602676814716,82.90786232798042,0.2,0.8566119298562165,193,13428.173166252402,-2.0607176792516086
2023-12-11,P7,86.97003346018394,86.97003346018394,88.4612493856848,0.0,0.9324954200811773,100,8697.003346018395,-2.0607176792516086
2023-12-12,P7,86.97003346018394,86.97003346018394,84.37472073716205,0.0,1.008905641190871,85,7392.452844115635,-2.0607176792516086
2023-12-13,P7,86.97003346018394,86.97003346018394,87.57046765019409,0.0,1.030563022028243,79,6870.632643354531,-2.0607176792516086
2023-12-14,P7,86.97003346018394,86.97003346018394,94.66399977110918,0.0,0.9831885306026744,95,8262.153178717474,-2.0607176792516086
2023-12-15,P7,86.97003346018394,86.97003346018394,80.6190428556312,0.0,0.9045799590269116,96,8349.12321217766,-2.0607176792516086
2023-12-16,P7,86.97003346018394,86.97003346018394,86.6869436584927,0.0,0.8564155708561075,104,9044.88347985913,-2.0607176792516086
2023-12-17,P7,86.97003346018394,86.97003346018394,83.15429272180134,0.0,0.8778143362014306,72,6261.842409133244,-2.0607176792516086
