data/simulated_product_sales.csv
date,product_id,base_price,price,competitor_price,discount_pct,seasonality,demand,revenue,true_elasticity
2023-12-18,P7,86.97003346018394,78.27303011416555,81.4995317713634,0.1,0.9556156973991666,142,11114.770276211508,-2.0607176792516086
2023-12-19,P7,86.97003346018394,86.97003346018394,78.55583875915099,0.0,1.0339551051692162,97,8436.093245637843,-2.0607176792516086
2023-12-20,P7,86.97003346018394,86.97003346018394,91.73835164300834,0.0,1.056177299784647,80,6957.602676814715,-2.0607176792516086
2023-12-21,P7,86.97003346018394,86.97003346018394,92.68429071580321,0.0,1.007643318877807,87,7566.392911036003,-2.0607176792516086
2023-12-22,P7,86.97003346018394,82.62153178717475,86.22575962605377,0.05,0.9270889037171608,119,9831.962282673794,-2.0607176792516086
2023-12-23,P7,86.97003346018394,86.97003346018394,83.3151483065556,0.0,0.8777281924928301,89,7740.332977956371,-2.0607176792516086
2023-12-24,P7,86.97003346018394,86.97003346018394,85.67361213747122,0.0,0.8996548914522914,71,6174.87237567306,-2.0607176792516086
2023-12-25,P7,86.97003346018394,69.57602676814716,92.80650600638188,0.2,0.979379660510513,155,10784.284149062809,-2.0607176792516086
2023-12-26,P7,86.97003346018394,86.97003346018394,92.78129196827916,0.0,1.0596459887785743,102,8870.943412938763,-2.0607176792516086
2023-12-27,P7,86.97003346018394,86.97003346018394,86.64674266934857,0.0,1.0823907577314098,101,8783.973379478579,-2.0607176792516086
2023-12-28,P7,86.97003346018394,86.97003346018394,83.8597740794883,0.0,1.0326165017825684,91,7914.273044876739,-2.0607176792516086
2023-12-29,P7,86.97003346018394,86.97003346018394,84.67405057319732,0.0,0.9500260033148417,103,8957.913446398947,-2.0607176792516086
2023-12-30,P7,86.97003346018394,86.97003346018394,79.78666447690014,0.0,0.8994001731782236,83,7218.5127771952675,-2.0607176792516086
2023-12-31,P7,86.97003346018394,86.97003346018394,88.3168808774326,0.0,0.9218168517531973,92,8001.243078336923,-2.0607176792516086
2023-01-01,P8,183.94113749299223,174.7440806183426,162.8436262700349,0.05,0.9249903641091327,141,24638.915367186306,-1.3686842354900544
2023-01-02,P8,183.94113749299223,174.7440806183426,190.2555401081812,0.05,1.0068843223245492,160,27959.052898934817,-1.3686842354900544
2023-01-03,P8,183.94113749299223,183.94113749299223,178.38630012472117,0.0,1.089314239310447,124,22808.701049131036,-1.3686842354900544
2023-01-04,P8,183.94113749299223,183.94113749299223,194.6809263969841,0.0,1.112594824704955,132,24280.230149074974,-1.3686842354900544
2023-01-05,P8,183.94113749299223,147.15290999439378,181.29644919916547,0.2,1.0613273082254189,216,31785.028558789058,-1.3686842354900544
2023-01-06,P8,183.94113749299223,183.94113749299223,188.98174017063837,0.0,0.9763372825777741,108,19865.64284924316,-1.3686842354900544
2023-01-07,P8,183.94113749299223,174.7440806183426,183.73800839786324,0.05,0.9242049341968644,126,22017.754157911168,-1.3686842354900544
2023-01-08,P8,183.94113749299223,183.94113749299223,193.92198837352421,0.0,0.947126028857596,122,22440.818774145053,-1.3686842354900544
2023-01-09,P8,183.94113749299223,165.54702374369302,194.853087132875,0.1,1.0308617641328561,142,23507.677371604408,-1.3686842354900544
2023-01-10,P8,183.94113749299223,183.94113749299223,194.8587584190072,0.0,1.1151202245401388,129,23728.406736595996,-1.3686842354900544
2023-01-11,P8,183.94113749299223,165.54702374369302,176.96533908746616,0.1,1.1388082826517179,186,30791.7464163269,-1.3686842354900544
2023-01-12,P8,183.94113749299223,147.15290999439378,190.6529007004758,0.2,1.0861891040317362,223,32815.098928749816,-1.3686842354900544
2023-01-13,P8,183.94113749299223,183.94113749299223,207.00271380849298,0.0,0.9990701659720198,150,27591.170623948834,-1.3686842354900544
2023-01-14,P8,183.94113749299223,174.7440806183426,181.33697350358779,0.05,0.9455879871538707,111,19396.59294863603,-1.3686842354900544
2023-01-15,P8,183.94113749299223,165.54702374369302,203.14225606490737,0.1,0.9688946458709589,158,26156.429751503496,-1.3686842354900544
2023-01-16,P8,183.94113749299223,183.94113749299223,188.08124446084352,0.0,1.0543916315068211,134,24648.112424060957,-1.3686842354900544
2023-01-17,P8,183.94113749299223,147.15290999439378,198.42603025518,0.2,1.1403905277862254,278,40908.508978441474,-1.3686842354900544
2023-01-18,P8,183.94113749299223,183.94113749299223,191.4209236426064,0.0,1.164422560408122,137,25199.935836539935,-1.3686842354900544
2023-01-19,P8,183.94113749299223,183.94113749299223,192.00408206990852,0.0,1.110430179891831,132,24280.230149074974,-1.3686842354900544
2023-01-20,P8,183.94113749299223,183.94113749299223,172.25754550154414,0.0,1.0211872920527931,146,26855.406073976865,-1.3686842354900544
2023-01-21,P8,183.94113749299223,183.94113749299223,171.27148917636356,0.0,0.9663462587494526,145,26671.464936483873,-1.3686842354900544
2023-01-22,P8,183.94113749299223,174.7440806183426,184.0699419744344,0.05,0.989980514581871,155,27085.3324958431,-1.3686842354900544
2023-01-23,P8,183.94113749299223,183.94113749299223,167.66010112452844,0.0,1.0771326812487214,123,22624.759911638044,-1.3686842354900544
2023-01-24,P8,183.94113749299223,183.94113749299223,194.11961620893027,0.0,1.164758665083878,115,21153.230811694106,-1.3686842354900544
2023-01-25,P8,183.94113749299223,183.94113749299223,173.63264247386056,0.0,1.1890661855000546,152,27959.052898934817,-1.3686842354900544
2023-01-26,P8,183.94113749299223,147.15290999439378,183.41324975408443,0.2,1.133698978267734,256,37671.14495856481,-1.3686842354900544
2023-01-27,P8,183.94113749299223,183.94113749299223,199.0179085431718,0.0,1.0423679059807958,148,27223.28834896285,-1.3686842354900544
2023-01-28,P8,183.94113749299223,165.54702374369302,186.19546750715622,0.1,0.9861787010063351,180,29798.46427386474,-1.3686842354900544
2023-01-29,P8,183.94113749299223,165.54702374369302,187.65597206691007,0.1,1.010077836017848,170,28142.99403642781,-1.3686842354900544
2023-01-30,P8,183.94113749299223,183.94113749299223,181.57701186937277,0.0,1.0987551100319954,145,26671.464936483873,-1.3686842354900544
2023-01-31,P8,183.94113749299223,165.54702374369302,174.77252748009957,0.1,1.1878712361796298,184,30460.652368839514,-1.3686842354900544
2023-02-01,P8,183.94113749299223,183.94113749299223,176.08847799632554,0.0,1.212381762397138,146,26855.406073976865,-1.3686842354900544
2023-02-02,P8,183.94113749299223,183.94113749299223,186.6255746937582,0.0,1.155658042129248,169,31086.052236315685,-1.3686842354900544
2023-02-03,P8,183.94113749299223,183.94113749299223,166.30717073980944,0.0,1.0623048347358133,116,21337.171949187097,-1.3686842354900544
2023-02-04,P8,183.94113749299223,174.7440806183426,194.8887285175389,0.05,1.0047976928382278,164,28658.029221408186,-1.3686842354900544
2023-02-05,P8,183.94113749299223,147.15290999439378,190.55537261992907,0.2,1.0288951476677128,276,40614.203158452685,-1.3686842354900544
2023-02-06,P8,183.94113749299223,183.94113749299223,203.30242644411146,0.0,1.1189453373921527,126,23176.583324117022,-1.3686842354900544
2023-02-07,P8,183.94113749299223,165.54702374369302,202.18472901291526,0.1,1.2093930497380205,207,34268.23391494445,-1.3686842354900544
2023-02-08,P8,183.94113749299223,147.15290999439378,191.60814804423063,0.2,1.234031155661095,284,41791.426438407834,-1.3686842354900544
2023-02-09,P8,183.94113749299223,183.94113749299223,182.5878870987091,0.0,1.1759889089431173,141,25935.700386511904,-1.3686842354900544
2023-02-10,P8,183.94113749299223,147.15290999439378,187.9277457297609,0.2,1.0807089419103597,196,28841.97035890118,-1.3686842354900544
2023-02-11,P8,183.94113749299223,183.94113749299223,185.62414785412489,0.0,1.02193321129047,120,22072.936499159066,-1.3686842354900544
2023-02-12,P8,183.94113749299223,147.15290999439378,188.35880623871083,0.2,1.0461595504327208,230,33845.16929871057,-1.3686842354900544
2023-02-13,P8,183.94113749299223,183.94113749299223,192.2641248580134,0.0,1.1374105534447334,143,26303.582661497887,-1.3686842354900544
2023-02-14,P8,183.94113749299223,183.94113749299223,182.3395554133531,0.0,1.2290119844724003,185,34029.11043620356,-1.3686842354900544
2023-02-15,P8,183.94113749299223,174.7440806183426,183.18152888006261,0.05,1.253700393773568,200,34948.81612366852,-1.3686842354900544
2023-02-16,P8,183.94113749299223,183.94113749299223,183.19595665830315,0.0,1.1943967291934574,153,28142.99403642781,-1.3686842354900544
2023-02-17,P8,183.94113749299223,183.94113749299223,202.0309846648937,0.0,1.097313320926355,140,25751.759249018913,-1.3686842354900544
2023-02-18,P8,183.94113749299223,174.7440806183426,193.96397064388256,0.05,1.0373367475628068,170,29706.493705118242,-1.3686842354900544
2023-02-19,P8,183.94113749299223,183.94113749299223,191.88221926659133,0.0,1.0616206663607712,136,25015.994699046943,-1.3686842354900544
2023-02-20,P8,183.94113749299223,183.94113749299223,171.16990184792346,0.0,1.1538829653767877,145,26671.464936483873,-1.3686842354900544
2023-02-21,P8,183.94113749299223,183.94113749299223,185.06541335833964,0.0,1.2464435157010845,153,28142.99403642781,-1.3686842354900544
2023-02-22,P8,183.94113749299223,183.94113749299223,193.40132502790044,0.0,1.2711042225253613,151,27775.111761441825,-1.3686842354900544
2023-02-23,P8,183.94113749299223,165.54702374369302,177.8616524700148,0.1,1.210614542453102,196,32447.216653763833,-1.3686842354900544
2023-02-24,P8,183.94113749299223,183.94113749299223,182.70813176717238,0.0,1.1118771658624753,127,23360.524461610014,-1.3686842354900544
2023-02-25,P8,183.94113749299223,165.54702374369302,193.33717465970958,0.1,1.0507849110219516,205,33937.13986745707,-1.3686842354900544
2023-02-26,P8,183.94113749299223,183.94113749299223,183.55596424556504,0.0,1.0750542697664494,137,25199.935836539935,-1.3686842354900544
2023-02-27,P8,183.94113749299223,183.94113749299223,179.8001314775918,0.0,1.1681236811268956,138,25383.876974032926,-1.3686842354900544
2023-02-28,P8,183.94113749299223,183.94113749299223,203.12965087008286,0.0,1.2614348416822214,166,30534.22882383671,-1.3686842354900544
2023-03-01,P8,183.94113749299223,183.94113749299223,175.4042456611071,0.0,1.2859902419313196,186,34213.05157369655,-1.3686842354900544
2023-03-02,P8,183.94113749299223,183.94113749299223,180.05931836063172,0.0,1.2244071489919024,158,29062.699723892772,-1.3686842354900544
2023-03-03,P8,183.94113749299223,174.7440806183426,189.78429623552103,0.05,1.124189263755292,164,28658.029221408186,-1.3686842354900544
2023-03-04,P8,183.94113749299223,165.54702374369302,190.40001373890985,0.1,1.062082668936553,208,34433.78093868815,-1.3686842354900544
2023-03-05,P8,183.94113749299223,183.94113749299223,171.28935253971727,0.0,1.0862655390763807,133,24464.171286567966,-1.3686842354900544
2023-03-06,P8,183.94113749299223,183.94113749299223,200.34198055910525,0.0,1.1799261739304487,186,34213.05157369655,-1.3686842354900544
2023-03-07,P8,183.94113749299223,147.15290999439378,186.16500489749853,0.2,1.2737685498849796,297,43704.41426833496,-1.3686842354900544
2023-03-08,P8,183.94113749299223,183.94113749299223,181.44500971859165,0.0,1.2981425666750193,159,29246.640861385764,-1.3686842354900544
2023-03-09,P8,183.94113749299223,174.7440806183426,184.10711910037367,0.05,1.2355745207737707,205,35822.53652676023,-1.3686842354900544
2023-03-10,P8,183.94113749299223,174.7440806183426,180.14876150150346,0.05,1.1340710577269086,158,27609.56473769813,-1.3686842354900544
2023-03-11,P8,183.94113749299223,183.94113749299223,179.79047938193125,0.0,1.0710661749501227,123,22624.759911638044,-1.3686842354900544
2023-03-12,P8,183.94113749299223,183.94113749299223,196.12247953233782,0.0,1.0950918822398308,127,23360.524461610014,-1.3686842354900544
2023-03-13,P8,183.94113749299223,165.54702374369302,175.52144318901355,0.1,1.1891192774854284,205,33937.13986745707,-1.3686842354900544
2023-03-14,P8,183.94113749299223,174.7440806183426,197.27767049307505,0.05,1.283265770026752,166,29007.51738264487,-1.3686842354900544
2023-03-15,P8,183.94113749299223,174.7440806183426,186.7566743891737,0.05,1.3073849569974596,189,33026.63123686675,-1.3686842354900544
2023-03-16,P8,183.94113749299223,147.15290999439378,172.18488339097115,0.2,1.2439547023742912,274,40319.897338463896,-1.3686842354900544
2023-03-17,P8,183.94113749299223,183.94113749299223,176.95438154258528,0.0,1.1413792365159183,156,28694.817448906786,-1.3686842354900544
2023-03-18,P8,183.94113749299223,165.54702374369302,189.42164031046318,0.1,1.0776051452718471,201,33274.951772482294,-1.3686842354900544
2023-03-19,P8,183.94113749299223,183.94113749299223,199.83331916433602,0.0,1.1014052947288766,135,24832.053561553952,-1.3686842354900544
2023-03-20,P8,183.94113749299223,147.15290999439378,189.1120821027385,0.2,1.1955696683011314,238,35022.39257866572,-1.3686842354900544
2023-03-21,P8,183.94113749299223,174.7440806183426,180.32266678431267,0.05,1.2897887681492832,154,26910.58841522476,-1.3686842354900544
2023-03-22,P8,183.94113749299223,165.54702374369302,195.0246738848755,0.1,1.3135833746238765,227,37579.17438981831,-1.3686842354900544
2023-03-23,P8,183.94113749299223,174.7440806183426,189.2059495313269,0.05,1.249426159748184,192,33550.863478721774,-1.3686842354900544
2023-03-24,P8,183.94113749299223,183.94113749299223,191.7204789440434,0.0,1.1460078128568654,142,26119.641524004895,-1.3686842354900544
2023-03-25,P8,183.94113749299223,165.54702374369302,181.03410452243656,0.1,1.0816047481244389,190,31453.93451130167,-1.3686842354900544
2023-03-26,P8,183.94113749299223,165.54702374369302,185.8869112965555,0.1,1.1051142159311242,226,37413.62736607462,-1.3686842354900544
2023-03-27,P8,183.94113749299223,183.94113749299223,171.91344204399527,0.0,1.1991837992294359,149,27407.229486455843,-1.3686842354900544
2023-03-28,P8,183.94113749299223,165.54702374369302,214.07436861406123,0.1,1.293242944112985,233,38572.45653228047,-1.3686842354900544
2023-03-29,P8,183.94113749299223,165.54702374369302,187.44846120193597,0.1,1.3166479266612068,255,42214.491054641716,-1.3686842354900544
2023-03-30,P8,183.94113749299223,183.94113749299223,191.44797647723374,0.0,1.251909542783491,144,26487.523798990882,-1.3686842354900544
2023-03-31,P8,183.94113749299223,183.94113749299223,180.487642267984,0.0,1.1478896605664024,158,29062.699723892772,-1.3686842354900544
2023-04-01,P8,183.94113749299223,183.94113749299223,190.11919130682915,0.0,1.0830069790472123,115,21153.230811694106,-1.3686842354900544
2023-04-02,P8,183.94113749299223,147.15290999439378,193.6183833384701,0.2,1.1061648570125344,253,37229.686228581624,-1.3686842354900544
2023-04-03,P8,183.94113749299223,183.94113749299223,181.403527218795,0.0,1.1999092561374716,128,23544.465599103005,-1.3686842354900544
2023-04-04,P8,183.94113749299223,183.94113749299223,191.13348785404511,0.0,1.2935782035406715,151,27775.111761441825,-1.3686842354900544
2023-04-05,P8,183.94113749299223,183.94113749299223,175.69444474701544,0.0,1.3165341692747192,118,21705.054224173084,-1.3686842354900544
2023-04-06,P8,183.94113749299223,183.94113749299223,173.5101009642859,0.0,1.2513688360809478,177,32557.581336259624,-1.3686842354900544
2023-04-07,P8,183.94113749299223,183.94113749299223,175.98559460910116,0.0,1.1469974880444616,139,25567.818111525918,-1.3686842354900544
2023-04-08,P8,183.94113749299223,183.94113749299223,185.8024688628717,0.0,1.081791502108969,117,21521.113086680092,-1.3686842354900544
2023-04-09,P8,183.94113749299223,174.7440806183426,172.64029749138348,0.05,1.1045419809929498,164,28658.029221408186,-1.3686842354900544
2023-04-10,P8,183.94113749299223,183.94113749299223,179.79331986824698,0.0,1.1977355180464682,158,29062.699723892772,-1.3686842354900544
2023-04-11,P8,183.94113749299223,183.94113749299223,185.40509848127488,0.0,1.2907896843140256,154,28326.935173920803,-1.3686842354900544
2023-04-12,P8,183.94113749299223,147.15290999439378,200.17315014149696,0.2,1.3132437522371774,381,56065.25870786403,-1.3686842354900544
2023-04-13,P8,183.94113749299223,183.94113749299223,204.25299100764894,0.0,1.2478118812692918,181,33293.3458862316,-1.3686842354900544
2023-04-14,P8,183.94113749299223,183.94113749299223,191.08015519866404,0.0,1.1433442340721867,140,25751.759249018913,-1.3686842354900544
2023-04-15,P8,183.94113749299223,183.94113749299223,187.62753092654265,0.0,1.0779759448309594,144,26487.523798990882,-1.3686842354900544
2023-04-16,P8,183.94113749299223,183.94113749299223,174.1614056801382,0.0,1.1002691237212394,156,28694.817448906786,-1.3686842354900544
2023-04-17,P8,183.94113749299223,183.94113749299223,193.57502619512672,0.0,1.1926941097128299,138,25383.876974032926,-1.3686842354900544
2023-04-18,P8,183.94113749299223,183.94113749299223,178.2686194142129,0.0,1.284917827086736,143,26303.582661497887,-1.3686842354900544
2023-04-19,P8,183.94113749299223,183.94113749299223,175.04867310765314,0.0,1.3068243950029197,188,34580.933848682536,-1.3686842354900544
2023-04-20,P8,183.94113749299223,183.94113749299223,203.35884995694533,0.0,1.2412902632816123,146,26855.406073976865,-1.3686842354900544
2023-04-21,P8,183.94113749299223,183.94113749299223,187.06845513320667,0.0,1.1369828801665487,142,26119.641524004895,-1.3686842354900544
2023-04-22,P8,183.94113749299223,174.7440806183426,192.66126213378175,0.05,1.071615642542786,154,26910.58841522476,-1.3686842354900544
2023-04-23,P8,183.94113749299223,183.94113749299223,195.79504017646155,0.0,1.0934082525453552,125,22992.642186624027,-1.3686842354900544
2023-04-24,P8,183.94113749299223,165.54702374369302,183.06428005476516,0.1,1.1848581444386186,237,39234.64462725524,-1.3686842354900544
2023-04-25,P8,183.94113749299223,183.94113749299223,184.18552135169276,0.0,1.27604778879169,178,32741.522473752615,-1.3686842354900544
2023-04-26,P8,183.94113749299223,165.54702374369302,201.5866690657147,0.1,1.2973691946538428,213,35261.51605740661,-1.3686842354900544
2023-04-27,P8,183.94113749299223,183.94113749299223,180.62765084164525,0.0,1.2318985622420162,168,30902.111098822694,-1.3686842354900544
