data/simulated_product_sales.csv
date,product_id,base_price,price,competitor_price,discount_pct,seasonality,demand,revenue,true_elasticity
2023-04-28,P8,183.94113749299223,174.7440806183426,180.83423285859877,0.05,1.1280056822129763,156,27260.076576461444,-1.3686842354900544
2023-04-29,P8,183.94113749299223,183.94113749299223,184.14819059894563,0.0,1.0628028358787371,105,19313.819436764185,-1.3686842354900544
2023-04-30,P8,183.94113749299223,174.7440806183426,174.19950716879185,0.05,1.0840588676274525,152,26561.100253988076,-1.3686842354900544
2023-05-01,P8,183.94113749299223,183.94113749299223,180.06470185086675,0.0,1.1743412637418644,102,18761.996024285207,-1.3686842354900544
2023-05-02,P8,183.94113749299223,183.94113749299223,199.81244145373947,0.0,1.2643082076478627,164,30166.346548850725,-1.3686842354900544
2023-05-03,P8,183.94113749299223,183.94113749299223,182.2404847006418,0.0,1.2850152757538447,176,32373.640198766632,-1.3686842354900544
2023-05-04,P8,183.94113749299223,183.94113749299223,185.83072513188532,0.0,1.2197729818121672,144,26487.523798990882,-1.3686842354900544
2023-05-05,P8,183.94113749299223,183.94113749299223,185.4112003720592,0.0,1.1165428325192959,126,23176.583324117022,-1.3686842354900544
2023-05-06,P8,183.94113749299223,174.7440806183426,185.93881124806626,0.05,1.051665333052908,148,25862.123931514703,-1.3686842354900544
2023-05-07,P8,183.94113749299223,174.7440806183426,182.70757875357998,0.05,1.07235655893731,137,23939.939044712934,-1.3686842354900544
2023-05-08,P8,183.94113749299223,183.94113749299223,162.06137560161858,0.0,1.161295989264189,159,29246.640861385764,-1.3686842354900544
2023-05-09,P8,183.94113749299223,174.7440806183426,189.5602113154116,0.05,1.2498693375774623,188,32851.887156248406,-1.3686842354900544
2023-05-10,P8,183.94113749299223,165.54702374369302,183.26876547846382,0.1,1.2699418016922823,199,32943.85772499491,-1.3686842354900544
2023-05-11,P8,183.94113749299223,165.54702374369302,182.2304141494654,0.1,1.2050893738901811,218,36089.25117612508,-1.3686842354900544
2023-05-12,P8,183.94113749299223,174.7440806183426,170.28179588519833,0.05,1.1027605716946152,130,22716.730480384536,-1.3686842354900544
2023-05-13,P8,183.94113749299223,183.94113749299223,172.44458157321316,0.0,1.0383646563135336,138,25383.876974032926,-1.3686842354900544
2023-05-14,P8,183.94113749299223,183.94113749299223,179.97301539108636,0.0,1.0584710398513224,107,19681.701711750167,-1.3686842354900544
2023-05-15,P8,183.94113749299223,147.15290999439378,183.6377238015781,0.2,1.1459115108172975,246,36199.61585862087,-1.3686842354900544
2023-05-16,P8,183.94113749299223,174.7440806183426,191.2520905822793,0.05,1.2329405790890424,207,36172.02468799692,-1.3686842354900544
2023-05-17,P8,183.94113749299223,183.94113749299223,201.68082513242496,0.0,1.2523673763570482,161,29614.523136371747,-1.3686842354900544
2023-05-18,P8,183.94113749299223,183.94113749299223,187.08750619681825,0.0,1.188060688308786,182,33477.28702372459,-1.3686842354900544
2023-05-19,P8,183.94113749299223,165.54702374369302,194.55579410143451,0.1,1.0868587777357335,157,25990.882727759803,-1.3686842354900544
2023-05-20,P8,183.94113749299223,183.94113749299223,196.0240668918241,0.0,1.023093699457688,131,24096.289011581983,-1.3686842354900544
2023-05-21,P8,183.94113749299223,183.94113749299223,182.65094645665613,0.0,1.0426036858749115,127,23360.524461610014,-1.3686842354900544
2023-05-22,P8,183.94113749299223,183.94113749299223,192.8847602492558,0.0,1.1284109426473128,157,28878.75858639978,-1.3686842354900544
2023-05-23,P8,183.94113749299223,183.94113749299223,177.27415388363679,0.0,1.2137674424350946,142,26119.641524004895,-1.3686842354900544
2023-05-24,P8,183.94113749299223,183.94113749299223,180.6448794249224,0.0,1.2325468738196454,139,25567.818111525918,-1.3686842354900544
2023-05-25,P8,183.94113749299223,183.94113749299223,184.41551331290893,0.0,1.1689338845186428,172,31637.875648794663,-1.3686842354900544
2023-05-26,P8,183.94113749299223,183.94113749299223,178.05360054492388,0.0,1.0690680672854826,158,29062.699723892772,-1.3686842354900544
2023-05-27,P8,183.94113749299223,183.94113749299223,183.55040860169632,0.0,1.0060739303783668,98,18026.231474313237,-1.3686842354900544
2023-05-28,P8,183.94113749299223,183.94113749299223,178.77303427626254,0.0,1.0249846141831656,113,20785.348536708123,-1.3686842354900544
2023-05-29,P8,183.94113749299223,183.94113749299223,178.32295179393034,0.0,1.1090480877081301,149,27407.229486455843,-1.3686842354900544
2023-05-30,P8,183.94113749299223,165.54702374369302,194.87852089399996,0.1,1.1926279870860852,217,35923.70415238138,-1.3686842354900544
2023-05-31,P8,183.94113749299223,174.7440806183426,170.57046953749557,0.05,1.2107677420099259,179,31279.190430683324,-1.3686842354900544
2023-06-01,P8,183.94113749299223,147.15290999439378,174.38337053948646,0.2,1.1479863500453094,282,41497.120618419045,-1.3686842354900544
2023-06-02,P8,183.94113749299223,147.15290999439378,187.81603960296363,0.2,1.0496464511021595,257,37818.2978685592,-1.3686842354900544
2023-06-03,P8,183.94113749299223,183.94113749299223,176.15584905574093,0.0,0.9875521792141685,134,24648.112424060957,-1.3686842354900544
2023-06-04,P8,183.94113749299223,174.7440806183426,182.3375007621349,0.05,1.0058693463338324,139,24289.42720594962,-1.3686842354900544
2023-06-05,P8,183.94113749299223,183.94113749299223,169.47426583248028,0.0,1.088103756870099,125,22992.642186624027,-1.3686842354900544
2023-06-06,P8,183.94113749299223,174.7440806183426,173.96344568547846,0.05,1.1698287891576702,167,29182.261463263214,-1.3686842354900544
2023-06-07,P8,183.94113749299223,183.94113749299223,186.7523611124203,0.0,1.1873458339866527,141,25935.700386511904,-1.3686842354900544
2023-06-08,P8,183.94113749299223,183.94113749299223,183.5364159933623,0.0,1.1255218776613696,139,25567.818111525918,-1.3686842354900544
2023-06-09,P8,183.94113749299223,183.94113749299223,186.106637832095,0.0,1.0288755922442936,83,15267.114411918355,-1.3686842354900544
2023-06-10,P8,183.94113749299223,174.7440806183426,180.99121471438173,0.05,0.9677970586816138,129,22541.986399766196,-1.3686842354900544
2023-06-11,P8,183.94113749299223,183.94113749299223,185.43838724865773,0.0,0.9855351025518524,145,26671.464936483873,-1.3686842354900544
2023-06-12,P8,183.94113749299223,183.94113749299223,178.02342858637078,0.0,1.065881696444906,124,22808.701049131036,-1.3686842354900544
2023-06-13,P8,183.94113749299223,183.94113749299223,176.5548814764763,0.0,1.1457004952736891,136,25015.994699046943,-1.3686842354900544
2023-06-14,P8,183.94113749299223,183.94113749299223,189.8942688367201,0.0,1.1626208272611183,151,27775.111761441825,-1.3686842354900544
2023-06-15,P8,183.94113749299223,183.94113749299223,194.07388326879484,0.0,1.1018662596150164,148,27223.28834896285,-1.3686842354900544
2023-06-16,P8,183.94113749299223,183.94113749299223,176.02700336357515,0.0,1.0070567212366235,118,21705.054224173084,-1.3686842354900544
2023-06-17,P8,183.94113749299223,183.94113749299223,193.80893218011218,0.0,0.9470950685044273,111,20417.466261722137,-1.3686842354900544
2023-06-18,P8,183.94113749299223,165.54702374369302,190.4890508067224,0.1,0.9642767813277757,148,24500.959514066566,-1.3686842354900544
2023-06-19,P8,183.94113749299223,183.94113749299223,200.97445511927216,0.0,1.0427041830879593,128,23544.465599103005,-1.3686842354900544
2023-06-20,P8,183.94113749299223,183.94113749299223,180.85293371477115,0.0,1.12059302734529,128,23544.465599103005,-1.3686842354900544
2023-06-21,P8,183.94113749299223,183.94113749299223,164.91816840002895,0.0,1.1369512976053244,147,27039.347211469856,-1.3686842354900544
2023-06-22,P8,183.94113749299223,183.94113749299223,185.95312921936952,0.0,1.0773625628100256,156,28694.817448906786,-1.3686842354900544
2023-06-23,P8,183.94113749299223,183.94113749299223,174.76957221640836,0.0,0.9845062674578205,113,20785.348536708123,-1.3686842354900544
2023-06-24,P8,183.94113749299223,165.54702374369302,165.06073469252695,0.1,0.9257464404355127,139,23011.03630037333,-1.3686842354900544
2023-06-25,P8,183.94113749299223,183.94113749299223,197.9202225381238,0.0,0.9424026826361588,95,17474.408061834263,-1.3686842354900544
2023-06-26,P8,183.94113749299223,165.54702374369302,185.9611936571472,0.1,1.0189073499634398,203,33606.04581996968,-1.3686842354900544
2023-06-27,P8,183.94113749299223,174.7440806183426,177.7523888832468,0.05,1.0948705078091372,173,30230.725946973267,-1.3686842354900544
2023-06-28,P8,183.94113749299223,183.94113749299223,178.6728561645426,0.0,1.1107095187870981,158,29062.699723892772,-1.3686842354900544
2023-06-29,P8,183.94113749299223,183.94113749299223,183.9036793783452,0.0,1.0523661534590858,134,24648.112424060957,-1.3686842354900544
2023-06-30,P8,183.94113749299223,165.54702374369302,171.70160902233695,0.1,0.9615512701059923,168,27811.899988940426,-1.3686842354900544
2023-07-01,P8,183.94113749299223,183.94113749299223,176.22939963468025,0.0,0.9040607841294184,107,19681.701711750167,-1.3686842354900544
2023-07-02,P8,183.94113749299223,183.94113749299223,170.14676951024842,0.0,0.920230036798201,118,21705.054224173084,-1.3686842354900544
2023-07-03,P8,183.94113749299223,165.54702374369302,188.84117497099072,0.1,0.9948363119545736,156,25825.33570401611,-1.3686842354900544
2023-07-04,P8,183.94113749299223,174.7440806183426,200.47499787026447,0.05,1.0689059789217166,153,26735.844334606416,-1.3686842354900544
2023-07-05,P8,183.94113749299223,183.94113749299223,179.3437823204343,0.0,1.0842760636492668,147,27039.347211469856,-1.3686842354900544
2023-07-06,P8,183.94113749299223,165.54702374369302,182.08239763914378,0.1,1.027239543365724,204,33771.59284371338,-1.3686842354900544
2023-07-07,P8,183.94113749299223,174.7440806183426,189.6282347899229,0.05,0.9385246352946985,159,27784.308818316473,-1.3686842354900544
2023-07-08,P8,183.94113749299223,174.7440806183426,173.53553574828265,0.05,0.8823525970112678,142,24813.65944780465,-1.3686842354900544
2023-07-09,P8,183.94113749299223,183.94113749299223,177.898347049495,0.0,0.8980804038315371,127,23360.524461610014,-1.3686842354900544
2023-07-10,P8,183.94113749299223,183.94113749299223,182.14364746403098,0.0,0.9708401606160251,131,24096.289011581983,-1.3686842354900544
2023-07-11,P8,183.94113749299223,183.94113749299223,198.43455694036632,0.0,1.0430759926934614,133,24464.171286567966,-1.3686842354900544
2023-07-12,P8,183.94113749299223,147.15290999439378,175.61025778463502,0.2,1.0580342848310405,220,32373.640198766632,-1.3686842354900544
2023-07-13,P8,183.94113749299223,147.15290999439378,187.0011760904825,0.2,1.0023471325769067,197,28989.123268895575,-1.3686842354900544
2023-07-14,P8,183.94113749299223,165.54702374369302,189.24961725883546,0.1,0.9157603080637015,137,22679.942252885943,-1.3686842354900544
2023-07-15,P8,183.94113749299223,183.94113749299223,177.37383999070676,0.0,0.8609367032605265,123,22624.759911638044,-1.3686842354900544
2023-07-16,P8,183.94113749299223,183.94113749299223,196.4681263688214,0.0,0.8762750100083679,108,19865.64284924316,-1.3686842354900544
2023-07-17,P8,183.94113749299223,183.94113749299223,185.4608596314093,0.0,0.9472669014543985,122,22440.818774145053,-1.3686842354900544
2023-07-18,P8,183.94113749299223,183.94113749299223,169.71993152810532,0.0,1.0177551499224793,148,27223.28834896285,-1.3686842354900544
2023-07-19,P8,183.94113749299223,183.94113749299223,187.3684040582843,0.0,1.0323647551752466,135,24832.053561553952,-1.3686842354900544
2023-07-20,P8,183.94113749299223,183.94113749299223,181.83155625063674,0.0,0.978049924651285,127,23360.524461610014,-1.3686842354900544
2023-07-21,P8,183.94113749299223,183.94113749299223,180.22408111096425,0.0,0.8935884293226306,115,21153.230811694106,-1.3686842354900544
2023-07-22,P8,183.94113749299223,183.94113749299223,180.77126804350968,0.0,0.8401236880559992,108,19865.64284924316,-1.3686842354900544
2023-07-23,P8,183.94113749299223,147.15290999439378,208.86821177510282,0.2,0.8551300892537534,204,30019.19363885633,-1.3686842354900544
2023-07-24,P8,183.94113749299223,147.15290999439378,174.23469039059074,0.2,0.924458406959207,247,36346.768768615264,-1.3686842354900544
2023-07-25,P8,183.94113749299223,183.94113749299223,178.13557686136807,0.0,0.9933106675258432,135,24832.053561553952,-1.3686842354900544
2023-07-26,P8,183.94113749299223,165.54702374369302,189.84297391800533,0.1,1.0076397484497122,204,33771.59284371338,-1.3686842354900544
2023-07-27,P8,183.94113749299223,147.15290999439378,190.65332767598815,0.2,0.9547002911852005,246,36199.61585862087,-1.3686842354900544
2023-07-28,P8,183.94113749299223,165.54702374369302,174.7291642291844,0.1,0.8723305479642555,150,24832.053561553952,-1.3686842354900544
2023-07-29,P8,183.94113749299223,147.15290999439378,191.39100407554835,0.2,0.8202153932971643,172,25310.30051903573,-1.3686842354900544
2023-07-30,P8,183.94113749299223,183.94113749299223,191.27087724144735,0.0,0.8349522969456955,125,22992.642186624027,-1.3686842354900544
2023-07-31,P8,183.94113749299223,174.7440806183426,170.9981796538711,0.05,0.9027454585782619,116,20270.313351727742,-1.3686842354900544
2023-08-01,P8,183.94113749299223,183.94113749299223,191.35075586363553,0.0,0.9700970529560223,139,25567.818111525918,-1.3686842354900544
2023-08-02,P8,183.94113749299223,183.94113749299223,197.44104151911222,0.0,0.984217840426439,126,23176.583324117022,-1.3686842354900544
2023-08-03,P8,183.94113749299223,174.7440806183426,198.09556782429024,0.05,0.9326368615241983,141,24638.915367186306,-1.3686842354900544
2023-08-04,P8,183.94113749299223,183.94113749299223,192.1388780509278,0.0,0.8522949575839563,107,19681.701711750167,-1.3686842354900544
2023-08-05,P8,183.94113749299223,165.54702374369302,191.4912119018653,0.1,0.8015005401254008,124,20527.830944217934,-1.3686842354900544
2023-08-06,P8,183.94113749299223,183.94113749299223,193.50660906754715,0.0,0.8160342626286258,94,17290.466924341268,-1.3686842354900544
2023-08-07,P8,183.94113749299223,183.94113749299223,194.11480075720638,0.0,0.8824429495415054,110,20233.525124229145,-1.3686842354900544
2023-08-08,P8,183.94113749299223,174.7440806183426,184.9342717534498,0.05,0.9484509629370268,177,30929.70226944664,-1.3686842354900544
2023-08-09,P8,183.94113749299223,183.94113749299223,193.80977260989425,0.0,0.9624387086167193,126,23176.583324117022,-1.3686842354900544
2023-08-10,P8,183.94113749299223,183.94113749299223,184.98933220980516,0.0,0.9121796117722905,108,19865.64284924316,-1.3686842354900544
2023-08-11,P8,183.94113749299223,183.94113749299223,185.72320134308117,0.0,0.8337722254348741,105,19313.819436764185,-1.3686842354900544
2023-08-12,P8,183.94113749299223,147.15290999439378,171.61258721852332,0.2,0.7842505417297306,172,25310.30051903573,-1.3686842354900544
2023-08-13,P8,183.94113749299223,183.94113749299223,178.88985505689504,0.0,0.7986503461373181,94,17290.466924341268,-1.3686842354900544
2023-08-14,P8,183.94113749299223,183.94113749299223,176.27448667393992,0.0,0.8638453181045969,103,18945.937161778198,-1.3686842354900544
2023-08-15,P8,183.94113749299223,183.94113749299223,197.00445173891512,0.0,0.9286863210817216,109,20049.583986736154,-1.3686842354900544
2023-08-16,P8,183.94113749299223,183.94113749299223,199.01747290960614,0.0,0.9426182060793168,97,17842.290336820246,-1.3686842354900544
2023-08-17,P8,183.94113749299223,165.54702374369302,190.57331473990752,0.1,0.893625224320882,157,25990.882727759803,-1.3686842354900544
2023-08-18,P8,183.94113749299223,174.7440806183426,178.61648525297585,0.05,0.8170309784603169,110,19221.848868017685,-1.3686842354900544
2023-08-19,P8,183.94113749299223,183.94113749299223,192.92090169429505,0.0,0.7687155671620952,108,19865.64284924316,-1.3686842354900544
2023-08-20,P8,183.94113749299223,165.54702374369302,192.7933285731844,0.1,0.7830526586782726,149,24666.50653781026,-1.3686842354900544
2023-08-21,P8,183.94113749299223,183.94113749299223,174.59729868824192,0.0,0.8472222774418914,105,19313.819436764185,-1.3686842354900544
2023-08-22,P8,183.94113749299223,165.54702374369302,182.16049980852554,0.1,0.9110897651973386,167,27646.352965196733,-1.3686842354900544
2023-08-23,P8,183.94113749299223,147.15290999439378,174.74504362149204,0.2,0.9250437807440827,256,37671.14495856481,-1.3686842354900544
2023-08-24,P8,183.94113749299223,183.94113749299223,181.40319629710072,0.0,0.8772427851960463,108,19865.64284924316,-1.3686842354900544
2023-08-25,P8,183.94113749299223,165.54702374369302,168.48184981665386,0.1,0.8023140075167164,130,21521.113086680092,-1.3686842354900544
2023-08-26,P8,183.94113749299223,183.94113749299223,198.59171888343087,0.0,0.7551209132468981,111,20417.466261722137,-1.3686842354900544
2023-08-27,P8,183.94113749299223,147.15290999439378,182.8595778355246,0.2,0.7694674065730551,159,23397.31268910861,-1.3686842354900544
2023-08-28,P8,183.94113749299223,183.94113749299223,177.9570115406959,0.0,0.8328149041162727,103,18945.937161778198,-1.3686842354900544
2023-08-29,P8,183.94113749299223,174.7440806183426,191.1521454696932,0.05,0.8959164903048892,137,23939.939044712934,-1.3686842354900544
2023-08-30,P8,183.94113749299223,183.94113749299223,174.7382922438189,0.0,0.9099703066825201,107,19681.701711750167,-1.3686842354900544
2023-08-31,P8,183.94113749299223,183.94113749299223,184.74430454974905,0.0,0.8632698816236097,91,16738.643511862294,-1.3686842354900544
2023-09-01,P8,183.94113749299223,183.94113749299223,202.83367508257925,0.0,0.7898347462858599,103,18945.937161778198,-1.3686842354900544
2023-09-02,P8,183.94113749299223,183.94113749299223,177.62589369272328,0.0,0.7436637372013993,90,16554.7023743693,-1.3686842354900544
2023-09-03,P8,183.94113749299223,174.7440806183426,191.85228614089866,0.05,0.7580916106886586,121,21144.033754819455,-1.3686842354900544
2023-09-04,P8,183.94113749299223,183.94113749299223,188.34220800847285,0.0,0.8208321418530182,90,16554.7023743693,-1.3686842354900544
2023-09-05,P8,183.94113749299223,183.94113749299223,210.2926554272437,0.0,0.883386547659314,103,18945.937161778198,-1.3686842354900544
