data/simulated_product_sales.csv
date,product_id,base_price,price,competitor_price,discount_pct,seasonality,demand,revenue,true_elasticity
2023-09-06,P8,183.94113749299223,183.94113749299223,199.6585770762428,0.0,0.8976163877825221,121,22256.877636652058,-1.3686842354900544
2023-09-07,P8,183.94113749299223,183.94113749299223,178.58788629880436,0.0,0.8519091564073231,114,20969.289674201114,-1.3686842354900544
2023-09-08,P8,183.94113749299223,183.94113749299223,183.1234033375806,0.0,0.7797741759411617,93,17106.525786848277,-1.3686842354900544
2023-09-09,P8,183.94113749299223,147.15290999439378,195.7647104194557,0.2,0.7345101973523122,165,24280.230149074974,-1.3686842354900544
2023-09-10,P8,183.94113749299223,174.7440806183426,170.9202109644375,0.05,0.7490902491315267,125,21843.010077292824,-1.3686842354900544
2023-09-11,P8,183.94113749299223,165.54702374369302,189.31703844234175,0.1,0.8114477713219159,135,22348.848205398557,-1.3686842354900544
2023-09-12,P8,183.94113749299223,183.94113749299223,166.51839669473802,0.0,0.8736816534440359,119,21888.995361666075,-1.3686842354900544
2023-09-13,P8,183.94113749299223,183.94113749299223,166.14087807660354,0.0,0.8881611874334453,108,19865.64284924316,-1.3686842354900544
2023-09-14,P8,183.94113749299223,165.54702374369302,182.21175707719468,0.1,0.843325369090435,146,24169.86546657918,-1.3686842354900544
2023-09-15,P8,183.94113749299223,183.94113749299223,171.6159326085213,0.0,0.7722782004582276,94,17290.466924341268,-1.3686842354900544
2023-09-16,P8,183.94113749299223,174.7440806183426,174.74730984927427,0.05,0.7277930434155159,102,17823.896223070944,-1.3686842354900544
2023-09-17,P8,183.94113749299223,183.94113749299223,194.17409847863325,0.0,0.7425938646434777,94,17290.466924341268,-1.3686842354900544
2023-09-18,P8,183.94113749299223,165.54702374369302,195.48441339298762,0.1,0.8047978898735264,147,24335.412490322873,-1.3686842354900544
2023-09-19,P8,183.94113749299223,147.15290999439378,187.02265142362734,0.2,0.8669425534220014,207,30460.652368839514,-1.3686842354900544
2023-09-20,P8,183.94113749299223,183.94113749299223,184.3101149759202,0.0,0.8817418301991875,89,16370.761236876308,-1.3686842354900544
2023-09-21,P8,183.94113749299223,183.94113749299223,181.4152233098034,0.0,0.8376430065213428,102,18761.996024285207,-1.3686842354900544
2023-09-22,P8,183.94113749299223,174.7440806183426,186.70714330899898,0.05,0.7674555306344111,122,21318.777835437795,-1.3686842354900544
2023-09-23,P8,183.94113749299223,165.54702374369302,172.38443463158887,0.1,0.7236096912859904,139,23011.03630037333,-1.3686842354900544
2023-09-24,P8,183.94113749299223,183.94113749299223,188.77242010230236,0.0,0.7386966713983996,78,14347.408724453393,-1.3686842354900544
2023-09-25,P8,183.94113749299223,165.54702374369302,186.8264674489912,0.1,0.8009789377798605,116,19203.45475426839,-1.3686842354900544
2023-09-26,P8,183.94113749299223,183.94113749299223,171.66808741202058,0.0,0.8632669817625005,117,21521.113086680092,-1.3686842354900544
2023-09-27,P8,183.94113749299223,147.15290999439378,182.3348904035176,0.2,0.8784514131616458,226,33256.55765873299,-1.3686842354900544
2023-09-28,P8,183.94113749299223,183.94113749299223,190.28946053119878,0.0,0.8349444774762147,80,14715.290999439378,-1.3686842354900544
2023-09-29,P8,183.94113749299223,183.94113749299223,197.69495202815543,0.0,0.7653761075044864,95,17474.408061834263,-1.3686842354900544
2023-09-30,P8,183.94113749299223,183.94113749299223,173.5813179731574,0.0,0.7220208102584318,85,15634.99668690434,-1.3686842354900544
2023-10-01,P8,183.94113749299223,183.94113749299223,170.66127211379532,0.0,0.737455188656004,99,18210.17261180623,-1.3686842354900544
2023-10-02,P8,183.94113749299223,165.54702374369302,196.03332202762738,0.1,0.8000462996040218,152,25163.147609041338,-1.3686842354900544
2023-10-03,P8,183.94113749299223,147.15290999439378,192.91584022564552,0.2,0.8627082436459919,196,28841.97035890118,-1.3686842354900544
2023-10-04,P8,183.94113749299223,183.94113749299223,188.6227002161647,0.0,0.878337655775158,126,23176.583324117022,-1.3686842354900544
2023-10-05,P8,183.94113749299223,183.94113749299223,181.45451635786176,0.0,0.8352689175211749,92,16922.584649355285,-1.3686842354900544
2023-10-06,P8,183.94113749299223,183.94113749299223,184.4921629420649,0.0,0.7660700880169392,101,18578.054886792215,-1.3686842354900544
2023-10-07,P8,183.94113749299223,183.94113749299223,183.56177610479762,0.0,0.7230494431674653,113,20785.348536708123,-1.3686842354900544
2023-10-08,P8,183.94113749299223,183.94113749299223,197.78217639934448,0.0,0.7388874210881491,102,18761.996024285207,-1.3686842354900544
2023-10-09,P8,183.94113749299223,183.94113749299223,176.766109845459,0.0,0.8020135009825293,110,20233.525124229145,-1.3686842354900544
2023-10-10,P8,183.94113749299223,165.54702374369302,180.24404487117235,0.1,0.8652744422027882,132,21852.20713416748,-1.3686842354900544
2023-10-11,P8,183.94113749299223,183.94113749299223,180.21821136586843,0.0,0.8814022078124882,126,23176.583324117022,-1.3686842354900544
2023-10-12,P8,183.94113749299223,183.94113749299223,175.2579426592834,0.0,0.8386116214465998,116,21337.171949187097,-1.3686842354900544
2023-10-13,P8,183.94113749299223,147.15290999439378,184.67612271876195,0.2,0.7695274076811605,180,26487.523798990882,-1.3686842354900544
2023-10-14,P8,183.94113749299223,183.94113749299223,195.56487313988993,0.0,0.7266806722076657,84,15451.055549411347,-1.3686842354900544
2023-10-15,P8,183.94113749299223,183.94113749299223,184.72760844922826,0.0,0.7429725976650939,79,14531.349861946386,-1.3686842354900544
2023-10-16,P8,183.94113749299223,183.94113749299223,179.1324325129618,0.0,0.806852012469029,96,17658.349199327255,-1.3686842354900544
2023-10-17,P8,183.94113749299223,183.94113749299223,183.27106118496553,0.0,0.8709283609969616,133,24464.171286567966,-1.3686842354900544
2023-10-18,P8,183.94113749299223,165.54702374369302,176.5969241609402,0.1,0.8876006254389054,155,25659.788680272417,-1.3686842354900544
2023-10-19,P8,183.94113749299223,183.94113749299223,186.9279574924933,0.0,0.8449241115046799,115,21153.230811694106,-1.3686842354900544
2023-10-20,P8,183.94113749299223,165.54702374369302,183.67580497609964,0.1,0.7756979265282745,150,24832.053561553952,-1.3686842354900544
2023-10-21,P8,183.94113749299223,147.15290999439378,199.01475068063363,0.2,0.7328618352798533,181,26634.676708985273,-1.3686842354900544
2023-10-22,P8,183.94113749299223,183.94113749299223,189.5560419042874,0.0,0.7496514728885013,83,15267.114411918355,-1.3686842354900544
2023-10-23,P8,183.94113749299223,183.94113749299223,186.94852462923566,0.0,0.8144916632841607,96,17658.349199327255,-1.3686842354900544
2023-10-24,P8,183.94113749299223,183.94113749299223,179.4884087945241,0.0,0.8795880037597562,113,20785.348536708123,-1.3686842354900544
2023-10-25,P8,183.94113749299223,174.7440806183426,182.3557952055256,0.05,0.8968430157613457,142,24813.65944780465,-1.3686842354900544
2023-10-26,P8,183.94113749299223,183.94113749299223,190.17692521768728,0.0,0.8541148404606269,117,21521.113086680092,-1.3686842354900544
2023-10-27,P8,183.94113749299223,165.54702374369302,181.06396265787257,0.1,0.7844921562688014,147,24335.412490322873,-1.3686842354900544
2023-10-28,P8,183.94113749299223,183.94113749299223,176.5706964015395,0.0,0.7415032897260867,86,15818.937824397331,-1.3686842354900544
2023-10-29,P8,183.94113749299223,183.94113749299223,180.47029222816633,0.0,0.7588271860025411,110,20233.525124229145,-1.3686842354900544
2023-10-30,P8,183.94113749299223,165.54702374369302,186.80591381257835,0.1,0.8248216589711513,138,22845.489276629636,-1.3686842354900544
2023-10-31,P8,183.94113749299223,183.94113749299223,203.44803594883558,0.0,0.8911277835449924,125,22992.642186624027,-1.3686842354900544
2023-11-01,P8,183.94113749299223,183.94113749299223,190.88715030888946,0.0,0.9089953405050452,114,20969.289674201114,-1.3686842354900544
2023-11-02,P8,183.94113749299223,183.94113749299223,167.27616849917533,0.0,0.8660505192614908,100,18394.113749299224,-1.3686842354900544
2023-11-03,P8,183.94113749299223,183.94113749299223,195.4904904281984,0.0,0.7957825581015031,73,13427.703036988432,-1.3686842354900544
2023-11-04,P8,183.94113749299223,183.94113749299223,168.99480484684747,0.0,0.7524797123772495,97,17842.290336820246,-1.3686842354900544
2023-11-05,P8,183.94113749299223,174.7440806183426,201.651230506571,0.05,0.7703666657223371,101,17649.152142452604,-1.3686842354900544
2023-11-06,P8,183.94113749299223,183.94113749299223,180.9372519762067,0.0,0.8376921881985278,129,23728.406736595996,-1.3686842354900544
2023-11-07,P8,183.94113749299223,183.94113749299223,197.59379219780095,0.0,0.9053803440606716,101,18578.054886792215,-1.3686842354900544
2023-11-08,P8,183.94113749299223,174.7440806183426,182.0802150585536,0.05,0.9238813599110036,134,23415.70680285791,-1.3686842354900544
2023-11-09,P8,183.94113749299223,147.15290999439378,181.54604423531862,0.2,0.8805580500679905,207,30460.652368839514,-1.3686842354900544
2023-11-10,P8,183.94113749299223,183.94113749299223,192.70755371562478,0.0,0.8094053923518744,112,20601.407399215128,-1.3686842354900544
2023-11-11,P8,183.94113749299223,183.94113749299223,185.10434147371853,0.0,0.7656319170592122,82,15083.173274425362,-1.3686842354900544
2023-11-12,P8,183.94113749299223,183.94113749299223,174.00456983782956,0.0,0.7841025601076067,89,16370.761236876308,-1.3686842354900544
2023-11-13,P8,183.94113749299223,183.94113749299223,189.583273785748,0.0,0.8529165954072029,102,18761.996024285207,-1.3686842354900544
2023-11-14,P8,183.94113749299223,147.15290999439378,184.6681446251844,0.2,0.9221389867628196,203,29872.04072886194,-1.3686842354900544
2023-11-15,P8,183.94113749299223,183.94113749299223,176.77614822225107,0.0,0.9412851886627966,116,21337.171949187097,-1.3686842354900544
2023-11-16,P8,183.94113749299223,174.7440806183426,184.90939098477438,0.05,0.8974270366154646,135,23590.45088347625,-1.3686842354900544
2023-11-17,P8,183.94113749299223,183.94113749299223,187.94127831716054,0.0,0.8251630931157922,85,15634.99668690434,-1.3686842354900544
2023-11-18,P8,183.94113749299223,147.15290999439378,194.65029849620487,0.2,0.7807691631990917,193,28400.511628918,-1.3686842354900544
2023-11-19,P8,183.94113749299223,165.54702374369302,200.59059355752714,0.1,0.7998356635933919,142,23507.677371604408,-1.3686842354900544
2023-11-20,P8,183.94113749299223,183.94113749299223,178.25399923435253,0.0,0.8702740877930036,103,18945.937161778198,-1.3686842354900544
2023-11-21,P8,183.94113749299223,183.94113749299223,191.878756584453,0.0,0.9411606685125067,116,21337.171949187097,-1.3686842354900544
2023-11-22,P8,183.94113749299223,165.54702374369302,187.2433876088638,0.1,0.9609544267752699,186,30791.7464163269,-1.3686842354900544
2023-11-23,P8,183.94113749299223,183.94113749299223,192.9002055233322,0.0,0.9164128354972885,112,20601.407399215128,-1.3686842354900544
2023-11-24,P8,183.94113749299223,183.94113749299223,170.524853590515,0.0,0.8428271334699221,111,20417.466261722137,-1.3686842354900544
2023-11-25,P8,183.94113749299223,147.15290999439378,173.42911172214187,0.2,0.7976719220509163,165,24280.230149074974,-1.3686842354900544
2023-11-26,P8,183.94113749299223,147.15290999439378,187.9910982196665,0.2,0.8173378059797397,175,25751.759249018913,-1.3686842354900544
2023-11-27,P8,183.94113749299223,183.94113749299223,190.01506640205378,0.0,0.889512937366476,112,20601.407399215128,-1.3686842354900544
2023-11-28,P8,183.94113749299223,165.54702374369302,184.32645666266393,0.1,0.962169526322358,207,34268.23391494445,-1.3686842354900544
2023-11-29,P8,183.94113749299223,174.7440806183426,186.22970625879034,0.05,0.9826038200392267,137,23939.939044712934,-1.3686842354900544
2023-11-30,P8,183.94113749299223,165.54702374369302,187.94688176030928,0.1,0.9372401041193548,162,26818.617846478268,-1.3686842354900544
2023-12-01,P8,183.94113749299223,183.94113749299223,183.60186769357125,0.0,0.8621413396960136,104,19129.878299271193,-1.3686842354900544
2023-12-02,P8,183.94113749299223,183.94113749299223,179.5212672822677,0.0,0.8160950604233574,85,15634.99668690434,-1.3686842354900544
2023-12-03,P8,183.94113749299223,183.94113749299223,187.22421178128573,0.0,0.8363551614825955,107,19681.701711750167,-1.3686842354900544
2023-12-04,P8,183.94113749299223,174.7440806183426,183.58867099642876,0.05,0.9103541316519179,146,25512.63577027802,-1.3686842354900544
2023-12-05,P8,183.94113749299223,183.94113749299223,179.8104473272238,0.0,0.9848608780747229,140,25751.759249018913,-1.3686842354900544
2023-12-06,P8,183.94113749299223,147.15290999439378,167.78311614330494,0.2,1.0059193969363103,199,29283.42908888436,-1.3686842354900544
2023-12-07,P8,183.94113749299223,183.94113749299223,182.3546816539873,0.0,0.9596067938712115,111,20417.466261722137,-1.3686842354900544
2023-12-08,P8,183.94113749299223,183.94113749299223,174.61381149864394,0.0,0.8828256064543585,117,21521.113086680092,-1.3686842354900544
2023-12-09,P8,183.94113749299223,147.15290999439378,182.2636220262701,0.2,0.8357713957373387,228,33550.86347872178,-1.3686842354900544
2023-12-10,P8,183.94113749299223,183.94113749299223,180.87404519999856,0.0,0.8566119298562165,120,22072.936499159066,-1.3686842354900544
2023-12-11,P8,183.94113749299223,147.15290999439378,182.07852196684453,0.2,0.9324954200811773,215,31637.875648794663,-1.3686842354900544
2023-12-12,P8,183.94113749299223,147.15290999439378,192.02548066607505,0.2,1.008905641190871,207,30460.652368839514,-1.3686842354900544
2023-12-13,P8,183.94113749299223,183.94113749299223,186.51002117576456,0.0,1.030563022028243,130,23912.347874088988,-1.3686842354900544
2023-12-14,P8,183.94113749299223,183.94113749299223,186.52727647441054,0.0,0.9831885306026744,149,27407.229486455843,-1.3686842354900544
2023-12-15,P8,183.94113749299223,183.94113749299223,190.63818368514796,0.0,0.9045799590269116,105,19313.819436764185,-1.3686842354900544
2023-12-16,P8,183.94113749299223,147.15290999439378,169.06791564415875,0.2,0.8564155708561075,201,29577.73490887315,-1.3686842354900544
2023-12-17,P8,183.94113749299223,183.94113749299223,179.39593773780288,0.0,0.8778143362014306,96,17658.349199327255,-1.3686842354900544
2023-12-18,P8,183.94113749299223,174.7440806183426,193.91535055066555,0.05,0.9556156973991666,141,24638.915367186306,-1.3686842354900544
2023-12-19,P8,183.94113749299223,174.7440806183426,176.33534988438979,0.05,1.0339551051692162,155,27085.3324958431,-1.3686842354900544
2023-12-20,P8,183.94113749299223,183.94113749299223,188.2384826908344,0.0,1.056177299784647,128,23544.465599103005,-1.3686842354900544
2023-12-21,P8,183.94113749299223,165.54702374369302,167.2798244877213,0.1,1.007643318877807,154,25494.241656528724,-1.3686842354900544
2023-12-22,P8,183.94113749299223,183.94113749299223,185.61590541653464,0.0,0.9270889037171608,106,19497.760574257176,-1.3686842354900544
2023-12-23,P8,183.94113749299223,183.94113749299223,189.04632902928867,0.0,0.8777281924928301,116,21337.171949187097,-1.3686842354900544
2023-12-24,P8,183.94113749299223,183.94113749299223,191.2137958617536,0.0,0.8996548914522914,115,21153.230811694106,-1.3686842354900544
2023-12-25,P8,183.94113749299223,174.7440806183426,208.59393003840606,0.05,0.979379660510513,139,24289.42720594962,-1.3686842354900544
2023-12-26,P8,183.94113749299223,165.54702374369302,177.01387947549892,0.1,1.0596459887785743,179,29632.91725012105,-1.3686842354900544
2023-12-27,P8,183.94113749299223,174.7440806183426,176.50818043763732,0.05,1.0823907577314098,156,27260.076576461444,-1.3686842354900544
2023-12-28,P8,183.94113749299223,174.7440806183426,179.6115760723103,0.05,1.0326165017825684,170,29706.493705118242,-1.3686842354900544
2023-12-29,P8,183.94113749299223,147.15290999439378,169.00690769002242,0.2,0.9500260033148417,243,35758.157128637686,-1.3686842354900544
2023-12-30,P8,183.94113749299223,147.15290999439378,154.12875048147728,0.2,0.8994001731782236,210,30902.111098822694,-1.3686842354900544
2023-12-31,P8,183.94113749299223,183.94113749299223,171.7272541209057,0.0,0.9218168517531973,118,21705.054224173084,-1.3686842354900544
