data/simulated_product_sales.csv
date,product_id,base_price,price,competitor_price,discount_pct,seasonality,demand,revenue,true_elasticity
2023-01-01,P9,152.13380140918505,136.92042126826655,156.373835543774,0.1,0.9249903641091327,147,20127.301926435182,-1.1966879485035065
2023-01-02,P9,152.13380140918505,136.92042126826655,144.43044539457054,0.1,1.0068843223245492,163,22318.02866672745,-1.1966879485035065
2023-01-03,P9,152.13380140918505,152.13380140918505,151.5949674615191,0.0,1.089314239310447,126,19168.858977557316,-1.1966879485035065
2023-01-04,P9,152.13380140918505,152.13380140918505,168.09031857424202,0.0,1.112594824704955,135,20538.063190239984,-1.1966879485035065
2023-01-05,P9,152.13380140918505,152.13380140918505,168.91772708925012,0.0,1.0613273082254189,122,18560.323771920575,-1.1966879485035065
2023-01-06,P9,152.13380140918505,152.13380140918505,142.2699576756802,0.0,0.9763372825777741,111,16886.85195641954,-1.1966879485035065
2023-01-07,P9,152.13380140918505,121.70704112734805,149.102951692302,0.2,0.9242049341968644,172,20933.611073903863,-1.1966879485035065
2023-01-08,P9,152.13380140918505,152.13380140918505,148.53491275795233,0.0,0.947126028857596,100,15213.380140918505,-1.1966879485035065
2023-01-09,P9,152.13380140918505,136.92042126826655,143.93591371344414,0.1,1.0308617641328561,159,21770.34698165438,-1.1966879485035065
2023-01-10,P9,152.13380140918505,152.13380140918505,146.93665940687833,0.0,1.1151202245401388,137,20842.330793058354,-1.1966879485035065
2023-01-11,P9,152.13380140918505,152.13380140918505,148.2799872496617,0.0,1.1388082826517179,133,20233.795587421613,-1.1966879485035065
2023-01-12,P9,152.13380140918505,152.13380140918505,142.08448398440385,0.0,1.0861891040317362,127,19320.9927789665,-1.1966879485035065
2023-01-13,P9,152.13380140918505,136.92042126826655,139.56570344137126,0.1,0.9990701659720198,164,22454.949087995716,-1.1966879485035065
2023-01-14,P9,152.13380140918505,136.92042126826655,148.52799043187042,0.1,0.9455879871538707,154,21085.74487531305,-1.1966879485035065
2023-01-15,P9,152.13380140918505,121.70704112734805,148.84286190958264,0.2,0.9688946458709589,230,27992.61945929005,-1.1966879485035065
2023-01-16,P9,152.13380140918505,152.13380140918505,141.57183428601536,0.0,1.0543916315068211,110,16734.718155010356,-1.1966879485035065
2023-01-17,P9,152.13380140918505,144.5271113387258,136.58094226819696,0.05,1.1403905277862254,140,20233.795587421613,-1.1966879485035065
2023-01-18,P9,152.13380140918505,121.70704112734805,156.5878094647625,0.2,1.164422560408122,236,28722.86170605414,-1.1966879485035065
2023-01-19,P9,152.13380140918505,152.13380140918505,159.08690309792158,0.0,1.110430179891831,114,17343.253360647097,-1.1966879485035065
2023-01-20,P9,152.13380140918505,121.70704112734805,150.05975794591913,0.2,1.0211872920527931,239,29087.982829436183,-1.1966879485035065
2023-01-21,P9,152.13380140918505,152.13380140918505,150.81119714668526,0.0,0.9663462587494526,125,19016.72517614813,-1.1966879485035065
2023-01-22,P9,152.13380140918505,152.13380140918505,150.99088083003113,0.0,0.989980514581871,113,17191.11955923791,-1.1966879485035065
2023-01-23,P9,152.13380140918505,121.70704112734805,177.8245065239097,0.2,1.0771326812487214,224,27262.377212525964,-1.1966879485035065
2023-01-24,P9,152.13380140918505,152.13380140918505,143.79535137802182,0.0,1.164758665083878,108,16430.450552191985,-1.1966879485035065
2023-01-25,P9,152.13380140918505,152.13380140918505,153.00812784310625,0.0,1.1890661855000546,155,23580.739218423685,-1.1966879485035065
2023-01-26,P9,152.13380140918505,152.13380140918505,154.73193846433296,0.0,1.133698978267734,135,20538.063190239984,-1.1966879485035065
2023-01-27,P9,152.13380140918505,152.13380140918505,148.18868290355624,0.0,1.0423679059807958,140,21298.732197285906,-1.1966879485035065
2023-01-28,P9,152.13380140918505,152.13380140918505,151.99417130087943,0.0,0.9861787010063351,105,15974.049147964432,-1.1966879485035065
2023-01-29,P9,152.13380140918505,136.92042126826655,158.49667699553964,0.1,1.010077836017848,135,18484.256871215985,-1.1966879485035065
2023-01-30,P9,152.13380140918505,152.13380140918505,153.4376626016637,0.0,1.0987551100319954,133,20233.795587421613,-1.1966879485035065
2023-01-31,P9,152.13380140918505,144.5271113387258,148.08594776374974,0.05,1.1878712361796298,149,21534.539589470143,-1.1966879485035065
2023-02-01,P9,152.13380140918505,152.13380140918505,152.95835328657282,0.0,1.212381762397138,121,18408.18997051139,-1.1966879485035065
2023-02-02,P9,152.13380140918505,136.92042126826655,145.5594512891377,0.1,1.155658042129248,192,26288.72088350718,-1.1966879485035065
2023-02-03,P9,152.13380140918505,152.13380140918505,140.56811378059894,0.0,1.0623048347358133,95,14452.71113387258,-1.1966879485035065
2023-02-04,P9,152.13380140918505,152.13380140918505,144.49607883523566,0.0,1.0047976928382278,126,19168.858977557316,-1.1966879485035065
2023-02-05,P9,152.13380140918505,152.13380140918505,137.5796759804877,0.0,1.0288951476677128,125,19016.72517614813,-1.1966879485035065
2023-02-06,P9,152.13380140918505,144.5271113387258,151.4615732004642,0.05,1.1189453373921527,179,25870.352929631918,-1.1966879485035065
2023-02-07,P9,152.13380140918505,144.5271113387258,164.81227588198507,0.05,1.2093930497380205,163,23557.919148212306,-1.1966879485035065
2023-02-08,P9,152.13380140918505,136.92042126826655,167.15000616156036,0.1,1.234031155661095,191,26151.800462238913,-1.1966879485035065
2023-02-09,P9,152.13380140918505,136.92042126826655,137.36665375960712,0.1,1.1759889089431173,149,20401.142768971717,-1.1966879485035065
2023-02-10,P9,152.13380140918505,136.92042126826655,146.64504903539876,0.1,1.0807089419103597,164,22454.949087995716,-1.1966879485035065
2023-02-11,P9,152.13380140918505,152.13380140918505,153.1108888669473,0.0,1.02193321129047,110,16734.718155010356,-1.1966879485035065
2023-02-12,P9,152.13380140918505,152.13380140918505,147.25665850721532,0.0,1.0461595504327208,116,17647.520963465468,-1.1966879485035065
2023-02-13,P9,152.13380140918505,144.5271113387258,144.7975575406612,0.05,1.1374105534447334,148,21390.01247813142,-1.1966879485035065
2023-02-14,P9,152.13380140918505,121.70704112734805,158.7054000983203,0.2,1.2290119844724003,257,31278.70956972845,-1.1966879485035065
2023-02-15,P9,152.13380140918505,136.92042126826655,156.3264317580736,0.1,1.253700393773568,185,25330.277934629314,-1.1966879485035065
2023-02-16,P9,152.13380140918505,152.13380140918505,145.85606124550307,0.0,1.1943967291934574,130,19777.394183194057,-1.1966879485035065
2023-02-17,P9,152.13380140918505,152.13380140918505,163.11253726493305,0.0,1.097313320926355,102,15517.647743736876,-1.1966879485035065
2023-02-18,P9,152.13380140918505,152.13380140918505,152.63423526961205,0.0,1.0373367475628068,138,20994.464594467536,-1.1966879485035065
2023-02-19,P9,152.13380140918505,121.70704112734805,148.87157043751776,0.2,1.0616206663607712,223,27140.670171398615,-1.1966879485035065
2023-02-20,P9,152.13380140918505,152.13380140918505,150.9161644013678,0.0,1.1538829653767877,129,19625.260381784872,-1.1966879485035065
2023-02-21,P9,152.13380140918505,152.13380140918505,158.12735024375132,0.0,1.2464435157010845,149,22667.936409968574,-1.1966879485035065
2023-02-22,P9,152.13380140918505,144.5271113387258,153.2758367973556,0.05,1.2711042225253613,178,25725.825818293193,-1.1966879485035065
2023-02-23,P9,152.13380140918505,152.13380140918505,148.5053667480777,0.0,1.210614542453102,150,22820.07021137776,-1.1966879485035065
2023-02-24,P9,152.13380140918505,152.13380140918505,153.2655295866504,0.0,1.1118771658624753,125,19016.72517614813,-1.1966879485035065
2023-02-25,P9,152.13380140918505,152.13380140918505,152.02203058394775,0.0,1.0507849110219516,123,18712.45757332976,-1.1966879485035065
2023-02-26,P9,152.13380140918505,152.13380140918505,136.99689687778928,0.0,1.0750542697664494,127,19320.9927789665,-1.1966879485035065
2023-02-27,P9,152.13380140918505,152.13380140918505,152.69672699200498,0.0,1.1681236811268956,135,20538.063190239984,-1.1966879485035065
2023-02-28,P9,152.13380140918505,152.13380140918505,156.5752185971025,0.0,1.2614348416822214,163,24797.809629697163,-1.1966879485035065
2023-03-01,P9,152.13380140918505,144.5271113387258,156.78972329035105,0.05,1.2859902419313196,161,23268.864925534854,-1.1966879485035065
2023-03-02,P9,152.13380140918505,152.13380140918505,168.81869232341703,0.0,1.2244071489919024,153,23276.471615605315,-1.1966879485035065
2023-03-03,P9,152.13380140918505,152.13380140918505,141.56153108528795,0.0,1.124189263755292,127,19320.9927789665,-1.1966879485035065
2023-03-04,P9,152.13380140918505,152.13380140918505,157.11796054503168,0.0,1.062082668936553,125,19016.72517614813,-1.1966879485035065
2023-03-05,P9,152.13380140918505,136.92042126826655,156.615664204552,0.1,1.0862655390763807,143,19579.620241362118,-1.1966879485035065
2023-03-06,P9,152.13380140918505,152.13380140918505,156.45930476342951,0.0,1.1799261739304487,140,21298.732197285906,-1.1966879485035065
2023-03-07,P9,152.13380140918505,152.13380140918505,147.65005834342966,0.0,1.2737685498849796,152,23124.33781419613,-1.1966879485035065
2023-03-08,P9,152.13380140918505,121.70704112734805,154.03250319644155,0.2,1.2981425666750193,191,23246.04485532348,-1.1966879485035065
2023-03-09,P9,152.13380140918505,152.13380140918505,148.6087275724999,0.0,1.2355745207737707,126,19168.858977557316,-1.1966879485035065
2023-03-10,P9,152.13380140918505,121.70704112734805,158.29261530423625,0.2,1.1340710577269086,226,27505.791294780658,-1.1966879485035065
2023-03-11,P9,152.13380140918505,152.13380140918505,159.68631258763867,0.0,1.0710661749501227,128,19473.126580375687,-1.1966879485035065
2023-03-12,P9,152.13380140918505,152.13380140918505,153.07268894005512,0.0,1.0950918822398308,107,16278.3167507828,-1.1966879485035065
2023-03-13,P9,152.13380140918505,152.13380140918505,145.83525528718792,0.0,1.1891192774854284,146,22211.535005741018,-1.1966879485035065
2023-03-14,P9,152.13380140918505,152.13380140918505,155.14539818250023,0.0,1.283265770026752,145,22059.401204331833,-1.1966879485035065
